Component: ARM Compiler 6.16 Tool: armlink [5dfeaa00]

==============================================================================

Section Cross References

    main.o(.text.main) refers to rcc_clock_config.o(.text.SysClockConfig) for SysClockConfig
    main.o(.text.main) refers to rcc_clock_config.o(.text.GPIOA_CLOCK_ENABLE) for GPIOA_CLOCK_ENABLE
    main.o(.text.main) refers to rcc_clock_config.o(.text.GPIOB_CLOCK_ENABLE) for GPIOB_CLOCK_ENABLE
    main.o(.text.main) refers to rcc_clock_config.o(.text.GPIOC_CLOCK_ENABLE) for GPIOC_CLOCK_ENABLE
    main.o(.text.main) refers to rcc_clock_config.o(.text.TIM6_CLOCK_ENABLE) for TIM6_CLOCK_ENABLE
    main.o(.text.main) refers to rcc_clock_config.o(.text.TIM7_CLOCK_ENABLE) for TIM7_CLOCK_ENABLE
    main.o(.text.main) refers to rcc_clock_config.o(.text.USART2_CLOCK_ENABLE) for USART2_CLOCK_ENABLE
    main.o(.text.main) refers to rcc_clock_config.o(.text.SPI2_CLOCK_ENABLE) for SPI2_CLOCK_ENABLE
    main.o(.text.main) refers to timer_config.o(.text.TIMER7_PSC_90) for TIMER7_PSC_90
    main.o(.text.main) refers to timer_config.o(.text.TIMER7_ARR_MAX) for TIMER7_ARR_MAX
    main.o(.text.main) refers to timer_config.o(.text.Enable_TIMER7) for Enable_TIMER7
    main.o(.text.main) refers to lcd_driver.o(.text.LCD_GPIO_CONFIG) for LCD_GPIO_CONFIG
    main.o(.text.main) refers to lcd_driver.o(.text.LCD_INIT) for LCD_INIT
    main.o(.text.main) refers to lcd_driver.o(.text.LCD_FUNCTION_SET_8BIT_INTERFACE) for LCD_FUNCTION_SET_8BIT_INTERFACE
    main.o(.text.main) refers to lcd_driver.o(.text.LCD_RETURN_HOME) for LCD_RETURN_HOME
    main.o(.text.main) refers to lcd_driver.o(.text.LCD_CLEAR_DISPLAY) for LCD_CLEAR_DISPLAY
    main.o(.text.main) refers to lcd_driver.o(.text.LCD_CURSOR_ON) for LCD_CURSOR_ON
    main.o(.text.main) refers to lcd_driver.o(.text.LCD_ENTRY_MODE_CURSOR_RIGHT) for LCD_ENTRY_MODE_CURSOR_RIGHT
    main.o(.text.main) refers to gpio_config.o(.text.GPIOA_PA2_AF_Mode) for GPIOA_PA2_AF_Mode
    main.o(.text.main) refers to gpio_config.o(.text.GPIOA_PA2_AF7_USART2) for GPIOA_PA2_AF7_USART2
    main.o(.text.main) refers to gpio_config.o(.text.GPIOA_PA2_Output_Speed_HIGH) for GPIOA_PA2_Output_Speed_HIGH
    main.o(.text.main) refers to gpio_config.o(.text.GPIOA_PA3_AF_Mode) for GPIOA_PA3_AF_Mode
    main.o(.text.main) refers to gpio_config.o(.text.GPIOA_PA3_AF7_USART2) for GPIOA_PA3_AF7_USART2
    main.o(.text.main) refers to gpio_config.o(.text.GPIOA_PA3_Output_Speed_HIGH) for GPIOA_PA3_Output_Speed_HIGH
    main.o(.text.main) refers to gpio_config.o(.text.GPIOC_PC1_AF_Mode) for GPIOC_PC1_AF_Mode
    main.o(.text.main) refers to gpio_config.o(.text.GPIOC_PC1_Output_Speed_HIGH) for GPIOC_PC1_Output_Speed_HIGH
    main.o(.text.main) refers to gpio_config.o(.text.GPIOC_PC1_AF7_SPI2) for GPIOC_PC1_AF7_SPI2
    main.o(.text.main) refers to gpio_config.o(.text.GPIOC_PC2_AF_Mode) for GPIOC_PC2_AF_Mode
    main.o(.text.main) refers to gpio_config.o(.text.GPIOC_PC2_Output_Speed_HIGH) for GPIOC_PC2_Output_Speed_HIGH
    main.o(.text.main) refers to gpio_config.o(.text.GPIOC_PC2_AF5_SPI2) for GPIOC_PC2_AF5_SPI2
    main.o(.text.main) refers to gpio_config.o(.text.GPIOC_PC7_AF_Mode) for GPIOC_PC7_AF_Mode
    main.o(.text.main) refers to gpio_config.o(.text.GPIOC_PC7_Output_Speed_HIGH) for GPIOC_PC7_Output_Speed_HIGH
    main.o(.text.main) refers to gpio_config.o(.text.GPIOC_PC7_AF5_SPI2) for GPIOC_PC7_AF5_SPI2
    main.o(.text.main) refers to gpio_config.o(.text.GPIOA_PA9_OUTPUT_MODE) for GPIOA_PA9_OUTPUT_MODE
    main.o(.text.main) refers to usart_config.o(.text.USART2_Enable) for USART2_Enable
    main.o(.text.main) refers to usart_config.o(.text.USART2_Baud_Rate_115200) for USART2_Baud_Rate_115200
    main.o(.text.main) refers to usart_config.o(.text.USART2_Word_Length_8) for USART2_Word_Length_8
    main.o(.text.main) refers to usart_config.o(.text.USART2_Enable_RE) for USART2_Enable_RE
    main.o(.text.main) refers to usart_config.o(.text.USART2_Enable_TE) for USART2_Enable_TE
    main.o(.text.main) refers to timer_config.o(.text.Timer6_PSC_9000) for Timer6_PSC_9000
    main.o(.text.main) refers to timer_config.o(.text.TIMER6_ARR_5000) for TIMER6_ARR_5000
    main.o(.text.main) refers to timer_config.o(.text.Timer6_Interrupt_Enable) for Timer6_Interrupt_Enable
    main.o(.text.main) refers to main.o(.text.__NVIC_EnableIRQ) for __NVIC_EnableIRQ
    main.o(.text.main) refers to spi_master.o(.text.SPI2_MASTER_MODE) for SPI2_MASTER_MODE
    main.o(.text.main) refers to spi_master.o(.text.SPI2_BAUD_RATE_DIV_8) for SPI2_BAUD_RATE_DIV_8
    main.o(.text.main) refers to spi_master.o(.text.SPI2_MSB_FIRST) for SPI2_MSB_FIRST
    main.o(.text.main) refers to spi_master.o(.text.SPI2_SSM_Enable) for SPI2_SSM_Enable
    main.o(.text.main) refers to spi_master.o(.text.SPI2_FULL_DUPLEX_MODE) for SPI2_FULL_DUPLEX_MODE
    main.o(.text.main) refers to spi_master.o(.text.SPI2_DFF_8BIT) for SPI2_DFF_8BIT
[...]
    _signal_finish                            - Undefined Weak Reference
    _signal_init                              - Undefined Weak Reference
    _terminate_alloc                          - Undefined Weak Reference
    _terminate_user_alloc                     - Undefined Weak Reference
    _terminateio                              - Undefined Weak Reference
    __Vectors_Size                           0x000001c4   Number         0  startup_stm32f446xx.o ABSOLUTE
    __Vectors                                0x08000000   Data           4  startup_stm32f446xx.o(RESET)
    __Vectors_End                            0x080001c4   Data           0  startup_stm32f446xx.o(RESET)
    __main                                   0x080001c5   Thumb Code     8  __main.o(!!!main)
    __scatterload                            0x080001cd   Thumb Code     0  __scatter.o(!!!scatter)
    __scatterload_rt2                        0x080001cd   Thumb Code    44  __scatter.o(!!!scatter)
    __scatterload_rt2_thumb_only             0x080001cd   Thumb Code     0  __scatter.o(!!!scatter)
    __scatterload_null                       0x080001db   Thumb Code     0  __scatter.o(!!!scatter)
    __scatterload_copy                       0x08000201   Thumb Code    26  __scatter_copy.o(!!handler_copy)
    __scatterload_zeroinit                   0x0800021d   Thumb Code    28  __scatter_zi.o(!!handler_zi)
    _printf_n                                0x08000239   Thumb Code     0  _printf_n.o(.ARM.Collect$$_printf_percent$$00000001)
    _printf_percent                          0x08000239   Thumb Code     0  _printf_percent.o(.ARM.Collect$$_printf_percent$$00000000)
    _printf_p                                0x0800023f   Thumb Code     0  _printf_p.o(.ARM.Collect$$_printf_percent$$00000002)
    _printf_f                                0x08000245   Thumb Code     0  _printf_f.o(.ARM.Collect$$_printf_percent$$00000003)
    _printf_e                                0x0800024b   Thumb Code     0  _printf_e.o(.ARM.Collect$$_printf_percent$$00000004)
    _printf_g                                0x08000251   Thumb Code     0  _printf_g.o(.ARM.Collect$$_printf_percent$$00000005)
    _printf_a                                0x08000257   Thumb Code     0  _printf_a.o(.ARM.Collect$$_printf_percent$$00000006)
    _printf_ll                               0x0800025d   Thumb Code     0  _printf_ll.o(.ARM.Collect$$_printf_percent$$00000007)
    _printf_i                                0x08000267   Thumb Code     0  _printf_i.o(.ARM.Collect$$_printf_percent$$00000008)
    _printf_d                                0x0800026d   Thumb Code     0  _printf_d.o(.ARM.Collect$$_printf_percent$$00000009)
    _printf_u                                0x08000273   Thumb Code     0  _printf_u.o(.ARM.Collect$$_printf_percent$$0000000A)
    _printf_o                                0x08000279   Thumb Code     0  _printf_o.o(.ARM.Collect$$_printf_percent$$0000000B)
    _printf_x                                0x0800027f   Thumb Code     0  _printf_x.o(.ARM.Collect$$_printf_percent$$0000000C)
    _printf_lli                              0x08000285   Thumb Code     0  _printf_lli.o(.ARM.Collect$$_printf_percent$$0000000D)
    _printf_lld                              0x0800028b   Thumb Code     0  _printf_lld.o(.ARM.Collect$$_printf_percent$$0000000E)
    _printf_llu                              0x08000291   Thumb Code     0  _printf_llu.o(.ARM.Collect$$_printf_percent$$0000000F)
    _printf_llo                              0x08000297   Thumb Code     0  _printf_llo.o(.ARM.Collect$$_printf_percent$$00000010)
    _printf_llx                              0x0800029d   Thumb Code     0  _printf_llx.o(.ARM.Collect$$_printf_percent$$00000011)
    _printf_l                                0x080002a3   Thumb Code     0  _printf_l.o(.ARM.Collect$$_printf_percent$$00000012)
    _printf_c                                0x080002ad   Thumb Code     0  _printf_c.o(.ARM.Collect$$_printf_percent$$00000013)
    _printf_s                                0x080002b3   Thumb Code     0  _printf_s.o(.ARM.Collect$$_printf_percent$$00000014)
    _printf_lc                               0x080002b9   Thumb Code     0  _printf_lc.o(.ARM.Collect$$_printf_percent$$00000015)
    _printf_ls                               0x080002bf   Thumb Code     0  _printf_ls.o(.ARM.Collect$$_printf_percent$$00000016)
    _printf_percent_end                      0x080002c5   Thumb Code     0  _printf_percent_end.o(.ARM.Collect$$_printf_percent$$00000017)
    __rt_lib_init                            0x080002c9   Thumb Code     0  libinit.o(.ARM.Collect$$libinit$$00000000)
    __rt_lib_init_fp_1                       0x080002cb   Thumb Code     0  libinit2.o(.ARM.Collect$$libinit$$00000001)
    __rt_lib_init_heap_1                     0x080002cf   Thumb Code     0  libinit2.o(.ARM.Collect$$libinit$$0000000A)
    __rt_lib_init_lc_common                  0x080002cf   Thumb Code     0  libinit2.o(.ARM.Collect$$libinit$$0000000F)
    __rt_lib_init_preinit_1                  0x080002cf   Thumb Code     0  libinit2.o(.ARM.Collect$$libinit$$00000004)
    __rt_lib_init_rand_1                     0x080002cf   Thumb Code     0  libinit2.o(.ARM.Collect$$libinit$$0000000E)
    __rt_lib_init_user_alloc_1               0x080002cf   Thumb Code     0  libinit2.o(.ARM.Collect$$libinit$$0000000C)
    __rt_lib_init_lc_collate_1               0x080002d5   Thumb Code     0  libinit2.o(.ARM.Collect$$libinit$$00000011)
    __rt_lib_init_lc_ctype_2                 0x080002d5   Thumb Code     0  libinit2.o(.ARM.Collect$$libinit$$00000012)
    __rt_lib_init_lc_ctype_1                 0x080002e1   Thumb Code     0  libinit2.o(.ARM.Collect$$libinit$$00000013)
    __rt_lib_init_lc_monetary_1              0x080002e1   Thumb Code     0  libinit2.o(.ARM.Collect$$libinit$$00000015)
    __rt_lib_init_lc_numeric_2               0x080002e1   Thumb Code     0  libinit2.o(.ARM.Collect$$libinit$$00000016)
    __rt_lib_init_alloca_1                   0x080002eb   Thumb Code     0  libinit2.o(.ARM.Collect$$libinit$$0000002E)
    __rt_lib_init_argv_1                     0x080002eb   Thumb Code     0  libinit2.o(.ARM.Collect$$libinit$$0000002C)
    __rt_lib_init_atexit_1                   0x080002eb   Thumb Code     0  libinit2.o(.ARM.Collect$$libinit$$0000001B)
    __rt_lib_init_clock_1                    0x080002eb   Thumb Code     0  libinit2.o(.ARM.Collect$$libinit$$00000021)
    __rt_lib_init_cpp_1                      0x080002eb   Thumb Code     0  libinit2.o(.ARM.Collect$$libinit$$00000032)
    __rt_lib_init_exceptions_1               0x080002eb   Thumb Code     0  libinit2.o(.ARM.Collect$$libinit$$00000030)
    __rt_lib_init_fp_trap_1                  0x080002eb   Thumb Code     0  libinit2.o(.ARM.Collect$$libinit$$0000001F)
    __rt_lib_init_getenv_1                   0x080002eb   Thumb Code     0  libinit2.o(.ARM.Collect$$libinit$$00000023)
    __rt_lib_init_lc_numeric_1               0x080002eb   Thumb Code     0  libinit2.o(.ARM.Collect$$libinit$$00000017)
    __rt_lib_init_lc_time_1                  0x080002eb   Thumb Code     0  libinit2.o(.ARM.Collect$$libinit$$00000019)
    __rt_lib_init_return                     0x080002eb   Thumb Code     0  libinit2.o(.ARM.Collect$$libinit$$00000033)
    __rt_lib_init_signal_1                   0x080002eb   Thumb Code     0  libinit2.o(.ARM.Collect$$libinit$$0000001D)
    __rt_lib_init_stdio_1                    0x080002eb   Thumb Code     0  libinit2.o(.ARM.Collect$$libinit$$00000025)
    __rt_lib_shutdown                        0x080002ed   Thumb Code     0  libshutdown.o(.ARM.Collect$$libshutdown$$00000000)
    __rt_lib_shutdown_cpp_1                  0x080002ef   Thumb Code     0  libshutdown2.o(.ARM.Collect$$libshutdown$$00000002)
    __rt_lib_shutdown_fp_trap_1              0x080002ef   Thumb Code     0  libshutdown2.o(.ARM.Collect$$libshutdown$$00000007)
    __rt_lib_shutdown_heap_1                 0x080002ef   Thumb Code     0  libshutdown2.o(.ARM.Collect$$libshutdown$$0000000F)
    __rt_lib_shutdown_return                 0x080002ef   Thumb Code     0  libshutdown2.o(.ARM.Collect$$libshutdown$$00000010)
    __rt_lib_shutdown_signal_1               0x080002ef   Thumb Code     0  libshutdown2.o(.ARM.Collect$$libshutdown$$0000000A)
    __rt_lib_shutdown_stdio_1                0x080002ef   Thumb Code     0  libshutdown2.o(.ARM.Collect$$libshutdown$$00000004)
    __rt_lib_shutdown_user_alloc_1           0x080002ef   Thumb Code     0  libshutdown2.o(.ARM.Collect$$libshutdown$$0000000C)
    __rt_entry                               0x080002f1   Thumb Code     0  __rtentry.o(.ARM.Collect$$rtentry$$00000000)
    __rt_entry_presh_1                       0x080002f1   Thumb Code     0  __rtentry2.o(.ARM.Collect$$rtentry$$00000002)
    __rt_entry_sh                            0x080002f1   Thumb Code     0  __rtentry4.o(.ARM.Collect$$rtentry$$00000004)
    __rt_entry_li                            0x080002f7   Thumb Code     0  __rtentry2.o(.ARM.Collect$$rtentry$$0000000A)
    __rt_entry_postsh_1                      0x080002f7   Thumb Code     0  __rtentry2.o(.ARM.Collect$$rtentry$$00000009)
    __rt_entry_main                          0x080002fb   Thumb Code     0  __rtentry2.o(.ARM.Collect$$rtentry$$0000000D)
    __rt_entry_postli_1                      0x080002fb   Thumb Code     0  __rtentry2.o(.ARM.Collect$$rtentry$$0000000C)
    __rt_exit                                0x08000303   Thumb Code     0  rtexit.o(.ARM.Collect$$rtexit$$00000000)
    __rt_exit_ls                             0x08000305   Thumb Code     0  rtexit2.o(.ARM.Collect$$rtexit$$00000003)
    __rt_exit_prels_1                        0x08000305   Thumb Code     0  rtexit2.o(.ARM.Collect$$rtexit$$00000002)
    __rt_exit_exit                           0x08000309   Thumb Code     0  rtexit2.o(.ARM.Collect$$rtexit$$00000004)
    Reset_Handler                            0x08000311   Thumb Code     8  startup_stm32f446xx.o(.text)
    NMI_Handler                              0x08000319   Thumb Code     2  startup_stm32f446xx.o(.text)
    HardFault_Handler                        0x0800031b   Thumb Code     2  startup_stm32f446xx.o(.text)
    MemManage_Handler                        0x0800031d   Thumb Code     2  startup_stm32f446xx.o(.text)
    BusFault_Handler                         0x0800031f   Thumb Code     2  startup_stm32f446xx.o(.text)
    UsageFault_Handler                       0x08000321   Thumb Code     2  startup_stm32f446xx.o(.text)
    SVC_Handler                              0x08000323   Thumb Code     2  startup_stm32f446xx.o(.text)
    DebugMon_Handler                         0x08000325   Thumb Code     2  startup_stm32f446xx.o(.text)
    PendSV_Handler                           0x08000327   Thumb Code     2  startup_stm32f446xx.o(.text)
    SysTick_Handler                          0x08000329   Thumb Code     2  startup_stm32f446xx.o(.text)
    ADC_IRQHandler                           0x0800032b   Thumb Code     0  startup_stm32f446xx.o(.text)
    CAN1_RX0_IRQHandler                      0x0800032b   Thumb Code     0  startup_stm32f446xx.o(.text)
    CAN1_RX1_IRQHandler                      0x0800032b   Thumb Code     0  startup_stm32f446xx.o(.text)
    CAN1_SCE_IRQHandler                      0x0800032b   Thumb Code     0  startup_stm32f446xx.o(.text)
    CAN1_TX_IRQHandler                       0x0800032b   Thumb Code     0  startup_stm32f446xx.o(.text)
    CAN2_RX0_IRQHandler                      0x0800032b   Thumb Code     0  startup_stm32f446xx.o(.text)
    CAN2_RX1_IRQHandler                      0x0800032b   Thumb Code     0  startup_stm32f446xx.o(.text)
    CAN2_SCE_IRQHandler                      0x0800032b   Thumb Code     0  startup_stm32f446xx.o(.text)
    CAN2_TX_IRQHandler                       0x0800032b   Thumb Code     0  startup_stm32f446xx.o(.text)
    CEC_IRQHandler                           0x0800032b   Thumb Code     0  startup_stm32f446xx.o(.text)
    DCMI_IRQHandler                          0x0800032b   Thumb Code     0  startup_stm32f446xx.o(.text)
    DMA1_Stream0_IRQHandler                  0x0800032b   Thumb Code     0  startup_stm32f446xx.o(.text)
    DMA1_Stream1_IRQHandler                  0x0800032b   Thumb Code     0  startup_stm32f446xx.o(.text)
    DMA1_Stream2_IRQHandler                  0x0800032b   Thumb Code     0  startup_stm32f446xx.o(.text)
    DMA1_Stream3_IRQHandler                  0x0800032b   Thumb Code     0  startup_stm32f446xx.o(.text)
    DMA1_Stream4_IRQHandler                  0x0800032b   Thumb Code     0  startup_stm32f446xx.o(.text)
    DMA1_Stream5_IRQHandler                  0x0800032b   Thumb Code     0  startup_stm32f446xx.o(.text)
    DMA1_Stream6_IRQHandler                  0x0800032b   Thumb Code     0  startup_stm32f446xx.o(.text)
    DMA1_Stream7_IRQHandler                  0x0800032b   Thumb Code     0  startup_stm32f446xx.o(.text)
    DMA2_Stream0_IRQHandler                  0x0800032b   Thumb Code     0  startup_stm32f446xx.o(.text)
    DMA2_Stream1_IRQHandler                  0x0800032b   Thumb Code     0  startup_stm32f446xx.o(.text)
    DMA2_Stream2_IRQHandler                  0x0800032b   Thumb Code     0  startup_stm32f446xx.o(.text)
    DMA2_Stream3_IRQHandler                  0x0800032b   Thumb Code     0  startup_stm32f446xx.o(.text)
    DMA2_Stream4_IRQHandler                  0x0800032b   Thumb Code     0  startup_stm32f446xx.o(.text)
    DMA2_Stream5_IRQHandler                  0x0800032b   Thumb Code     0  startup_stm32f446xx.o(.text)
    DMA2_Stream6_IRQHandler                  0x0800032b   Thumb Code     0  startup_stm32f446xx.o(.text)
    DMA2_Stream7_IRQHandler                  0x0800032b   Thumb Code     0  startup_stm32f446xx.o(.text)
    EXTI0_IRQHandler                         0x0800032b   Thumb Code     0  startup_stm32f446xx.o(.text)
    EXTI15_10_IRQHandler                     0x0800032b   Thumb Code     0  startup_stm32f446xx.o(.text)
    EXTI1_IRQHandler                         0x0800032b   Thumb Code     0  startup_stm32f446xx.o(.text)
    EXTI2_IRQHandler                         0x0800032b   Thumb Code     0  startup_stm32f446xx.o(.text)
    EXTI3_IRQHandler                         0x0800032b   Thumb Code     0  startup_stm32f446xx.o(.text)
    EXTI4_IRQHandler                         0x0800032b   Thumb Code     0  startup_stm32f446xx.o(.text)
    EXTI9_5_IRQHandler                       0x0800032b   Thumb Code     0  startup_stm32f446xx.o(.text)
    FLASH_IRQHandler                         0x0800032b   Thumb Code     0  startup_stm32f446xx.o(.text)
    FMC_IRQHandler                           0x0800032b   Thumb Code     0  startup_stm32f446xx.o(.text)
    FMPI2C1_ER_IRQHandler                    0x0800032b   Thumb Code     0  startup_stm32f446xx.o(.text)
    FMPI2C1_EV_IRQHandler                    0x0800032b   Thumb Code     0  startup_stm32f446xx.o(.text)
    FPU_IRQHandler                           0x0800032b   Thumb Code     0  startup_stm32f446xx.o(.text)
    I2C1_ER_IRQHandler                       0x0800032b   Thumb Code     0  startup_stm32f446xx.o(.text)
    I2C1_EV_IRQHandler                       0x0800032b   Thumb Code     0  startup_stm32f446xx.o(.text)
    I2C2_ER_IRQHandler                       0x0800032b   Thumb Code     0  startup_stm32f446xx.o(.text)
    I2C2_EV_IRQHandler                       0x0800032b   Thumb Code     0  startup_stm32f446xx.o(.text)
    I2C3_ER_IRQHandler                       0x0800032b   Thumb Code     0  startup_stm32f446xx.o(.text)
    I2C3_EV_IRQHandler                       0x0800032b   Thumb Code     0  startup_stm32f446xx.o(.text)
    OTG_FS_IRQHandler                        0x0800032b   Thumb Code     0  startup_stm32f446xx.o(.text)
    OTG_FS_WKUP_IRQHandler                   0x0800032b   Thumb Code     0  startup_stm32f446xx.o(.text)
    OTG_HS_EP1_IN_IRQHandler                 0x0800032b   Thumb Code     0  startup_stm32f446xx.o(.text)
    OTG_HS_EP1_OUT_IRQHandler                0x0800032b   Thumb Code     0  startup_stm32f446xx.o(.text)
    OTG_HS_IRQHandler                        0x0800032b   Thumb Code     0  startup_stm32f446xx.o(.text)
    OTG_HS_WKUP_IRQHandler                   0x0800032b   Thumb Code     0  startup_stm32f446xx.o(.text)
    PVD_IRQHandler                           0x0800032b   Thumb Code     0  startup_stm32f446xx.o(.text)
    QUADSPI_IRQHandler                       0x0800032b   Thumb Code     0  startup_stm32f446xx.o(.text)
    RCC_IRQHandler                           0x0800032b   Thumb Code     0  startup_stm32f446xx.o(.text)
    RTC_Alarm_IRQHandler                     0x0800032b   Thumb Code     0  startup_stm32f446xx.o(.text)
    RTC_WKUP_IRQHandler                      0x0800032b   Thumb Code     0  startup_stm32f446xx.o(.text)
    SAI1_IRQHandler                          0x0800032b   Thumb Code     0  startup_stm32f446xx.o(.text)
    SAI2_IRQHandler                          0x0800032b   Thumb Code     0  startup_stm32f446xx.o(.text)
    SDIO_IRQHandler                          0x0800032b   Thumb Code     0  startup_stm32f446xx.o(.text)
    SPDIF_RX_IRQHandler                      0x0800032b   Thumb Code     0  startup_stm32f446xx.o(.text)
    SPI1_IRQHandler                          0x0800032b   Thumb Code     0  startup_stm32f446xx.o(.text)
    SPI3_IRQHandler                          0x0800032b   Thumb Code     0  startup_stm32f446xx.o(.text)
    SPI4_IRQHandler                          0x0800032b   Thumb Code     0  startup_stm32f446xx.o(.text)
    TAMP_STAMP_IRQHandler                    0x0800032b   Thumb Code     0  startup_stm32f446xx.o(.text)
    TIM1_BRK_TIM9_IRQHandler                 0x0800032b   Thumb Code     0  startup_stm32f446xx.o(.text)
    TIM1_CC_IRQHandler                       0x0800032b   Thumb Code     0  startup_stm32f446xx.o(.text)
    TIM1_TRG_COM_TIM11_IRQHandler            0x0800032b   Thumb Code     0  startup_stm32f446xx.o(.text)
    TIM1_UP_TIM10_IRQHandler                 0x0800032b   Thumb Code     0  startup_stm32f446xx.o(.text)
    TIM2_IRQHandler                          0x0800032b   Thumb Code     0  startup_stm32f446xx.o(.text)
    TIM3_IRQHandler                          0x0800032b   Thumb Code     0  startup_stm32f446xx.o(.text)
    TIM4_IRQHandler                          0x0800032b   Thumb Code     0  startup_stm32f446xx.o(.text)
    TIM5_IRQHandler                          0x0800032b   Thumb Code     0  startup_stm32f446xx.o(.text)
    TIM7_IRQHandler                          0x0800032b   Thumb Code     0  startup_stm32f446xx.o(.text)
    TIM8_BRK_TIM12_IRQHandler                0x0800032b   Thumb Code     0  startup_stm32f446xx.o(.text)
    TIM8_CC_IRQHandler                       0x0800032b   Thumb Code     0  startup_stm32f446xx.o(.text)
    TIM8_TRG_COM_TIM14_IRQHandler            0x0800032b   Thumb Code     0  startup_stm32f446xx.o(.text)
    TIM8_UP_TIM13_IRQHandler                 0x0800032b   Thumb Code     0  startup_stm32f446xx.o(.text)
    UART4_IRQHandler                         0x0800032b   Thumb Code     0  startup_stm32f446xx.o(.text)
    UART5_IRQHandler                         0x0800032b   Thumb Code     0  startup_stm32f446xx.o(.text)
    USART1_IRQHandler                        0x0800032b   Thumb Code     0  startup_stm32f446xx.o(.text)
    USART2_IRQHandler                        0x0800032b   Thumb Code     0  startup_stm32f446xx.o(.text)
    USART3_IRQHandler                        0x0800032b   Thumb Code     0  startup_stm32f446xx.o(.text)
    USART6_IRQHandler                        0x0800032b   Thumb Code     0  startup_stm32f446xx.o(.text)
    WWDG_IRQHandler                          0x0800032b   Thumb Code     0  startup_stm32f446xx.o(.text)
    __user_initial_stackheap                 0x0800032d   Thumb Code     0  startup_stm32f446xx.o(.text)
    __aeabi_ldivmod                          0x08000351   Thumb Code     0  llsdiv.o(.text)
    _ll_sdiv                                 0x08000351   Thumb Code   116  llsdiv.o(.text)
    sprintf                                  0x080003c5   Thumb Code    38  sprintf.o(.text)
    __use_two_region_memory                  0x080003f1   Thumb Code     2  heapauxi.o(.text)
    __rt_heap_escrow$2region                 0x080003f3   Thumb Code     2  heapauxi.o(.text)
    __rt_heap_expand$2region                 0x080003f5   Thumb Code     2  heapauxi.o(.text)
    __aeabi_uldivmod                         0x080003f7   Thumb Code     0  lludivv7m.o(.text)
    _ll_udiv                                 0x080003f7   Thumb Code   240  lludivv7m.o(.text)
    __read_errno                             0x080004e7   Thumb Code    10  _rserrno.o(.text)
    __set_errno                              0x080004f1   Thumb Code    12  _rserrno.o(.text)
    _printf_pre_padding                      0x080004fd   Thumb Code    44  _printf_pad.o(.text)
    _printf_post_padding                     0x08000529   Thumb Code    34  _printf_pad.o(.text)
    _printf_truncate_signed                  0x0800054b   Thumb Code    18  _printf_truncate.o(.text)
    _printf_truncate_unsigned                0x0800055d   Thumb Code    18  _printf_truncate.o(.text)
    _printf_str                              0x0800056f   Thumb Code    82  _printf_str.o(.text)
    _printf_int_dec                          0x080005c1   Thumb Code   104  _printf_dec.o(.text)
    _printf_charcount                        0x08000639   Thumb Code    40  _printf_charcount.o(.text)
    _printf_char_common                      0x0800066b   Thumb Code    32  _printf_char_common.o(.text)
    _sputc                                   0x08000691   Thumb Code    10  _sputc.o(.text)
    _printf_wctomb                           0x0800069d   Thumb Code   182  _printf_wctomb.o(.text)
    _printf_longlong_dec                     0x08000759   Thumb Code   108  _printf_longlong_dec.o(.text)
    _printf_longlong_oct                     0x080007d5   Thumb Code    68  _printf_oct_int_ll.o(.text)
    _printf_int_oct                          0x08000819   Thumb Code    24  _printf_oct_int_ll.o(.text)
    _printf_ll_oct                           0x08000831   Thumb Code    12  _printf_oct_int_ll.o(.text)
    _printf_longlong_hex                     0x08000845   Thumb Code    86  _printf_hex_int_ll_ptr.o(.text)
    _printf_int_hex                          0x0800089b   Thumb Code    28  _printf_hex_int_ll_ptr.o(.text)
    _printf_ll_hex                           0x080008b7   Thumb Code    12  _printf_hex_int_ll_ptr.o(.text)
    _printf_hex_ptr                          0x080008c3   Thumb Code    18  _printf_hex_int_ll_ptr.o(.text)
    __printf                                 0x080008d9   Thumb Code   388  __printf_flags_ss_wp.o(.text)
    __aeabi_errno_addr                       0x08000a61   Thumb Code     8  rt_errno_addr_intlibspace.o(.text)
    __errno$intlibspace                      0x08000a61   Thumb Code     0  rt_errno_addr_intlibspace.o(.text)
    __rt_errno_addr$intlibspace              0x08000a61   Thumb Code     0  rt_errno_addr_intlibspace.o(.text)
    _ll_udiv10                               0x08000a69   Thumb Code   138  lludiv10.o(.text)
    _printf_int_common                       0x08000af3   Thumb Code   178  _printf_intcommon.o(.text)
    _printf_fp_dec_real                      0x08000d55   Thumb Code   620  _printf_fp_dec.o(.text)
    _printf_fp_hex_real                      0x08000fc1   Thumb Code   756  _printf_fp_hex.o(.text)
    _printf_cs_common                        0x080012bd   Thumb Code    20  _printf_char.o(.text)
    _printf_char                             0x080012d1   Thumb Code    16  _printf_char.o(.text)
    _printf_string                           0x080012e1   Thumb Code     8  _printf_char.o(.text)
    _printf_lcs_common                       0x080012e9   Thumb Code    20  _printf_wchar.o(.text)
    _printf_wchar                            0x080012fd   Thumb Code    16  _printf_wchar.o(.text)
    _printf_wstring                          0x0800130d   Thumb Code     8  _printf_wchar.o(.text)
    _c16rtomb                                0x08001315   Thumb Code    72  _c16rtomb.o(.text)
    _wcrtomb                                 0x08001315   Thumb Code     0  _c16rtomb.o(.text)
    __user_libspace                          0x0800135d   Thumb Code     8  libspace.o(.text)
    __user_perproc_libspace                  0x0800135d   Thumb Code     0  libspace.o(.text)
    __user_perthread_libspace                0x0800135d   Thumb Code     0  libspace.o(.text)
    __user_setup_stackheap                   0x08001365   Thumb Code    74  sys_stackheap_outer.o(.text)
    __rt_ctype_table                         0x080013b1   Thumb Code    16  rt_ctype_table.o(.text)
    __rt_locale                              0x080013c1   Thumb Code     8  rt_locale_intlibspace.o(.text)
    _printf_fp_infnan                        0x080013c9   Thumb Code   112  _printf_fp_infnan.o(.text)
    _btod_etento                             0x08001449   Thumb Code   224  bigflt0.o(.text)
    exit                                     0x0800152d   Thumb Code    18  exit.o(.text)
    strcmp                                   0x08001541   Thumb Code   124  strcmpv7em.o(.text)
    _sys_exit                                0x080015bd   Thumb Code     8  sys_exit.o(.text)
    __I$use$semihosting                      0x080015c9   Thumb Code     0  use_no_semi.o(.text)
    __use_no_semihosting_swi                 0x080015c9   Thumb Code     2  use_no_semi.o(.text)
    __semihosting_library_function           0x080015cb   Thumb Code     0  indicate_semi.o(.text)
    BME280_INDOOR_NAVIGATION                 0x080015cd   Thumb Code   128  main.o(.text.BME280_INDOOR_NAVIGATION)
    BMPMeasure                               0x0800164d   Thumb Code    88  main.o(.text.BMPMeasure)
    BMP_Press_Compensation                   0x080016a5   Thumb Code   536  main.o(.text.BMP_Press_Compensation)
    BMP_Temp_Compensation                    0x080018bd   Thumb Code   104  main.o(.text.BMP_Temp_Compensation)
    Enable_TIMER6                            0x08001925   Thumb Code    18  timer_config.o(.text.Enable_TIMER6)
    Enable_TIMER7                            0x08001939   Thumb Code    38  timer_config.o(.text.Enable_TIMER7)
    GPIOA_CLOCK_ENABLE                       0x08001961   Thumb Code    18  rcc_clock_config.o(.text.GPIOA_CLOCK_ENABLE)
    GPIOA_PA10_OUTPUT_MODE                   0x08001975   Thumb Code    16  gpio_config.o(.text.GPIOA_PA10_OUTPUT_MODE)
    GPIOA_PA10_Pull_Down                     0x08001985   Thumb Code    16  gpio_config.o(.text.GPIOA_PA10_Pull_Down)
    GPIOA_PA2_AF7_USART2                     0x08001995   Thumb Code    16  gpio_config.o(.text.GPIOA_PA2_AF7_USART2)
    GPIOA_PA2_AF_Mode                        0x080019a5   Thumb Code    16  gpio_config.o(.text.GPIOA_PA2_AF_Mode)
    GPIOA_PA2_Output_Speed_HIGH              0x080019b5   Thumb Code    16  gpio_config.o(.text.GPIOA_PA2_Output_Speed_HIGH)
    GPIOA_PA3_AF7_USART2                     0x080019c5   Thumb Code    16  gpio_config.o(.text.GPIOA_PA3_AF7_USART2)
    GPIOA_PA3_AF_Mode                        0x080019d5   Thumb Code    16  gpio_config.o(.text.GPIOA_PA3_AF_Mode)
    GPIOA_PA3_Output_Speed_HIGH              0x080019e5   Thumb Code    16  gpio_config.o(.text.GPIOA_PA3_Output_Speed_HIGH)
    GPIOA_PA5_OUTPUT_MODE                    0x080019f5   Thumb Code    16  gpio_config.o(.text.GPIOA_PA5_OUTPUT_MODE)
    GPIOA_PA5_Pull_Down                      0x08001a05   Thumb Code    16  gpio_config.o(.text.GPIOA_PA5_Pull_Down)
    GPIOA_PA6_OUTPUT_MODE                    0x08001a15   Thumb Code    16  gpio_config.o(.text.GPIOA_PA6_OUTPUT_MODE)
    GPIOA_PA6_Pull_Down                      0x08001a25   Thumb Code    16  gpio_config.o(.text.GPIOA_PA6_Pull_Down)
    GPIOA_PA7_OUTPUT_MODE                    0x08001a35   Thumb Code    16  gpio_config.o(.text.GPIOA_PA7_OUTPUT_MODE)
    GPIOA_PA7_Pull_Down                      0x08001a45   Thumb Code    16  gpio_config.o(.text.GPIOA_PA7_Pull_Down)
    GPIOA_PA8_OUTPUT_MODE                    0x08001a55   Thumb Code    16  gpio_config.o(.text.GPIOA_PA8_OUTPUT_MODE)
    GPIOA_PA8_Pull_Down                      0x08001a65   Thumb Code    16  gpio_config.o(.text.GPIOA_PA8_Pull_Down)
    GPIOA_PA9_OUTPUT_MODE                    0x08001a75   Thumb Code    16  gpio_config.o(.text.GPIOA_PA9_OUTPUT_MODE)
    GPIOB_CLOCK_ENABLE                       0x08001a85   Thumb Code    18  rcc_clock_config.o(.text.GPIOB_CLOCK_ENABLE)
    GPIOB_PB10_OUTPUT_MODE                   0x08001a99   Thumb Code    18  gpio_config.o(.text.GPIOB_PB10_OUTPUT_MODE)
    GPIOB_PB10_Pull_Down                     0x08001aad   Thumb Code    18  gpio_config.o(.text.GPIOB_PB10_Pull_Down)
    GPIOB_PB3_OUTPUT_MODE                    0x08001ac1   Thumb Code    26  gpio_config.o(.text.GPIOB_PB3_OUTPUT_MODE)
    GPIOB_PB3_Pull_Down                      0x08001add   Thumb Code    18  gpio_config.o(.text.GPIOB_PB3_Pull_Down)
    GPIOB_PB4_OUTPUT_MODE                    0x08001af1   Thumb Code    26  gpio_config.o(.text.GPIOB_PB4_OUTPUT_MODE)
    GPIOB_PB4_Pull_Down                      0x08001b0d   Thumb Code    18  gpio_config.o(.text.GPIOB_PB4_Pull_Down)
    GPIOB_PB5_OUTPUT_MODE                    0x08001b21   Thumb Code    26  gpio_config.o(.text.GPIOB_PB5_OUTPUT_MODE)
    GPIOB_PB5_Pull_Down                      0x08001b3d   Thumb Code    18  gpio_config.o(.text.GPIOB_PB5_Pull_Down)
    GPIOB_PB9_OUTPUT_MODE                    0x08001b51   Thumb Code    18  gpio_config.o(.text.GPIOB_PB9_OUTPUT_MODE)
    GPIOB_PB9_Pull_Down                      0x08001b65   Thumb Code    18  gpio_config.o(.text.GPIOB_PB9_Pull_Down)
    GPIOC_CLOCK_ENABLE                       0x08001b79   Thumb Code    18  rcc_clock_config.o(.text.GPIOC_CLOCK_ENABLE)
    GPIOC_PC0_OUTPUT_MODE                    0x08001b8d   Thumb Code    18  gpio_config.o(.text.GPIOC_PC0_OUTPUT_MODE)
    GPIOC_PC0_Pull_Down                      0x08001ba1   Thumb Code    18  gpio_config.o(.text.GPIOC_PC0_Pull_Down)
    GPIOC_PC1_AF7_SPI2                       0x08001bb5   Thumb Code    18  gpio_config.o(.text.GPIOC_PC1_AF7_SPI2)
    GPIOC_PC1_AF_Mode                        0x08001bc9   Thumb Code    18  gpio_config.o(.text.GPIOC_PC1_AF_Mode)
    GPIOC_PC1_Output_Speed_HIGH              0x08001bdd   Thumb Code    18  gpio_config.o(.text.GPIOC_PC1_Output_Speed_HIGH)
    GPIOC_PC2_AF5_SPI2                       0x08001bf1   Thumb Code    18  gpio_config.o(.text.GPIOC_PC2_AF5_SPI2)
    GPIOC_PC2_AF_Mode                        0x08001c05   Thumb Code    18  gpio_config.o(.text.GPIOC_PC2_AF_Mode)
    GPIOC_PC2_Output_Speed_HIGH              0x08001c19   Thumb Code    18  gpio_config.o(.text.GPIOC_PC2_Output_Speed_HIGH)
    GPIOC_PC7_AF5_SPI2                       0x08001c2d   Thumb Code    18  gpio_config.o(.text.GPIOC_PC7_AF5_SPI2)
    GPIOC_PC7_AF_Mode                        0x08001c41   Thumb Code    18  gpio_config.o(.text.GPIOC_PC7_AF_Mode)
    GPIOC_PC7_Output_Speed_HIGH              0x08001c55   Thumb Code    18  gpio_config.o(.text.GPIOC_PC7_Output_Speed_HIGH)
    LCD_8BIT_WRITE                           0x08001c69   Thumb Code    62  lcd_driver.o(.text.LCD_8BIT_WRITE)
    LCD_CLEAR_DISPLAY                        0x08001ca9   Thumb Code    10  lcd_driver.o(.text.LCD_CLEAR_DISPLAY)
    LCD_CURSOR_ON                            0x08001cb5   Thumb Code    10  lcd_driver.o(.text.LCD_CURSOR_ON)
    LCD_ENABLE                               0x08001cc1   Thumb Code    48  lcd_driver.o(.text.LCD_ENABLE)
    LCD_ENTRY_MODE_CURSOR_RIGHT              0x08001cf1   Thumb Code    10  lcd_driver.o(.text.LCD_ENTRY_MODE_CURSOR_RIGHT)
    LCD_FUNCTION_SET_8BIT_INTERFACE          0x08001cfd   Thumb Code    10  lcd_driver.o(.text.LCD_FUNCTION_SET_8BIT_INTERFACE)
    LCD_GPIO_CONFIG                          0x08001d09   Thumb Code    92  lcd_driver.o(.text.LCD_GPIO_CONFIG)
    LCD_INIT                                 0x08001d65   Thumb Code    54  lcd_driver.o(.text.LCD_INIT)
    LCD_RETURN_HOME                          0x08001d9d   Thumb Code    10  lcd_driver.o(.text.LCD_RETURN_HOME)
    LCD_SEND_CHAR                            0x08001da9   Thumb Code    20  lcd_driver.o(.text.LCD_SEND_CHAR)
    LCD_SEND_CMD                             0x08001dbd   Thumb Code   338  lcd_driver.o(.text.LCD_SEND_CMD)
    LCD_SEND_STRING                          0x08001f11   Thumb Code    34  lcd_driver.o(.text.LCD_SEND_STRING)
    LCD_SEND_WHOLE_NUM                       0x08001f35   Thumb Code    36  lcd_driver.o(.text.LCD_SEND_WHOLE_NUM)
    SPI2_BAUD_RATE_DIV_8                     0x08001f59   Thumb Code    18  spi_master.o(.text.SPI2_BAUD_RATE_DIV_8)
    SPI2_CLOCK_ENABLE                        0x08001f6d   Thumb Code    18  rcc_clock_config.o(.text.SPI2_CLOCK_ENABLE)
    SPI2_CR2_REGISTER_RESET                  0x08001f81   Thumb Code    14  spi_master.o(.text.SPI2_CR2_REGISTER_RESET)
    SPI2_DFF_8BIT                            0x08001f91   Thumb Code    18  spi_master.o(.text.SPI2_DFF_8BIT)
    SPI2_ENABLE                              0x08001fa5   Thumb Code    18  spi_master.o(.text.SPI2_ENABLE)
    SPI2_FULL_DUPLEX_MODE                    0x08001fb9   Thumb Code    18  spi_master.o(.text.SPI2_FULL_DUPLEX_MODE)
    SPI2_IRQHandler                          0x08001fcd   Thumb Code   234  main.o(.text.SPI2_IRQHandler)
    SPI2_MASTER_MODE                         0x080020b9   Thumb Code    18  spi_master.o(.text.SPI2_MASTER_MODE)
    SPI2_MSB_FIRST                           0x080020cd   Thumb Code    18  spi_master.o(.text.SPI2_MSB_FIRST)
    SPI2_SSM_Enable                          0x080020e1   Thumb Code    18  spi_master.o(.text.SPI2_SSM_Enable)
    SPI2_TRANSMIT_CONTROL_BYTE_SINGLE_BYTE_READ 0x080020f5   Thumb Code   186  spi_master.o(.text.SPI2_TRANSMIT_CONTROL_BYTE_SINGLE_BYTE_READ)
    SPI2_TRANSMIT_MULTI_BYTE_READ            0x080021b1   Thumb Code   220  spi_master.o(.text.SPI2_TRANSMIT_MULTI_BYTE_READ)
    SPI2_TRANSMIT_WRITE                      0x0800228d   Thumb Code   282  spi_master.o(.text.SPI2_TRANSMIT_WRITE)
    SysClockConfig                           0x080023a9   Thumb Code   212  rcc_clock_config.o(.text.SysClockConfig)
    SystemInit                               0x0800247d   Thumb Code    18  system_stm32f4xx.o(.text.SystemInit)
    TIM6_CLOCK_ENABLE                        0x08002491   Thumb Code    18  rcc_clock_config.o(.text.TIM6_CLOCK_ENABLE)
    TIM6_DAC_IRQHandler                      0x080024a9   Thumb Code   848  main.o(.text.TIM6_DAC_IRQHandler)
    TIM7_CLOCK_ENABLE                        0x080027f9   Thumb Code    18  rcc_clock_config.o(.text.TIM7_CLOCK_ENABLE)
    TIMER6_ARR_5000                          0x0800280d   Thumb Code    16  timer_config.o(.text.TIMER6_ARR_5000)
    TIMER7_ARR_MAX                           0x0800281d   Thumb Code    16  timer_config.o(.text.TIMER7_ARR_MAX)
    TIMER7_Delay_ms                          0x0800282d   Thumb Code    48  timer_config.o(.text.TIMER7_Delay_ms)
    TIMER7_Delay_s                           0x0800285d   Thumb Code    48  timer_config.o(.text.TIMER7_Delay_s)
    TIMER7_Delay_us                          0x0800288d   Thumb Code    46  timer_config.o(.text.TIMER7_Delay_us)
    TIMER7_PSC_90                            0x080028bd   Thumb Code    14  timer_config.o(.text.TIMER7_PSC_90)
    Timer6_Interrupt_Enable                  0x080028cd   Thumb Code    18  timer_config.o(.text.Timer6_Interrupt_Enable)
    Timer6_PSC_9000                          0x080028e1   Thumb Code    16  timer_config.o(.text.Timer6_PSC_9000)
    UART2_SendChar                           0x080028f1   Thumb Code    46  usart_config.o(.text.UART2_SendChar)
    UART2_SendString                         0x08002921   Thumb Code    34  usart_config.o(.text.UART2_SendString)
    USART2_Baud_Rate_115200                  0x08002945   Thumb Code    26  usart_config.o(.text.USART2_Baud_Rate_115200)
    USART2_CLOCK_ENABLE                      0x08002961   Thumb Code    18  rcc_clock_config.o(.text.USART2_CLOCK_ENABLE)
    USART2_Enable                            0x08002975   Thumb Code    22  usart_config.o(.text.USART2_Enable)
    USART2_Enable_RE                         0x0800298d   Thumb Code    18  usart_config.o(.text.USART2_Enable_RE)
    USART2_Enable_TE                         0x080029a1   Thumb Code    18  usart_config.o(.text.USART2_Enable_TE)
    USART2_Word_Length_8                     0x080029b5   Thumb Code    18  usart_config.o(.text.USART2_Word_Length_8)
    main                                     0x080029f9   Thumb Code   348  main.o(.text.main)
    trimmingParameterReadout                 0x08002b59   Thumb Code   244  main.o(.text.trimmingParameterReadout)
    _btod_d2e                                0x08002c4d   Thumb Code    62  btod.o(CL$$btod_d2e)
    _d2e_denorm_low                          0x08002c8b   Thumb Code    70  btod.o(CL$$btod_d2e_denorm_low)
    _d2e_norm_op1                            0x08002cd1   Thumb Code    96  btod.o(CL$$btod_d2e_norm_op1)
    __btod_div_common                        0x08002d31   Thumb Code   696  btod.o(CL$$btod_div_common)
    _e2e                                     0x08003069   Thumb Code   220  btod.o(CL$$btod_e2e)
    _btod_ediv                               0x08003145   Thumb Code    42  btod.o(CL$$btod_ediv)
    _btod_emul                               0x0800316f   Thumb Code    42  btod.o(CL$$btod_emul)
    __btod_mult_common                       0x08003199   Thumb Code   580  btod.o(CL$$btod_mult_common)
    __ARM_fpclassify                         0x080033dd   Thumb Code    48  fpclassify.o(i.__ARM_fpclassify)
    __hardfp_pow                             0x08003411   Thumb Code  3088  pow.o(i.__hardfp_pow)
    __kernel_poly                            0x08004071   Thumb Code   248  poly.o(i.__kernel_poly)
    __mathlib_dbl_divzero                    0x08004169   Thumb Code    28  dunder.o(i.__mathlib_dbl_divzero)
    __mathlib_dbl_infnan2                    0x08004199   Thumb Code    20  dunder.o(i.__mathlib_dbl_infnan2)
    __mathlib_dbl_invalid                    0x080041b1   Thumb Code    24  dunder.o(i.__mathlib_dbl_invalid)
    __mathlib_dbl_overflow                   0x080041d1   Thumb Code    24  dunder.o(i.__mathlib_dbl_overflow)
    __mathlib_dbl_underflow                  0x080041f1   Thumb Code    24  dunder.o(i.__mathlib_dbl_underflow)
    _is_digit                                0x08004211   Thumb Code    14  __printf_wp.o(i._is_digit)
    fabs                                     0x0800421f   Thumb Code    24  fabs.o(i.fabs)
    sqrt                                     0x08004237   Thumb Code   110  sqrt.o(i.sqrt)
    _get_lc_numeric                          0x080042a5   Thumb Code    44  lc_numeric_c.o(locale$$code)
    _get_lc_ctype                            0x080042d1   Thumb Code    44  lc_ctype_c.o(locale$$code)
    __aeabi_dneg                             0x080042fd   Thumb Code     0  basic.o(x$fpl$basic)
    _dneg                                    0x080042fd   Thumb Code     6  basic.o(x$fpl$basic)
    __aeabi_fneg                             0x08004303   Thumb Code     0  basic.o(x$fpl$basic)
    _fneg                                    0x08004303   Thumb Code     6  basic.o(x$fpl$basic)
    _dabs                                    0x08004309   Thumb Code     6  basic.o(x$fpl$basic)
    _fabs                                    0x0800430f   Thumb Code     6  basic.o(x$fpl$basic)
    __aeabi_dadd                             0x08004315   Thumb Code     0  daddsub_clz.o(x$fpl$dadd)
    _dadd                                    0x08004315   Thumb Code   332  daddsub_clz.o(x$fpl$dadd)
    __fpl_dcheck_NaN1                        0x08004465   Thumb Code    10  dcheck1.o(x$fpl$dcheck1)
    __fpl_dcmp_Inf                           0x08004475   Thumb Code    24  dcmpi.o(x$fpl$dcmpinf)
    __aeabi_ddiv                             0x0800448d   Thumb Code     0  ddiv.o(x$fpl$ddiv)
    _ddiv                                    0x0800448d   Thumb Code   556  ddiv.o(x$fpl$ddiv)
    __aeabi_i2d                              0x08004741   Thumb Code     0  dflt_clz.o(x$fpl$dflt)
    _dflt                                    0x08004741   Thumb Code    46  dflt_clz.o(x$fpl$dflt)
    __aeabi_ui2d                             0x0800476f   Thumb Code     0  dflt_clz.o(x$fpl$dfltu)
    _dfltu                                   0x0800476f   Thumb Code    38  dflt_clz.o(x$fpl$dfltu)
    __aeabi_cdcmple                          0x08004795   Thumb Code     0  dleqf.o(x$fpl$dleqf)
    _dcmple                                  0x08004795   Thumb Code   120  dleqf.o(x$fpl$dleqf)
    __fpl_dcmple_InfNaN                      0x080047f7   Thumb Code     0  dleqf.o(x$fpl$dleqf)
    __aeabi_dmul                             0x0800480d   Thumb Code     0  dmul.o(x$fpl$dmul)
    _dmul                                    0x0800480d   Thumb Code   332  dmul.o(x$fpl$dmul)
    __fpl_dnaninf                            0x08004961   Thumb Code   156  dnaninf.o(x$fpl$dnaninf)
    __fpl_dretinf                            0x080049fd   Thumb Code    12  dretinf.o(x$fpl$dretinf)
    __aeabi_cdrcmple                         0x08004a09   Thumb Code     0  drleqf.o(x$fpl$drleqf)
    _drcmple                                 0x08004a09   Thumb Code   108  drleqf.o(x$fpl$drleqf)
    __aeabi_drsub                            0x08004a75   Thumb Code     0  daddsub_clz.o(x$fpl$drsb)
    _drsb                                    0x08004a75   Thumb Code    22  daddsub_clz.o(x$fpl$drsb)
    _dsqrt                                   0x08004a8d   Thumb Code   404  dsqrt_umaal.o(x$fpl$dsqrt)
    __aeabi_dsub                             0x08004c25   Thumb Code     0  daddsub_clz.o(x$fpl$dsub)
    _dsub                                    0x08004c25   Thumb Code   472  daddsub_clz.o(x$fpl$dsub)
    _fp_init                                 0x08004e01   Thumb Code    26  fpinit.o(x$fpl$fpinit)
    __fplib_config_fpu_vfp                   0x08004e19   Thumb Code     0  fpinit.o(x$fpl$fpinit)
    __fplib_config_pureend_doubles           0x08004e19   Thumb Code     0  fpinit.o(x$fpl$fpinit)
    _printf_fp_dec                           0x08004e1b   Thumb Code     4  printf1.o(x$fpl$printf1)
    _printf_fp_hex                           0x08004e1f   Thumb Code     4  printf2.o(x$fpl$printf2)
    __fpl_return_NaN                         0x08004e23   Thumb Code   100  retnan.o(x$fpl$retnan)
    __ARM_scalbn                             0x08004e87   Thumb Code    92  scalbn.o(x$fpl$scalbn)
    __fpl_cmpreturn                          0x08004ee3   Thumb Code    48  trapv.o(x$fpl$trapveneer)
    __I$use$fp                               0x08004f12   Number         0  usenofp.o(x$fpl$usenofp)
    __mathlib_zero                           0x08004fe8   Data           8  qnan.o(.constdata)
    Region$$Table$$Base                      0x08005118   Number         0  anon$$obj.o(Region$$Table)
    Region$$Table$$Limit                     0x08005138   Number         0  anon$$obj.o(Region$$Table)
    __ctype                                  0x08005161   Data           0  lc_ctype_c.o(locale$$data)
    tempButton                               0x20000000   Data           1  main.o(.data.tempButton)
    __libspace_start                         0x20000008   Data          96  libspace.o(.bss)
    RXBuf                                    0x20000068   Data          50  main.o(.bss.RXBuf)
    __temporary_stack_top$libspace           0x20000068   Data           0  libspace.o(.bss)
    RXBufIndex                               0x2000009c   Data           4  main.o(.bss.RXBufIndex)
    altButton                                0x200000a0   Data           1  main.o(.bss.altButton)
    calib                                    0x200000a1   Data          40  main.o(.bss.calib)
    calibIndex                               0x200000cc   Data           4  main.o(.bss.calibIndex)
    calibratedAlt                            0x200000d0   Data           8  main.o(.bss.calibratedAlt)
    calibratedPress                          0x200000d8   Data           8  main.o(.bss.calibratedPress)
    calibratedTemp                           0x200000e0   Data           8  main.o(.bss.calibratedTemp)
    dig_P1                                   0x200000e8   Data           2  main.o(.bss.dig_P1)
    dig_P2                                   0x200000ea   Data           2  main.o(.bss.dig_P2)
    dig_P3                                   0x200000ec   Data           2  main.o(.bss.dig_P3)
    dig_P4                                   0x200000ee   Data           2  main.o(.bss.dig_P4)
    dig_P5                                   0x200000f0   Data           2  main.o(.bss.dig_P5)
    dig_P6                                   0x200000f2   Data           2  main.o(.bss.dig_P6)
    dig_P7                                   0x200000f4   Data           2  main.o(.bss.dig_P7)
    dig_P8                                   0x200000f6   Data           2  main.o(.bss.dig_P8)
    dig_P9                                   0x200000f8   Data           2  main.o(.bss.dig_P9)
    dig_T1                                   0x200000fa   Data           2  main.o(.bss.dig_T1)
    dig_T2                                   0x200000fc   Data           2  main.o(.bss.dig_T2)
    dig_T3                                   0x200000fe   Data           2  main.o(.bss.dig_T3)
    p_reference                              0x20000100   Data           8  main.o(.bss.p_reference)
    press                                    0x20000108   Data           4  main.o(.bss.press)
    pressButton                              0x2000010c   Data           1  main.o(.bss.pressButton)
    statusFlag                               0x20000110   Data           4  main.o(.bss.statusFlag)
    t_fine                                   0x20000114   Data           4  main.o(.bss.t_fine)
    temp                                     0x20000118   Data           4  main.o(.bss.temp)
    title                                    0x2000011c   Data           1  main.o(.bss.title)
    trimming                                 0x2000011d   Data           1  main.o(.bss.trimming)



==============================================================================

Memory Map of the image

  Image Entry point : 0x08000311

  Load Region LR_1 (Base: 0x08000000, Size: 0x00005268, Max: 0xffffffff, ABSOLUTE)

    Execution Region ER_RO (Exec base: 0x08000000, Load base: 0x08000000, Size: 0x00005264, Max: 0xffffffff, ABSOLUTE)

    Exec Addr    Load Addr    Size         Type   Attr      Idx    E Section Name        Object

    0x08000000   0x08000000   0x000001c4   Data   RO          396    RESET               startup_stm32f446xx.o
    0x080001c4   0x080001c4   0x00000008   Code   RO          427  * !!!main             c_w.l(__main.o)
    0x080001cc   0x080001cc   0x00000034   Code   RO          863    !!!scatter          c_w.l(__scatter.o)
    0x08000200   0x08000200   0x0000001a   Code   RO          865    !!handler_copy      c_w.l(__scatter_copy.o)
    0x0800021a   0x0800021a   0x00000002   PAD
    0x0800021c   0x0800021c   0x0000001c   Code   RO          867    !!handler_zi        c_w.l(__scatter_zi.o)
    0x08000238   0x08000238   0x00000000   Code   RO          546    .ARM.Collect$$_printf_percent$$00000000  c_w.l(_printf_percent.o)
    0x08000238   0x08000238   0x00000006   Code   RO          535    .ARM.Collect$$_printf_percent$$00000001  c_w.l(_printf_n.o)
    0x0800023e   0x0800023e   0x00000006   Code   RO          537    .ARM.Collect$$_printf_percent$$00000002  c_w.l(_printf_p.o)
    0x08000244   0x08000244   0x00000006   Code   RO          542    .ARM.Collect$$_printf_percent$$00000003  c_w.l(_printf_f.o)
    0x0800024a   0x0800024a   0x00000006   Code   RO          543    .ARM.Collect$$_printf_percent$$00000004  c_w.l(_printf_e.o)
    0x08000250   0x08000250   0x00000006   Code   RO          544    .ARM.Collect$$_printf_percent$$00000005  c_w.l(_printf_g.o)
    0x08000256   0x08000256   0x00000006   Code   RO          545    .ARM.Collect$$_printf_percent$$00000006  c_w.l(_printf_a.o)
    0x0800025c   0x0800025c   0x0000000a   Code   RO          550    .ARM.Collect$$_printf_percent$$00000007  c_w.l(_printf_ll.o)
    0x08000266   0x08000266   0x00000006   Code   RO          539    .ARM.Collect$$_printf_percent$$00000008  c_w.l(_printf_i.o)
    0x0800026c   0x0800026c   0x00000006   Code   RO          540    .ARM.Collect$$_printf_percent$$00000009  c_w.l(_printf_d.o)
    0x08000272   0x08000272   0x00000006   Code   RO          541    .ARM.Collect$$_printf_percent$$0000000A  c_w.l(_printf_u.o)
    0x08000278   0x08000278   0x00000006   Code   RO          538    .ARM.Collect$$_printf_percent$$0000000B  c_w.l(_printf_o.o)
    0x0800027e   0x0800027e   0x00000006   Code   RO          536    .ARM.Collect$$_printf_percent$$0000000C  c_w.l(_printf_x.o)
    0x08000284   0x08000284   0x00000006   Code   RO          547    .ARM.Collect$$_printf_percent$$0000000D  c_w.l(_printf_lli.o)
    0x0800028a   0x0800028a   0x00000006   Code   RO          548    .ARM.Collect$$_printf_percent$$0000000E  c_w.l(_printf_lld.o)
    0x08000290   0x08000290   0x00000006   Code   RO          549    .ARM.Collect$$_printf_percent$$0000000F  c_w.l(_printf_llu.o)
    0x08000296   0x08000296   0x00000006   Code   RO          554    .ARM.Collect$$_printf_percent$$00000010  c_w.l(_printf_llo.o)
    0x0800029c   0x0800029c   0x00000006   Code   RO          555    .ARM.Collect$$_printf_percent$$00000011  c_w.l(_printf_llx.o)
    0x080002a2   0x080002a2   0x0000000a   Code   RO          551    .ARM.Collect$$_printf_percent$$00000012  c_w.l(_printf_l.o)
    0x080002ac   0x080002ac   0x00000006   Code   RO          533    .ARM.Collect$$_printf_percent$$00000013  c_w.l(_printf_c.o)
    0x080002b2   0x080002b2   0x00000006   Code   RO          534    .ARM.Collect$$_printf_percent$$00000014  c_w.l(_printf_s.o)
    0x080002b8   0x080002b8   0x00000006   Code   RO          552    .ARM.Collect$$_printf_percent$$00000015  c_w.l(_printf_lc.o)
    0x080002be   0x080002be   0x00000006   Code   RO          553    .ARM.Collect$$_printf_percent$$00000016  c_w.l(_printf_ls.o)
    0x080002c4   0x080002c4   0x00000004   Code   RO          651    .ARM.Collect$$_printf_percent$$00000017  c_w.l(_printf_percent_end.o)
    0x080002c8   0x080002c8   0x00000002   Code   RO          715    .ARM.Collect$$libinit$$00000000  c_w.l(libinit.o)
    0x080002ca   0x080002ca   0x00000004   Code   RO          735    .ARM.Collect$$libinit$$00000001  c_w.l(libinit2.o)
    0x080002ce   0x080002ce   0x00000000   Code   RO          738    .ARM.Collect$$libinit$$00000004  c_w.l(libinit2.o)
    0x080002ce   0x080002ce   0x00000000   Code   RO          741    .ARM.Collect$$libinit$$0000000A  c_w.l(libinit2.o)
    0x080002ce   0x080002ce   0x00000000   Code   RO          743    .ARM.Collect$$libinit$$0000000C  c_w.l(libinit2.o)
    0x080002ce   0x080002ce   0x00000000   Code   RO          745    .ARM.Collect$$libinit$$0000000E  c_w.l(libinit2.o)
    0x080002ce   0x080002ce   0x00000006   Code   RO          746    .ARM.Collect$$libinit$$0000000F  c_w.l(libinit2.o)
    0x080002d4   0x080002d4   0x00000000   Code   RO          748    .ARM.Collect$$libinit$$00000011  c_w.l(libinit2.o)
    0x080002d4   0x080002d4   0x0000000c   Code   RO          749    .ARM.Collect$$libinit$$00000012  c_w.l(libinit2.o)
    0x080002e0   0x080002e0   0x00000000   Code   RO          750    .ARM.Collect$$libinit$$00000013  c_w.l(libinit2.o)
    0x080002e0   0x080002e0   0x00000000   Code   RO          752    .ARM.Collect$$libinit$$00000015  c_w.l(libinit2.o)
    0x080002e0   0x080002e0   0x0000000a   Code   RO          753    .ARM.Collect$$libinit$$00000016  c_w.l(libinit2.o)
    0x080002ea   0x080002ea   0x00000000   Code   RO          754    .ARM.Collect$$libinit$$00000017  c_w.l(libinit2.o)
    0x080002ea   0x080002ea   0x00000000   Code   RO          756    .ARM.Collect$$libinit$$00000019  c_w.l(libinit2.o)
    0x080002ea   0x080002ea   0x00000000   Code   RO          758    .ARM.Collect$$libinit$$0000001B  c_w.l(libinit2.o)
    0x080002ea   0x080002ea   0x00000000   Code   RO          760    .ARM.Collect$$libinit$$0000001D  c_w.l(libinit2.o)
    0x080002ea   0x080002ea   0x00000000   Code   RO          762    .ARM.Collect$$libinit$$0000001F  c_w.l(libinit2.o)
    0x080002ea   0x080002ea   0x00000000   Code   RO          764    .ARM.Collect$$libinit$$00000021  c_w.l(libinit2.o)
    0x080002ea   0x080002ea   0x00000000   Code   RO          766    .ARM.Collect$$libinit$$00000023  c_w.l(libinit2.o)
    0x080002ea   0x080002ea   0x00000000   Code   RO          768    .ARM.Collect$$libinit$$00000025  c_w.l(libinit2.o)
    0x080002ea   0x080002ea   0x00000000   Code   RO          772    .ARM.Collect$$libinit$$0000002C  c_w.l(libinit2.o)
    0x080002ea   0x080002ea   0x00000000   Code   RO          774    .ARM.Collect$$libinit$$0000002E  c_w.l(libinit2.o)
    0x080002ea   0x080002ea   0x00000000   Code   RO          776    .ARM.Collect$$libinit$$00000030  c_w.l(libinit2.o)
    0x080002ea   0x080002ea   0x00000000   Code   RO          778    .ARM.Collect$$libinit$$00000032  c_w.l(libinit2.o)
    0x080002ea   0x080002ea   0x00000002   Code   RO          779    .ARM.Collect$$libinit$$00000033  c_w.l(libinit2.o)
    0x080002ec   0x080002ec   0x00000002   Code   RO          818    .ARM.Collect$$libshutdown$$00000000  c_w.l(libshutdown.o)
    0x080002ee   0x080002ee   0x00000000   Code   RO          846    .ARM.Collect$$libshutdown$$00000002  c_w.l(libshutdown2.o)
    0x080002ee   0x080002ee   0x00000000   Code   RO          848    .ARM.Collect$$libshutdown$$00000004  c_w.l(libshutdown2.o)
    0x080002ee   0x080002ee   0x00000000   Code   RO          851    .ARM.Collect$$libshutdown$$00000007  c_w.l(libshutdown2.o)
    0x080002ee   0x080002ee   0x00000000   Code   RO          854    .ARM.Collect$$libshutdown$$0000000A  c_w.l(libshutdown2.o)
    0x080002ee   0x080002ee   0x00000000   Code   RO          856    .ARM.Collect$$libshutdown$$0000000C  c_w.l(libshutdown2.o)
    0x080002ee   0x080002ee   0x00000000   Code   RO          859    .ARM.Collect$$libshutdown$$0000000F  c_w.l(libshutdown2.o)
    0x080002ee   0x080002ee   0x00000002   Code   RO          860    .ARM.Collect$$libshutdown$$00000010  c_w.l(libshutdown2.o)
    0x080002f0   0x080002f0   0x00000000   Code   RO          456    .ARM.Collect$$rtentry$$00000000  c_w.l(__rtentry.o)
    0x080002f0   0x080002f0   0x00000000   Code   RO          613    .ARM.Collect$$rtentry$$00000002  c_w.l(__rtentry2.o)
    0x080002f0   0x080002f0   0x00000006   Code   RO          625    .ARM.Collect$$rtentry$$00000004  c_w.l(__rtentry4.o)
    0x080002f6   0x080002f6   0x00000000   Code   RO          615    .ARM.Collect$$rtentry$$00000009  c_w.l(__rtentry2.o)
    0x080002f6   0x080002f6   0x00000004   Code   RO          616    .ARM.Collect$$rtentry$$0000000A  c_w.l(__rtentry2.o)
    0x080002fa   0x080002fa   0x00000000   Code   RO          618    .ARM.Collect$$rtentry$$0000000C  c_w.l(__rtentry2.o)
    0x080002fa   0x080002fa   0x00000008   Code   RO          619    .ARM.Collect$$rtentry$$0000000D  c_w.l(__rtentry2.o)
    0x08000302   0x08000302   0x00000002   Code   RO          720    .ARM.Collect$$rtexit$$00000000  c_w.l(rtexit.o)
    0x08000304   0x08000304   0x00000000   Code   RO          787    .ARM.Collect$$rtexit$$00000002  c_w.l(rtexit2.o)
    0x08000304   0x08000304   0x00000004   Code   RO          788    .ARM.Collect$$rtexit$$00000003  c_w.l(rtexit2.o)
    0x08000308   0x08000308   0x00000006   Code   RO          789    .ARM.Collect$$rtexit$$00000004  c_w.l(rtexit2.o)
    0x0800030e   0x0800030e   0x00000002   PAD
    0x08000310   0x08000310   0x00000040   Code   RO          397  * .text               startup_stm32f446xx.o
    0x08000350   0x08000350   0x00000074   Code   RO          419    .text               c_w.l(llsdiv.o)
    0x080003c4   0x080003c4   0x0000002c   Code   RO          421    .text               c_w.l(sprintf.o)
    0x080003f0   0x080003f0   0x00000006   Code   RO          425    .text               c_w.l(heapauxi.o)
    0x080003f6   0x080003f6   0x000000f0   Code   RO          461    .text               c_w.l(lludivv7m.o)
    0x080004e6   0x080004e6   0x00000016   Code   RO          463    .text               c_w.l(_rserrno.o)
    0x080004fc   0x080004fc   0x0000004e   Code   RO          467    .text               c_w.l(_printf_pad.o)
    0x0800054a   0x0800054a   0x00000024   Code   RO          469    .text               c_w.l(_printf_truncate.o)
    0x0800056e   0x0800056e   0x00000052   Code   RO          471    .text               c_w.l(_printf_str.o)
    0x080005c0   0x080005c0   0x00000078   Code   RO          473    .text               c_w.l(_printf_dec.o)
    0x08000638   0x08000638   0x00000028   Code   RO          475    .text               c_w.l(_printf_charcount.o)
    0x08000660   0x08000660   0x00000030   Code   RO          477    .text               c_w.l(_printf_char_common.o)
    0x08000690   0x08000690   0x0000000a   Code   RO          479    .text               c_w.l(_sputc.o)
    0x0800069a   0x0800069a   0x00000002   PAD
    0x0800069c   0x0800069c   0x000000bc   Code   RO          481    .text               c_w.l(_printf_wctomb.o)
    0x08000758   0x08000758   0x0000007c   Code   RO          484    .text               c_w.l(_printf_longlong_dec.o)
    0x080007d4   0x080007d4   0x00000070   Code   RO          490    .text               c_w.l(_printf_oct_int_ll.o)
    0x08000844   0x08000844   0x00000094   Code   RO          510    .text               c_w.l(_printf_hex_int_ll_ptr.o)
    0x080008d8   0x080008d8   0x00000188   Code   RO          530    .text               c_w.l(__printf_flags_ss_wp.o)
    0x08000a60   0x08000a60   0x00000008   Code   RO          632    .text               c_w.l(rt_errno_addr_intlibspace.o)
    0x08000a68   0x08000a68   0x0000008a   Code   RO          634    .text               c_w.l(lludiv10.o)
    0x08000af2   0x08000af2   0x000000b2   Code   RO          636    .text               c_w.l(_printf_intcommon.o)
    0x08000ba4   0x08000ba4   0x0000041c   Code   RO          638    .text               c_w.l(_printf_fp_dec.o)
    0x08000fc0   0x08000fc0   0x000002fc   Code   RO          642    .text               c_w.l(_printf_fp_hex.o)
    0x080012bc   0x080012bc   0x0000002c   Code   RO          647    .text               c_w.l(_printf_char.o)
    0x080012e8   0x080012e8   0x0000002c   Code   RO          649    .text               c_w.l(_printf_wchar.o)
    0x08001314   0x08001314   0x00000048   Code   RO          652    .text               c_w.l(_c16rtomb.o)
    0x0800135c   0x0800135c   0x00000008   Code   RO          660    .text               c_w.l(libspace.o)
    0x08001364   0x08001364   0x0000004a   Code   RO          663    .text               c_w.l(sys_stackheap_outer.o)
    0x080013ae   0x080013ae   0x00000002   PAD
    0x080013b0   0x080013b0   0x00000010   Code   RO          665    .text               c_w.l(rt_ctype_table.o)
    0x080013c0   0x080013c0   0x00000008   Code   RO          670    .text               c_w.l(rt_locale_intlibspace.o)
    0x080013c8   0x080013c8   0x00000080   Code   RO          672    .text               c_w.l(_printf_fp_infnan.o)
    0x08001448   0x08001448   0x000000e4   Code   RO          674    .text               c_w.l(bigflt0.o)
    0x0800152c   0x0800152c   0x00000012   Code   RO          704    .text               c_w.l(exit.o)
    0x0800153e   0x0800153e   0x00000002   PAD
    0x08001540   0x08001540   0x0000007c   Code   RO          733    .text               c_w.l(strcmpv7em.o)
    0x080015bc   0x080015bc   0x0000000c   Code   RO          782    .text               c_w.l(sys_exit.o)
    0x080015c8   0x080015c8   0x00000002   Code   RO          807    .text               c_w.l(use_no_semi.o)
    0x080015ca   0x080015ca   0x00000000   Code   RO          809    .text               c_w.l(indicate_semi.o)
    0x080015ca   0x080015ca   0x00000002   PAD
    0x080015cc   0x080015cc   0x00000080   Code   RO            8    .text.BME280_INDOOR_NAVIGATION  main.o
    0x0800164c   0x0800164c   0x00000058   Code   RO           14    .text.BMPMeasure    main.o
    0x080016a4   0x080016a4   0x00000218   Code   RO           18    .text.BMP_Press_Compensation  main.o
    0x080018bc   0x080018bc   0x00000068   Code   RO           16    .text.BMP_Temp_Compensation  main.o
    0x08001924   0x08001924   0x00000012   Code   RO          283    .text.Enable_TIMER6  timer_config.o
    0x08001936   0x08001936   0x00000002   PAD
    0x08001938   0x08001938   0x00000026   Code   RO          285    .text.Enable_TIMER7  timer_config.o
    0x0800195e   0x0800195e   0x00000002   PAD
    0x08001960   0x08001960   0x00000012   Code   RO          185    .text.GPIOA_CLOCK_ENABLE  rcc_clock_config.o
    0x08001972   0x08001972   0x00000002   PAD
    0x08001974   0x08001974   0x00000010   Code   RO           92    .text.GPIOA_PA10_OUTPUT_MODE  gpio_config.o
    0x08001984   0x08001984   0x00000010   Code   RO          160    .text.GPIOA_PA10_Pull_Down  gpio_config.o
    0x08001994   0x08001994   0x00000010   Code   RO          112    .text.GPIOA_PA2_AF7_USART2  gpio_config.o
    0x080019a4   0x080019a4   0x00000010   Code   RO           66    .text.GPIOA_PA2_AF_Mode  gpio_config.o
    0x080019b4   0x080019b4   0x00000010   Code   RO          128    .text.GPIOA_PA2_Output_Speed_HIGH  gpio_config.o
    0x080019c4   0x080019c4   0x00000010   Code   RO          114    .text.GPIOA_PA3_AF7_USART2  gpio_config.o
    0x080019d4   0x080019d4   0x00000010   Code   RO           68    .text.GPIOA_PA3_AF_Mode  gpio_config.o
    0x080019e4   0x080019e4   0x00000010   Code   RO          130    .text.GPIOA_PA3_Output_Speed_HIGH  gpio_config.o
    0x080019f4   0x080019f4   0x00000010   Code   RO           82    .text.GPIOA_PA5_OUTPUT_MODE  gpio_config.o
    0x08001a04   0x08001a04   0x00000010   Code   RO          152    .text.GPIOA_PA5_Pull_Down  gpio_config.o
    0x08001a14   0x08001a14   0x00000010   Code   RO           84    .text.GPIOA_PA6_OUTPUT_MODE  gpio_config.o
    0x08001a24   0x08001a24   0x00000010   Code   RO          154    .text.GPIOA_PA6_Pull_Down  gpio_config.o
    0x08001a34   0x08001a34   0x00000010   Code   RO           86    .text.GPIOA_PA7_OUTPUT_MODE  gpio_config.o
    0x08001a44   0x08001a44   0x00000010   Code   RO          156    .text.GPIOA_PA7_Pull_Down  gpio_config.o
    0x08001a54   0x08001a54   0x00000010   Code   RO           88    .text.GPIOA_PA8_OUTPUT_MODE  gpio_config.o
    0x08001a64   0x08001a64   0x00000010   Code   RO          158    .text.GPIOA_PA8_Pull_Down  gpio_config.o
    0x08001a74   0x08001a74   0x00000010   Code   RO           90    .text.GPIOA_PA9_OUTPUT_MODE  gpio_config.o
    0x08001a84   0x08001a84   0x00000012   Code   RO          187    .text.GPIOB_CLOCK_ENABLE  rcc_clock_config.o
    0x08001a96   0x08001a96   0x00000002   PAD
    0x08001a98   0x08001a98   0x00000012   Code   RO          106    .text.GPIOB_PB10_OUTPUT_MODE  gpio_config.o
    0x08001aaa   0x08001aaa   0x00000002   PAD
    0x08001aac   0x08001aac   0x00000012   Code   RO          170    .text.GPIOB_PB10_Pull_Down  gpio_config.o
    0x08001abe   0x08001abe   0x00000002   PAD
    0x08001ac0   0x08001ac0   0x0000001a   Code   RO           94    .text.GPIOB_PB3_OUTPUT_MODE  gpio_config.o
    0x08001ada   0x08001ada   0x00000002   PAD
    0x08001adc   0x08001adc   0x00000012   Code   RO          162    .text.GPIOB_PB3_Pull_Down  gpio_config.o
    0x08001aee   0x08001aee   0x00000002   PAD
    0x08001af0   0x08001af0   0x0000001a   Code   RO           96    .text.GPIOB_PB4_OUTPUT_MODE  gpio_config.o
    0x08001b0a   0x08001b0a   0x00000002   PAD
    0x08001b0c   0x08001b0c   0x00000012   Code   RO          164    .text.GPIOB_PB4_Pull_Down  gpio_config.o
    0x08001b1e   0x08001b1e   0x00000002   PAD
    0x08001b20   0x08001b20   0x0000001a   Code   RO           98    .text.GPIOB_PB5_OUTPUT_MODE  gpio_config.o
    0x08001b3a   0x08001b3a   0x00000002   PAD
    0x08001b3c   0x08001b3c   0x00000012   Code   RO          166    .text.GPIOB_PB5_Pull_Down  gpio_config.o
    0x08001b4e   0x08001b4e   0x00000002   PAD
    0x08001b50   0x08001b50   0x00000012   Code   RO          104    .text.GPIOB_PB9_OUTPUT_MODE  gpio_config.o
    0x08001b62   0x08001b62   0x00000002   PAD
    0x08001b64   0x08001b64   0x00000012   Code   RO          168    .text.GPIOB_PB9_Pull_Down  gpio_config.o
    0x08001b76   0x08001b76   0x00000002   PAD
    0x08001b78   0x08001b78   0x00000012   Code   RO          189    .text.GPIOC_CLOCK_ENABLE  rcc_clock_config.o
    0x08001b8a   0x08001b8a   0x00000002   PAD
    0x08001b8c   0x08001b8c   0x00000012   Code   RO          108    .text.GPIOC_PC0_OUTPUT_MODE  gpio_config.o
    0x08001b9e   0x08001b9e   0x00000002   PAD
    0x08001ba0   0x08001ba0   0x00000012   Code   RO          172    .text.GPIOC_PC0_Pull_Down  gpio_config.o
    0x08001bb2   0x08001bb2   0x00000002   PAD
    0x08001bb4   0x08001bb4   0x00000012   Code   RO          122    .text.GPIOC_PC1_AF7_SPI2  gpio_config.o
    0x08001bc6   0x08001bc6   0x00000002   PAD
    0x08001bc8   0x08001bc8   0x00000012   Code   RO           76    .text.GPIOC_PC1_AF_Mode  gpio_config.o
    0x08001bda   0x08001bda   0x00000002   PAD
    0x08001bdc   0x08001bdc   0x00000012   Code   RO          138    .text.GPIOC_PC1_Output_Speed_HIGH  gpio_config.o
    0x08001bee   0x08001bee   0x00000002   PAD
    0x08001bf0   0x08001bf0   0x00000012   Code   RO          124    .text.GPIOC_PC2_AF5_SPI2  gpio_config.o
    0x08001c02   0x08001c02   0x00000002   PAD
    0x08001c04   0x08001c04   0x00000012   Code   RO           78    .text.GPIOC_PC2_AF_Mode  gpio_config.o
    0x08001c16   0x08001c16   0x00000002   PAD
    0x08001c18   0x08001c18   0x00000012   Code   RO          140    .text.GPIOC_PC2_Output_Speed_HIGH  gpio_config.o
    0x08001c2a   0x08001c2a   0x00000002   PAD
    0x08001c2c   0x08001c2c   0x00000012   Code   RO          126    .text.GPIOC_PC7_AF5_SPI2  gpio_config.o
    0x08001c3e   0x08001c3e   0x00000002   PAD
    0x08001c40   0x08001c40   0x00000012   Code   RO           80    .text.GPIOC_PC7_AF_Mode  gpio_config.o
    0x08001c52   0x08001c52   0x00000002   PAD
    0x08001c54   0x08001c54   0x00000012   Code   RO          142    .text.GPIOC_PC7_Output_Speed_HIGH  gpio_config.o
    0x08001c66   0x08001c66   0x00000002   PAD
    0x08001c68   0x08001c68   0x0000003e   Code   RO          369    .text.LCD_8BIT_WRITE  lcd_driver.o
    0x08001ca6   0x08001ca6   0x00000002   PAD
    0x08001ca8   0x08001ca8   0x0000000a   Code   RO          361    .text.LCD_CLEAR_DISPLAY  lcd_driver.o
    0x08001cb2   0x08001cb2   0x00000002   PAD
    0x08001cb4   0x08001cb4   0x0000000a   Code   RO          345    .text.LCD_CURSOR_ON  lcd_driver.o
    0x08001cbe   0x08001cbe   0x00000002   PAD
    0x08001cc0   0x08001cc0   0x00000030   Code   RO          371    .text.LCD_ENABLE    lcd_driver.o
    0x08001cf0   0x08001cf0   0x0000000a   Code   RO          349    .text.LCD_ENTRY_MODE_CURSOR_RIGHT  lcd_driver.o
    0x08001cfa   0x08001cfa   0x00000002   PAD
    0x08001cfc   0x08001cfc   0x0000000a   Code   RO          365    .text.LCD_FUNCTION_SET_8BIT_INTERFACE  lcd_driver.o
    0x08001d06   0x08001d06   0x00000002   PAD
    0x08001d08   0x08001d08   0x0000005c   Code   RO          337    .text.LCD_GPIO_CONFIG  lcd_driver.o
    0x08001d64   0x08001d64   0x00000036   Code   RO          339    .text.LCD_INIT      lcd_driver.o
    0x08001d9a   0x08001d9a   0x00000002   PAD
    0x08001d9c   0x08001d9c   0x0000000a   Code   RO          363    .text.LCD_RETURN_HOME  lcd_driver.o
    0x08001da6   0x08001da6   0x00000002   PAD
    0x08001da8   0x08001da8   0x00000014   Code   RO          375    .text.LCD_SEND_CHAR  lcd_driver.o
    0x08001dbc   0x08001dbc   0x00000152   Code   RO          341    .text.LCD_SEND_CMD  lcd_driver.o
    0x08001f0e   0x08001f0e   0x00000002   PAD
    0x08001f10   0x08001f10   0x00000022   Code   RO          377    .text.LCD_SEND_STRING  lcd_driver.o
    0x08001f32   0x08001f32   0x00000002   PAD
    0x08001f34   0x08001f34   0x00000024   Code   RO          379    .text.LCD_SEND_WHOLE_NUM  lcd_driver.o
    0x08001f58   0x08001f58   0x00000012   Code   RO          220    .text.SPI2_BAUD_RATE_DIV_8  spi_master.o
    0x08001f6a   0x08001f6a   0x00000002   PAD
    0x08001f6c   0x08001f6c   0x00000012   Code   RO          209    .text.SPI2_CLOCK_ENABLE  rcc_clock_config.o
    0x08001f7e   0x08001f7e   0x00000002   PAD
    0x08001f80   0x08001f80   0x0000000e   Code   RO          236    .text.SPI2_CR2_REGISTER_RESET  spi_master.o
    0x08001f8e   0x08001f8e   0x00000002   PAD
    0x08001f90   0x08001f90   0x00000012   Code   RO          228    .text.SPI2_DFF_8BIT  spi_master.o
    0x08001fa2   0x08001fa2   0x00000002   PAD
    0x08001fa4   0x08001fa4   0x00000012   Code   RO          238    .text.SPI2_ENABLE   spi_master.o
    0x08001fb6   0x08001fb6   0x00000002   PAD
    0x08001fb8   0x08001fb8   0x00000012   Code   RO          226    .text.SPI2_FULL_DUPLEX_MODE  spi_master.o
    0x08001fca   0x08001fca   0x00000002   PAD
    0x08001fcc   0x08001fcc   0x000000ea   Code   RO           10    .text.SPI2_IRQHandler  main.o
    0x080020b6   0x080020b6   0x00000002   PAD
    0x080020b8   0x080020b8   0x00000012   Code   RO          218    .text.SPI2_MASTER_MODE  spi_master.o
    0x080020ca   0x080020ca   0x00000002   PAD
    0x080020cc   0x080020cc   0x00000012   Code   RO          222    .text.SPI2_MSB_FIRST  spi_master.o
    0x080020de   0x080020de   0x00000002   PAD
    0x080020e0   0x080020e0   0x00000012   Code   RO          224    .text.SPI2_SSM_Enable  spi_master.o
    0x080020f2   0x080020f2   0x00000002   PAD
    0x080020f4   0x080020f4   0x000000ba   Code   RO          250    .text.SPI2_TRANSMIT_CONTROL_BYTE_SINGLE_BYTE_READ  spi_master.o
    0x080021ae   0x080021ae   0x00000002   PAD
    0x080021b0   0x080021b0   0x000000dc   Code   RO          252    .text.SPI2_TRANSMIT_MULTI_BYTE_READ  spi_master.o
    0x0800228c   0x0800228c   0x0000011a   Code   RO          246    .text.SPI2_TRANSMIT_WRITE  spi_master.o
    0x080023a6   0x080023a6   0x00000002   PAD
    0x080023a8   0x080023a8   0x000000d4   Code   RO          183    .text.SysClockConfig  rcc_clock_config.o
    0x0800247c   0x0800247c   0x00000012   Code   RO          404    .text.SystemInit    system_stm32f4xx.o
    0x0800248e   0x0800248e   0x00000002   PAD
    0x08002490   0x08002490   0x00000012   Code   RO          203    .text.TIM6_CLOCK_ENABLE  rcc_clock_config.o
    0x080024a2   0x080024a2   0x00000006   PAD
    0x080024a8   0x080024a8   0x00000350   Code   RO           12    .text.TIM6_DAC_IRQHandler  main.o
    0x080027f8   0x080027f8   0x00000012   Code   RO          205    .text.TIM7_CLOCK_ENABLE  rcc_clock_config.o
    0x0800280a   0x0800280a   0x00000002   PAD
    0x0800280c   0x0800280c   0x00000010   Code   RO          271    .text.TIMER6_ARR_5000  timer_config.o
    0x0800281c   0x0800281c   0x00000010   Code   RO          277    .text.TIMER7_ARR_MAX  timer_config.o
    0x0800282c   0x0800282c   0x00000030   Code   RO          295    .text.TIMER7_Delay_ms  timer_config.o
    0x0800285c   0x0800285c   0x00000030   Code   RO          297    .text.TIMER7_Delay_s  timer_config.o
    0x0800288c   0x0800288c   0x0000002e   Code   RO          293    .text.TIMER7_Delay_us  timer_config.o
    0x080028ba   0x080028ba   0x00000002   PAD
    0x080028bc   0x080028bc   0x0000000e   Code   RO          267    .text.TIMER7_PSC_90  timer_config.o
    0x080028ca   0x080028ca   0x00000002   PAD
    0x080028cc   0x080028cc   0x00000012   Code   RO          279    .text.Timer6_Interrupt_Enable  timer_config.o
    0x080028de   0x080028de   0x00000002   PAD
    0x080028e0   0x080028e0   0x00000010   Code   RO          265    .text.Timer6_PSC_9000  timer_config.o
    0x080028f0   0x080028f0   0x0000002e   Code   RO          316    .text.UART2_SendChar  usart_config.o
    0x0800291e   0x0800291e   0x00000002   PAD
    0x08002920   0x08002920   0x00000022   Code   RO          318    .text.UART2_SendString  usart_config.o
    0x08002942   0x08002942   0x00000002   PAD
    0x08002944   0x08002944   0x0000001a   Code   RO          310    .text.USART2_Baud_Rate_115200  usart_config.o
    0x0800295e   0x0800295e   0x00000002   PAD
    0x08002960   0x08002960   0x00000012   Code   RO          201    .text.USART2_CLOCK_ENABLE  rcc_clock_config.o
    0x08002972   0x08002972   0x00000002   PAD
    0x08002974   0x08002974   0x00000016   Code   RO          306    .text.USART2_Enable  usart_config.o
    0x0800298a   0x0800298a   0x00000002   PAD
    0x0800298c   0x0800298c   0x00000012   Code   RO          314    .text.USART2_Enable_RE  usart_config.o
    0x0800299e   0x0800299e   0x00000002   PAD
    0x080029a0   0x080029a0   0x00000012   Code   RO          312    .text.USART2_Enable_TE  usart_config.o
    0x080029b2   0x080029b2   0x00000002   PAD
    0x080029b4   0x080029b4   0x00000012   Code   RO          308    .text.USART2_Word_Length_8  usart_config.o
    0x080029c6   0x080029c6   0x00000002   PAD
    0x080029c8   0x080029c8   0x00000030   Code   RO            4    .text.__NVIC_EnableIRQ  main.o
    0x080029f8   0x080029f8   0x00000160   Code   RO            2    .text.main          main.o
    0x08002b58   0x08002b58   0x000000f4   Code   RO            6    .text.trimmingParameterReadout  main.o
    0x08002c4c   0x08002c4c   0x0000003e   Code   RO          677    CL$$btod_d2e        c_w.l(btod.o)
    0x08002c8a   0x08002c8a   0x00000046   Code   RO          679    CL$$btod_d2e_denorm_low  c_w.l(btod.o)
    0x08002cd0   0x08002cd0   0x00000060   Code   RO          678    CL$$btod_d2e_norm_op1  c_w.l(btod.o)
    0x08002d30   0x08002d30   0x00000338   Code   RO          687    CL$$btod_div_common  c_w.l(btod.o)
    0x08003068   0x08003068   0x000000dc   Code   RO          684    CL$$btod_e2e        c_w.l(btod.o)
    0x08003144   0x08003144   0x0000002a   Code   RO          681    CL$$btod_ediv       c_w.l(btod.o)
    0x0800316e   0x0800316e   0x0000002a   Code   RO          680    CL$$btod_emul       c_w.l(btod.o)
    0x08003198   0x08003198   0x00000244   Code   RO          686    CL$$btod_mult_common  c_w.l(btod.o)
    0x080033dc   0x080033dc   0x00000030   Code   RO          601    i.__ARM_fpclassify  m_wm.l(fpclassify.o)
    0x0800340c   0x0800340c   0x00000004   PAD
    0x08003410   0x08003410   0x00000c60   Code   RO          449    i.__hardfp_pow      m_wm.l(pow.o)
    0x08004070   0x08004070   0x000000f8   Code   RO          603    i.__kernel_poly     m_wm.l(poly.o)
    0x08004168   0x08004168   0x00000030   Code   RO          581    i.__mathlib_dbl_divzero  m_wm.l(dunder.o)
    0x08004198   0x08004198   0x00000014   Code   RO          583    i.__mathlib_dbl_infnan2  m_wm.l(dunder.o)
    0x080041ac   0x080041ac   0x00000004   PAD
    0x080041b0   0x080041b0   0x00000020   Code   RO          584    i.__mathlib_dbl_invalid  m_wm.l(dunder.o)
    0x080041d0   0x080041d0   0x00000020   Code   RO          585    i.__mathlib_dbl_overflow  m_wm.l(dunder.o)
    0x080041f0   0x080041f0   0x00000020   Code   RO          587    i.__mathlib_dbl_underflow  m_wm.l(dunder.o)
    0x08004210   0x08004210   0x0000000e   Code   RO          523    i._is_digit         c_w.l(__printf_wp.o)
    0x0800421e   0x0800421e   0x00000018   Code   RO          597    i.fabs              m_wm.l(fabs.o)
    0x08004236   0x08004236   0x0000006e   Code   RO          608    i.sqrt              m_wm.l(sqrt.o)
    0x080042a4   0x080042a4   0x0000002c   Code   RO          702    locale$$code        c_w.l(lc_numeric_c.o)
    0x080042d0   0x080042d0   0x0000002c   Code   RO          727    locale$$code        c_w.l(lc_ctype_c.o)
    0x080042fc   0x080042fc   0x00000018   Code   RO          556    x$fpl$basic         fz_wm.l(basic.o)
    0x08004314   0x08004314   0x00000150   Code   RO          429    x$fpl$dadd          fz_wm.l(daddsub_clz.o)
    0x08004464   0x08004464   0x00000010   Code   RO          654    x$fpl$dcheck1       fz_wm.l(dcheck1.o)
    0x08004474   0x08004474   0x00000018   Code   RO          656    x$fpl$dcmpinf       fz_wm.l(dcmpi.o)
    0x0800448c   0x0800448c   0x000002b4   Code   RO          438    x$fpl$ddiv          fz_wm.l(ddiv.o)
    0x08004740   0x08004740   0x0000002e   Code   RO          442    x$fpl$dflt          fz_wm.l(dflt_clz.o)
    0x0800476e   0x0800476e   0x00000026   Code   RO          441    x$fpl$dfltu         fz_wm.l(dflt_clz.o)
    0x08004794   0x08004794   0x00000078   Code   RO          562    x$fpl$dleqf         fz_wm.l(dleqf.o)
    0x0800480c   0x0800480c   0x00000154   Code   RO          447    x$fpl$dmul          fz_wm.l(dmul.o)
    0x08004960   0x08004960   0x0000009c   Code   RO          564    x$fpl$dnaninf       fz_wm.l(dnaninf.o)
    0x080049fc   0x080049fc   0x0000000c   Code   RO          566    x$fpl$dretinf       fz_wm.l(dretinf.o)
    0x08004a08   0x08004a08   0x0000006c   Code   RO          568    x$fpl$drleqf        fz_wm.l(drleqf.o)
    0x08004a74   0x08004a74   0x00000016   Code   RO          430    x$fpl$drsb          fz_wm.l(daddsub_clz.o)
    0x08004a8a   0x08004a8a   0x00000002   PAD
    0x08004a8c   0x08004a8c   0x00000198   Code   RO          658    x$fpl$dsqrt         fz_wm.l(dsqrt_umaal.o)
    0x08004c24   0x08004c24   0x000001dc   Code   RO          431    x$fpl$dsub          fz_wm.l(daddsub_clz.o)
    0x08004e00   0x08004e00   0x0000001a   Code   RO          801    x$fpl$fpinit        fz_wm.l(fpinit.o)
    0x08004e1a   0x08004e1a   0x00000004   Code   RO          570    x$fpl$printf1       fz_wm.l(printf1.o)
    0x08004e1e   0x08004e1e   0x00000004   Code   RO          572    x$fpl$printf2       fz_wm.l(printf2.o)
    0x08004e22   0x08004e22   0x00000064   Code   RO          718    x$fpl$retnan        fz_wm.l(retnan.o)
    0x08004e86   0x08004e86   0x0000005c   Code   RO          578    x$fpl$scalbn        fz_wm.l(scalbn.o)
    0x08004ee2   0x08004ee2   0x00000030   Code   RO          780    x$fpl$trapveneer    fz_wm.l(trapv.o)
    0x08004f12   0x08004f12   0x00000000   Code   RO          580    x$fpl$usenofp       fz_wm.l(usenofp.o)
    0x08004f12   0x08004f12   0x00000006   PAD
    0x08004f18   0x08004f18   0x00000088   Data   RO          452    .constdata          m_wm.l(pow.o)
    0x08004fa0   0x08004fa0   0x00000008   Data   RO          482    .constdata          c_w.l(_printf_wctomb.o)
    0x08004fa8   0x08004fa8   0x00000028   Data   RO          511    .constdata          c_w.l(_printf_hex_int_ll_ptr.o)
    0x08004fd0   0x08004fd0   0x00000011   Data   RO          531    .constdata          c_w.l(__printf_flags_ss_wp.o)
    0x08004fe1   0x08004fe1   0x00000007   PAD
    0x08004fe8   0x08004fe8   0x00000008   Data   RO          605    .constdata          m_wm.l(qnan.o)
    0x08004ff0   0x08004ff0   0x00000026   Data   RO          643    .constdata          c_w.l(_printf_fp_hex.o)
    0x08005016   0x08005016   0x00000002   PAD
    0x08005018   0x08005018   0x00000094   Data   RO          675    .constdata          c_w.l(bigflt0.o)
    0x080050ac   0x080050ac   0x00000066   Data   RO           28    .rodata.str1.1      main.o
    0x08005112   0x08005112   0x00000003   Data   RO          387    .rodata.str1.1      lcd_driver.o
    0x08005115   0x08005115   0x00000003   PAD
    0x08005118   0x08005118   0x00000020   Data   RO          862    Region$$Table       anon$$obj.o
    0x08005138   0x08005138   0x0000001c   Data   RO          701    locale$$data        c_w.l(lc_numeric_c.o)
    0x08005154   0x08005154   0x00000110   Data   RO          726    locale$$data        c_w.l(lc_ctype_c.o)


    Execution Region ER_RW (Exec base: 0x20000000, Load base: 0x08005264, Size: 0x00000004, Max: 0xffffffff, ABSOLUTE)

    Exec Addr    Load Addr    Size         Type   Attr      Idx    E Section Name        Object

    0x20000000   0x08005264   0x00000001   Data   RW           25    .data.tempButton    main.o


    Execution Region ER_ZI (Exec base: 0x20000008, Load base: 0x08005268, Size: 0x00000718, Max: 0xffffffff, ABSOLUTE)

    Exec Addr    Load Addr    Size         Type   Attr      Idx    E Section Name        Object

    0x20000008        -       0x00000060   Zero   RW          661    .bss                c_w.l(libspace.o)
    0x20000068        -       0x00000032   Zero   RW           31    .bss.RXBuf          main.o
    0x2000009a   0x08005268   0x00000002   PAD
    0x2000009c        -       0x00000004   Zero   RW           32    .bss.RXBufIndex     main.o
    0x200000a0        -       0x00000001   Zero   RW           35    .bss.altButton      main.o
    0x200000a1        -       0x00000028   Zero   RW           29    .bss.calib          main.o
    0x200000c9   0x08005268   0x00000003   PAD
    0x200000cc        -       0x00000004   Zero   RW           30    .bss.calibIndex     main.o
    0x200000d0        -       0x00000008   Zero   RW           38    .bss.calibratedAlt  main.o
    0x200000d8        -       0x00000008   Zero   RW           37    .bss.calibratedPress  main.o
    0x200000e0        -       0x00000008   Zero   RW           36    .bss.calibratedTemp  main.o
    0x200000e8        -       0x00000002   Zero   RW           42    .bss.dig_P1         main.o
    0x200000ea        -       0x00000002   Zero   RW           43    .bss.dig_P2         main.o
    0x200000ec        -       0x00000002   Zero   RW           44    .bss.dig_P3         main.o
    0x200000ee        -       0x00000002   Zero   RW           45    .bss.dig_P4         main.o
    0x200000f0        -       0x00000002   Zero   RW           46    .bss.dig_P5         main.o
    0x200000f2        -       0x00000002   Zero   RW           47    .bss.dig_P6         main.o
    0x200000f4        -       0x00000002   Zero   RW           48    .bss.dig_P7         main.o
    0x200000f6        -       0x00000002   Zero   RW           49    .bss.dig_P8         main.o
    0x200000f8        -       0x00000002   Zero   RW           50    .bss.dig_P9         main.o
    0x200000fa        -       0x00000002   Zero   RW           39    .bss.dig_T1         main.o
    0x200000fc        -       0x00000002   Zero   RW           40    .bss.dig_T2         main.o
    0x200000fe        -       0x00000002   Zero   RW           41    .bss.dig_T3         main.o
    0x20000100        -       0x00000008   Zero   RW           27    .bss.p_reference    main.o
    0x20000108        -       0x00000004   Zero   RW           24    .bss.press          main.o
    0x2000010c        -       0x00000001   Zero   RW           34    .bss.pressButton    main.o
    0x2000010d   0x08005268   0x00000003   PAD
    0x20000110        -       0x00000004   Zero   RW           22    .bss.statusFlag     main.o
    0x20000114        -       0x00000004   Zero   RW           51    .bss.t_fine         main.o
    0x20000118        -       0x00000004   Zero   RW           23    .bss.temp           main.o
    0x2000011c        -       0x00000001   Zero   RW           33    .bss.title          main.o
    0x2000011d        -       0x00000001   Zero   RW           26    .bss.trimming       main.o
    0x2000011e   0x08005268   0x00000002   PAD
    0x20000120        -       0x00000200   Zero   RW          395    HEAP                startup_stm32f446xx.o
    0x20000320        -       0x00000400   Zero   RW          394    STACK               startup_stm32f446xx.o


==============================================================================

Image component sizes


      Code (inc. data)   RO Data    RW Data    ZI Data      Debug   Object Name

       674          0          0          0          0       5663   gpio_config.o
       734          0          3          0          0       4163   lcd_driver.o
      2582         56        102          1        174       7930   main.o
       338          0          0          0          0       2927   rcc_clock_config.o
       828          0          0          0          0       4022   spi_master.o
        64         26        452          0       1536        912   startup_stm32f446xx.o
        18          0          0          0          0       2755   system_stm32f4xx.o
       278          0          0          0          0       3055   timer_config.o
       182          0          0          0          0       2219   usart_config.o

    ----------------------------------------------------------------------
      5824         82        592          4       1720      33646   Object Totals
         0          0         32          0          0          0   (incl. Generated)
       126          0          3          3         10          0   (incl. Padding)

    ----------------------------------------------------------------------

      Code (inc. data)   RO Data    RW Data    ZI Data      Debug   Library Member Name

         8          0          0          0          0         68   __main.o
       392          4         17          0          0         92   __printf_flags_ss_wp.o
        14          0          0          0          0         68   __printf_wp.o
         0          0          0          0          0          0   __rtentry.o
        12          0          0          0          0          0   __rtentry2.o
         6          0          0          0          0          0   __rtentry4.o
        52          8          0          0          0          0   __scatter.o
        26          0          0          0          0          0   __scatter_copy.o
        28          0          0          0          0          0   __scatter_zi.o
        72          0          0          0          0         96   _c16rtomb.o
         6          0          0          0          0          0   _printf_a.o
         6          0          0          0          0          0   _printf_c.o
        44          0          0          0          0        108   _printf_char.o
        48          6          0          0          0         96   _printf_char_common.o
        40          0          0          0          0         68   _printf_charcount.o
         6          0          0          0          0          0   _printf_d.o
       120         16          0          0          0         92   _printf_dec.o
         6          0          0          0          0          0   _printf_e.o
         6          0          0          0          0          0   _printf_f.o
      1052          0          0          0          0        148   _printf_fp_dec.o
       764          8         38          0          0        100   _printf_fp_hex.o
       128         16          0          0          0         84   _printf_fp_infnan.o
         6          0          0          0          0          0   _printf_g.o
       148          4         40          0          0        160   _printf_hex_int_ll_ptr.o
         6          0          0          0          0          0   _printf_i.o
       178          0          0          0          0         88   _printf_intcommon.o
        10          0          0          0          0          0   _printf_l.o
         6          0          0          0          0          0   _printf_lc.o
        10          0          0          0          0          0   _printf_ll.o
         6          0          0          0          0          0   _printf_lld.o
         6          0          0          0          0          0   _printf_lli.o
         6          0          0          0          0          0   _printf_llo.o
         6          0          0          0          0          0   _printf_llu.o
         6          0          0          0          0          0   _printf_llx.o
       124         16          0          0          0         92   _printf_longlong_dec.o
         6          0          0          0          0          0   _printf_ls.o
         6          0          0          0          0          0   _printf_n.o
         6          0          0          0          0          0   _printf_o.o
       112          8          0          0          0        124   _printf_oct_int_ll.o
         6          0          0          0          0          0   _printf_p.o
        78          0          0          0          0        108   _printf_pad.o
         0          0          0          0          0          0   _printf_percent.o
         4          0          0          0          0          0   _printf_percent_end.o
         6          0          0          0          0          0   _printf_s.o
        82          0          0          0          0         80   _printf_str.o
        36          0          0          0          0         84   _printf_truncate.o
         6          0          0          0          0          0   _printf_u.o
        44          0          0          0          0        108   _printf_wchar.o
       188          6          8          0          0         92   _printf_wctomb.o
         6          0          0          0          0          0   _printf_x.o
        22          0          0          0          0        100   _rserrno.o
        10          0          0          0          0         68   _sputc.o
       228          4        148          0          0         96   bigflt0.o
      1936        128          0          0          0        668   btod.o
        18          0          0          0          0         80   exit.o
         6          0          0          0          0        152   heapauxi.o
         0          0          0          0          0          0   indicate_semi.o
        44         10        272          0          0         76   lc_ctype_c.o
        44         10         28          0          0         76   lc_numeric_c.o
         2          0          0          0          0          0   libinit.o
        34          0          0          0          0          0   libinit2.o
         2          0          0          0          0          0   libshutdown.o
         2          0          0          0          0          0   libshutdown2.o
         8          4          0          0         96         68   libspace.o
       116          0          0          0          0         84   llsdiv.o
       138          0          0          0          0         80   lludiv10.o
       240          0          0          0          0        100   lludivv7m.o
        16          4          0          0          0         76   rt_ctype_table.o
         8          4          0          0          0         68   rt_errno_addr_intlibspace.o
         8          4          0          0          0         68   rt_locale_intlibspace.o
         2          0          0          0          0          0   rtexit.o
        10          0          0          0          0          0   rtexit2.o
        44          6          0          0          0         84   sprintf.o
       124          0          0          0          0         88   strcmpv7em.o
        12          4          0          0          0         68   sys_exit.o
        74          0          0          0          0         80   sys_stackheap_outer.o
         2          0          0          0          0         68   use_no_semi.o
        24          0          0          0          0        164   basic.o
       834         16          0          0          0        516   daddsub_clz.o
        16          4          0          0          0        116   dcheck1.o
        24          0          0          0          0        116   dcmpi.o
       692        140          0          0          0        264   ddiv.o
        84          0          0          0          0        232   dflt_clz.o
       120          4          0          0          0        140   dleqf.o
       340         12          0          0          0        152   dmul.o
       156          4          0          0          0        140   dnaninf.o
        12          0          0          0          0        116   dretinf.o
       108          0          0          0          0        128   drleqf.o
       408         56          0          0          0        168   dsqrt_umaal.o
        26          0          0          0          0        116   fpinit.o
         4          0          0          0          0        116   printf1.o
         4          0          0          0          0        116   printf2.o
       100          0          0          0          0        116   retnan.o
        92          0          0          0          0        116   scalbn.o
        48          0          0          0          0        116   trapv.o
         0          0          0          0          0          0   usenofp.o
       164         44          0          0          0        620   dunder.o
        24          0          0          0          0        124   fabs.o
        48          0          0          0          0        124   fpclassify.o
       248          0          0          0          0        152   poly.o
      3168        296        136          0          0        352   pow.o
         0          0          8          0          0          0   qnan.o
       110          0          0          0          0        148   sqrt.o

    ----------------------------------------------------------------------
     13972        846        704          0         96       8672   Library Totals
        28          0          9          0          0          0   (incl. Padding)

    ----------------------------------------------------------------------

      Code (inc. data)   RO Data    RW Data    ZI Data      Debug   Library Name

      7090        270        551          0         96       4204   c_w.l
      3092        236          0          0          0       2948   fz_wm.l
      3762        340        144          0          0       1520   m_wm.l

    ----------------------------------------------------------------------
     13972        846        704          0         96       8672   Library Totals

    ----------------------------------------------------------------------

==============================================================================


      Code (inc. data)   RO Data    RW Data    ZI Data      Debug   

     19796        928       1296          4       1816      37042   Grand Totals
     19796        928       1296          4       1816      37042   ELF Image Totals
     19796        928       1296          4          0          0   ROM Totals

==============================================================================

    Total RO  Size (Code + RO Data)                21092 (  20.60kB)
    Total RW  Size (RW Data + ZI Data)              1820 (   1.78kB)
    Total ROM Size (Code + RO Data + RW Data)      21096 (  20.60kB)

==============================================================================

