Component: Arm Compiler for Embedded 6.22 Tool: armlink [5ee90200]

==============================================================================

Section Cross References

    main.o(.text.main) refers to rcc_clock_config.o(.text.SysClockConfig) for SysClockConfig
    main.o(.text.main) refers to rcc_clock_config.o(.text.GPIOB_CLOCK_ENABLE) for GPIOB_CLOCK_ENABLE
    main.o(.text.main) refers to rcc_clock_config.o(.text.GPIOA_CLOCK_ENABLE) for GPIOA_CLOCK_ENABLE
    main.o(.text.main) refers to rcc_clock_config.o(.text.GPIOC_CLOCK_ENABLE) for GPIOC_CLOCK_ENABLE
    main.o(.text.main) refers to rcc_clock_config.o(.text.USART2_CLOCK_ENABLE) for USART2_CLOCK_ENABLE
    main.o(.text.main) refers to rcc_clock_config.o(.text.I2C1_CLOCK_ENABLE) for I2C1_CLOCK_ENABLE
    main.o(.text.main) refers to rcc_clock_config.o(.text.TIM6_CLOCK_ENABLE) for TIM6_CLOCK_ENABLE
    main.o(.text.main) refers to rcc_clock_config.o(.text.TIM7_CLOCK_ENABLE) for TIM7_CLOCK_ENABLE
    main.o(.text.main) refers to gpio_config.o(.text.GPIOB_PB7_AF_Mode) for GPIOB_PB7_AF_Mode
    main.o(.text.main) refers to gpio_config.o(.text.GPIOB_PB7_AF4_I2C1) for GPIOB_PB7_AF4_I2C1
    main.o(.text.main) refers to gpio_config.o(.text.GPIOB_PB7_OTYPE_Open_Drain) for GPIOB_PB7_OTYPE_Open_Drain
    main.o(.text.main) refers to gpio_config.o(.text.GPIOB_PB7_Pull_Up) for GPIOB_PB7_Pull_Up
    main.o(.text.main) refers to gpio_config.o(.text.GPIOB_PB7_Output_Speed_HIGH) for GPIOB_PB7_Output_Speed_HIGH
    main.o(.text.main) refers to gpio_config.o(.text.GPIOB_PB8_AF_Mode) for GPIOB_PB8_AF_Mode
    main.o(.text.main) refers to gpio_config.o(.text.GPIOB_PB8_AF4_I2C1) for GPIOB_PB8_AF4_I2C1
    main.o(.text.main) refers to gpio_config.o(.text.GPIOB_PB8_OTYPE_Open_Drain) for GPIOB_PB8_OTYPE_Open_Drain
    main.o(.text.main) refers to gpio_config.o(.text.GPIOB_PB8_Pull_Up) for GPIOB_PB8_Pull_Up
    main.o(.text.main) refers to gpio_config.o(.text.GPIOB_PB8_Output_Speed_HIGH) for GPIOB_PB8_Output_Speed_HIGH
    main.o(.text.main) refers to i2c_master.o(.text.I2C1_Software_Reset) for I2C1_Software_Reset
    main.o(.text.main) refers to i2c_master.o(.text.I2C1_MASTER_CLK_FREQ_45MHZ) for I2C1_MASTER_CLK_FREQ_45MHZ
    main.o(.text.main) refers to i2c_master.o(.text.I2C1_MASTER_CCR_Sm_THigh_FREQ_45) for I2C1_MASTER_CCR_Sm_THigh_FREQ_45
    main.o(.text.main) refers to i2c_master.o(.text.I2C1_MASTER_Sm_TRISE_FREQ_45) for I2C1_MASTER_Sm_TRISE_FREQ_45
    main.o(.text.main) refers to i2c_master.o(.text.I2C1_MASTER_ENABLE) for I2C1_MASTER_ENABLE
    main.o(.text.main) refers to usart_config.o(.text.USART2_GPIO_CONFIG) for USART2_GPIO_CONFIG
    main.o(.text.main) refers to usart_config.o(.text.USART2_Enable) for USART2_Enable
    main.o(.text.main) refers to usart_config.o(.text.USART2_Baud_Rate_115200) for USART2_Baud_Rate_115200
    main.o(.text.main) refers to usart_config.o(.text.USART2_Word_Length_8) for USART2_Word_Length_8
    main.o(.text.main) refers to usart_config.o(.text.USART2_Enable_RE) for USART2_Enable_RE
    main.o(.text.main) refers to usart_config.o(.text.USART2_Enable_TE) for USART2_Enable_TE
    main.o(.text.main) refers to timer_config.o(.text.TIMER6_PSC_90) for TIMER6_PSC_90
    main.o(.text.main) refers to timer_config.o(.text.TIMER6_ARR_MAX) for TIMER6_ARR_MAX
    main.o(.text.main) refers to timer_config.o(.text.Enable_TIMER6) for Enable_TIMER6
    main.o(.text.main) refers to timer_config.o(.text.Timer7_PSC_9000) for Timer7_PSC_9000
    main.o(.text.main) refers to timer_config.o(.text.TIMER7_ARR_5000) for TIMER7_ARR_5000
    main.o(.text.main) refers to timer_config.o(.text.Timer7_Interrupt_Enable) for Timer7_Interrupt_Enable
    main.o(.text.main) refers to main.o(.text.__NVIC_EnableIRQ) for __NVIC_EnableIRQ
    main.o(.text.main) refers to lcd_driver.o(.text.LCD_GPIO_CONFIG) for LCD_GPIO_CONFIG
    main.o(.text.main) refers to lcd_driver.o(.text.LCD_INIT) for LCD_INIT
    main.o(.text.main) refers to lcd_driver.o(.text.LCD_FUNCTION_SET_8BIT_INTERFACE) for LCD_FUNCTION_SET_8BIT_INTERFACE
    main.o(.text.main) refers to lcd_driver.o(.text.LCD_RETURN_HOME) for LCD_RETURN_HOME
    main.o(.text.main) refers to lcd_driver.o(.text.LCD_CLEAR_DISPLAY) for LCD_CLEAR_DISPLAY
    main.o(.text.main) refers to lcd_driver.o(.text.LCD_CURSOR_ON) for LCD_CURSOR_ON
    main.o(.text.main) refers to lcd_driver.o(.text.LCD_ENTRY_MODE_CURSOR_RIGHT) for LCD_ENTRY_MODE_CURSOR_RIGHT
    main.o(.text.main) refers to main.o(.text.READ_SENSOR_ID) for READ_SENSOR_ID
    main.o(.text.main) refers to main.o(.bss.trimming) for trimming
    main.o(.text.main) refers to main.o(.text.readTrimmingParameters) for readTrimmingParameters
    main.o(.text.main) refers to main.o(.text.BME280Config) for BME280Config
    main.o(.text.main) refers to main.o(.text.BMP_SetRefPressure) for BMP_SetRefPressure
    main.o(.text.main) refers to main.o(.bss.p_reference) for p_reference
    main.o(.text.main) refers to timer_config.o(.text.Enable_TIMER7) for Enable_TIMER7
[...]
    _printf_llo                              0x080002c3   Thumb Code     0  _printf_llo.o(.ARM.Collect$$_printf_percent$$00000010)
    _printf_llx                              0x080002c9   Thumb Code     0  _printf_llx.o(.ARM.Collect$$_printf_percent$$00000011)
    _printf_l                                0x080002cf   Thumb Code     0  _printf_l.o(.ARM.Collect$$_printf_percent$$00000012)
    _printf_c                                0x080002d9   Thumb Code     0  _printf_c.o(.ARM.Collect$$_printf_percent$$00000013)
    _printf_s                                0x080002df   Thumb Code     0  _printf_s.o(.ARM.Collect$$_printf_percent$$00000014)
    _printf_lc                               0x080002e5   Thumb Code     0  _printf_lc.o(.ARM.Collect$$_printf_percent$$00000015)
    _printf_ls                               0x080002eb   Thumb Code     0  _printf_ls.o(.ARM.Collect$$_printf_percent$$00000016)
    _printf_percent_end                      0x080002f1   Thumb Code     0  _printf_percent_end.o(.ARM.Collect$$_printf_percent$$00000017)
    __rt_lib_init                            0x080002f5   Thumb Code     0  libinit.o(.ARM.Collect$$libinit$$00000000)
    __rt_lib_init_fp_1                       0x080002f7   Thumb Code     0  libinit2.o(.ARM.Collect$$libinit$$00000001)
    __rt_lib_init_heap_1                     0x080002fb   Thumb Code     0  libinit2.o(.ARM.Collect$$libinit$$0000000C)
    __rt_lib_init_lc_common                  0x080002fb   Thumb Code     0  libinit2.o(.ARM.Collect$$libinit$$00000011)
    __rt_lib_init_preinit_1                  0x080002fb   Thumb Code     0  libinit2.o(.ARM.Collect$$libinit$$00000006)
    __rt_lib_init_rand_1                     0x080002fb   Thumb Code     0  libinit2.o(.ARM.Collect$$libinit$$00000010)
    __rt_lib_init_relocate_pie_1             0x080002fb   Thumb Code     0  libinit2.o(.ARM.Collect$$libinit$$00000004)
    __rt_lib_init_user_alloc_1               0x080002fb   Thumb Code     0  libinit2.o(.ARM.Collect$$libinit$$0000000E)
    __rt_lib_init_lc_collate_1               0x08000301   Thumb Code     0  libinit2.o(.ARM.Collect$$libinit$$00000013)
    __rt_lib_init_lc_ctype_2                 0x08000301   Thumb Code     0  libinit2.o(.ARM.Collect$$libinit$$00000014)
    __rt_lib_init_lc_ctype_1                 0x0800030d   Thumb Code     0  libinit2.o(.ARM.Collect$$libinit$$00000015)
    __rt_lib_init_lc_monetary_1              0x0800030d   Thumb Code     0  libinit2.o(.ARM.Collect$$libinit$$00000017)
    __rt_lib_init_lc_numeric_2               0x0800030d   Thumb Code     0  libinit2.o(.ARM.Collect$$libinit$$00000018)
    __rt_lib_init_alloca_1                   0x08000317   Thumb Code     0  libinit2.o(.ARM.Collect$$libinit$$00000030)
    __rt_lib_init_argv_1                     0x08000317   Thumb Code     0  libinit2.o(.ARM.Collect$$libinit$$0000002E)
    __rt_lib_init_atexit_1                   0x08000317   Thumb Code     0  libinit2.o(.ARM.Collect$$libinit$$0000001D)
    __rt_lib_init_clock_1                    0x08000317   Thumb Code     0  libinit2.o(.ARM.Collect$$libinit$$00000023)
    __rt_lib_init_cpp_1                      0x08000317   Thumb Code     0  libinit2.o(.ARM.Collect$$libinit$$00000034)
    __rt_lib_init_exceptions_1               0x08000317   Thumb Code     0  libinit2.o(.ARM.Collect$$libinit$$00000032)
    __rt_lib_init_fp_trap_1                  0x08000317   Thumb Code     0  libinit2.o(.ARM.Collect$$libinit$$00000021)
    __rt_lib_init_getenv_1                   0x08000317   Thumb Code     0  libinit2.o(.ARM.Collect$$libinit$$00000025)
    __rt_lib_init_lc_numeric_1               0x08000317   Thumb Code     0  libinit2.o(.ARM.Collect$$libinit$$00000019)
    __rt_lib_init_lc_time_1                  0x08000317   Thumb Code     0  libinit2.o(.ARM.Collect$$libinit$$0000001B)
    __rt_lib_init_return                     0x08000317   Thumb Code     0  libinit2.o(.ARM.Collect$$libinit$$00000035)
    __rt_lib_init_signal_1                   0x08000317   Thumb Code     0  libinit2.o(.ARM.Collect$$libinit$$0000001F)
    __rt_lib_init_stdio_1                    0x08000317   Thumb Code     0  libinit2.o(.ARM.Collect$$libinit$$00000027)
    __rt_lib_shutdown                        0x08000319   Thumb Code     0  libshutdown.o(.ARM.Collect$$libshutdown$$00000000)
    __rt_lib_shutdown_cpp_1                  0x0800031b   Thumb Code     0  libshutdown2.o(.ARM.Collect$$libshutdown$$00000002)
    __rt_lib_shutdown_fp_trap_1              0x0800031b   Thumb Code     0  libshutdown2.o(.ARM.Collect$$libshutdown$$00000007)
    __rt_lib_shutdown_heap_1                 0x0800031b   Thumb Code     0  libshutdown2.o(.ARM.Collect$$libshutdown$$0000000F)
    __rt_lib_shutdown_return                 0x0800031b   Thumb Code     0  libshutdown2.o(.ARM.Collect$$libshutdown$$00000010)
    __rt_lib_shutdown_signal_1               0x0800031b   Thumb Code     0  libshutdown2.o(.ARM.Collect$$libshutdown$$0000000A)
    __rt_lib_shutdown_stdio_1                0x0800031b   Thumb Code     0  libshutdown2.o(.ARM.Collect$$libshutdown$$00000004)
    __rt_lib_shutdown_user_alloc_1           0x0800031b   Thumb Code     0  libshutdown2.o(.ARM.Collect$$libshutdown$$0000000C)
    __rt_entry                               0x0800031d   Thumb Code     0  __rtentry.o(.ARM.Collect$$rtentry$$00000000)
    __rt_entry_presh_1                       0x0800031d   Thumb Code     0  __rtentry2.o(.ARM.Collect$$rtentry$$00000002)
    __rt_entry_sh                            0x0800031d   Thumb Code     0  __rtentry4.o(.ARM.Collect$$rtentry$$00000004)
    __rt_entry_li                            0x08000323   Thumb Code     0  __rtentry2.o(.ARM.Collect$$rtentry$$0000000A)
    __rt_entry_postsh_1                      0x08000323   Thumb Code     0  __rtentry2.o(.ARM.Collect$$rtentry$$00000009)
    __rt_entry_main                          0x08000327   Thumb Code     0  __rtentry2.o(.ARM.Collect$$rtentry$$0000000D)
    __rt_entry_postli_1                      0x08000327   Thumb Code     0  __rtentry2.o(.ARM.Collect$$rtentry$$0000000C)
    __rt_exit                                0x0800032f   Thumb Code     0  rtexit.o(.ARM.Collect$$rtexit$$00000000)
    __rt_exit_ls                             0x08000331   Thumb Code     0  rtexit2.o(.ARM.Collect$$rtexit$$00000003)
    __rt_exit_prels_1                        0x08000331   Thumb Code     0  rtexit2.o(.ARM.Collect$$rtexit$$00000002)
    __rt_exit_exit                           0x08000335   Thumb Code     0  rtexit2.o(.ARM.Collect$$rtexit$$00000004)
    Reset_Handler                            0x0800033d   Thumb Code     8  startup_stm32f446xx.o(.text)
    NMI_Handler                              0x08000345   Thumb Code     2  startup_stm32f446xx.o(.text)
    HardFault_Handler                        0x08000347   Thumb Code     2  startup_stm32f446xx.o(.text)
    MemManage_Handler                        0x08000349   Thumb Code     2  startup_stm32f446xx.o(.text)
    BusFault_Handler                         0x0800034b   Thumb Code     2  startup_stm32f446xx.o(.text)
    UsageFault_Handler                       0x0800034d   Thumb Code     2  startup_stm32f446xx.o(.text)
    SVC_Handler                              0x0800034f   Thumb Code     2  startup_stm32f446xx.o(.text)
    DebugMon_Handler                         0x08000351   Thumb Code     2  startup_stm32f446xx.o(.text)
    PendSV_Handler                           0x08000353   Thumb Code     2  startup_stm32f446xx.o(.text)
    SysTick_Handler                          0x08000355   Thumb Code     2  startup_stm32f446xx.o(.text)
    ADC_IRQHandler                           0x08000357   Thumb Code     0  startup_stm32f446xx.o(.text)
    CAN1_RX0_IRQHandler                      0x08000357   Thumb Code     0  startup_stm32f446xx.o(.text)
    CAN1_RX1_IRQHandler                      0x08000357   Thumb Code     0  startup_stm32f446xx.o(.text)
    CAN1_SCE_IRQHandler                      0x08000357   Thumb Code     0  startup_stm32f446xx.o(.text)
    CAN1_TX_IRQHandler                       0x08000357   Thumb Code     0  startup_stm32f446xx.o(.text)
    CAN2_RX0_IRQHandler                      0x08000357   Thumb Code     0  startup_stm32f446xx.o(.text)
    CAN2_RX1_IRQHandler                      0x08000357   Thumb Code     0  startup_stm32f446xx.o(.text)
    CAN2_SCE_IRQHandler                      0x08000357   Thumb Code     0  startup_stm32f446xx.o(.text)
    CAN2_TX_IRQHandler                       0x08000357   Thumb Code     0  startup_stm32f446xx.o(.text)
    CEC_IRQHandler                           0x08000357   Thumb Code     0  startup_stm32f446xx.o(.text)
    DCMI_IRQHandler                          0x08000357   Thumb Code     0  startup_stm32f446xx.o(.text)
    DMA1_Stream0_IRQHandler                  0x08000357   Thumb Code     0  startup_stm32f446xx.o(.text)
    DMA1_Stream1_IRQHandler                  0x08000357   Thumb Code     0  startup_stm32f446xx.o(.text)
    DMA1_Stream2_IRQHandler                  0x08000357   Thumb Code     0  startup_stm32f446xx.o(.text)
    DMA1_Stream3_IRQHandler                  0x08000357   Thumb Code     0  startup_stm32f446xx.o(.text)
    DMA1_Stream4_IRQHandler                  0x08000357   Thumb Code     0  startup_stm32f446xx.o(.text)
    DMA1_Stream5_IRQHandler                  0x08000357   Thumb Code     0  startup_stm32f446xx.o(.text)
    DMA1_Stream6_IRQHandler                  0x08000357   Thumb Code     0  startup_stm32f446xx.o(.text)
    DMA1_Stream7_IRQHandler                  0x08000357   Thumb Code     0  startup_stm32f446xx.o(.text)
    DMA2_Stream0_IRQHandler                  0x08000357   Thumb Code     0  startup_stm32f446xx.o(.text)
    DMA2_Stream1_IRQHandler                  0x08000357   Thumb Code     0  startup_stm32f446xx.o(.text)
    DMA2_Stream2_IRQHandler                  0x08000357   Thumb Code     0  startup_stm32f446xx.o(.text)
    DMA2_Stream3_IRQHandler                  0x08000357   Thumb Code     0  startup_stm32f446xx.o(.text)
    DMA2_Stream4_IRQHandler                  0x08000357   Thumb Code     0  startup_stm32f446xx.o(.text)
    DMA2_Stream5_IRQHandler                  0x08000357   Thumb Code     0  startup_stm32f446xx.o(.text)
    DMA2_Stream6_IRQHandler                  0x08000357   Thumb Code     0  startup_stm32f446xx.o(.text)
    DMA2_Stream7_IRQHandler                  0x08000357   Thumb Code     0  startup_stm32f446xx.o(.text)
    EXTI0_IRQHandler                         0x08000357   Thumb Code     0  startup_stm32f446xx.o(.text)
    EXTI15_10_IRQHandler                     0x08000357   Thumb Code     0  startup_stm32f446xx.o(.text)
    EXTI1_IRQHandler                         0x08000357   Thumb Code     0  startup_stm32f446xx.o(.text)
    EXTI2_IRQHandler                         0x08000357   Thumb Code     0  startup_stm32f446xx.o(.text)
    EXTI3_IRQHandler                         0x08000357   Thumb Code     0  startup_stm32f446xx.o(.text)
    EXTI4_IRQHandler                         0x08000357   Thumb Code     0  startup_stm32f446xx.o(.text)
    EXTI9_5_IRQHandler                       0x08000357   Thumb Code     0  startup_stm32f446xx.o(.text)
    FLASH_IRQHandler                         0x08000357   Thumb Code     0  startup_stm32f446xx.o(.text)
    FMC_IRQHandler                           0x08000357   Thumb Code     0  startup_stm32f446xx.o(.text)
    FMPI2C1_ER_IRQHandler                    0x08000357   Thumb Code     0  startup_stm32f446xx.o(.text)
    FMPI2C1_EV_IRQHandler                    0x08000357   Thumb Code     0  startup_stm32f446xx.o(.text)
    FPU_IRQHandler                           0x08000357   Thumb Code     0  startup_stm32f446xx.o(.text)
    I2C1_ER_IRQHandler                       0x08000357   Thumb Code     0  startup_stm32f446xx.o(.text)
    I2C2_ER_IRQHandler                       0x08000357   Thumb Code     0  startup_stm32f446xx.o(.text)
    I2C2_EV_IRQHandler                       0x08000357   Thumb Code     0  startup_stm32f446xx.o(.text)
    I2C3_ER_IRQHandler                       0x08000357   Thumb Code     0  startup_stm32f446xx.o(.text)
    I2C3_EV_IRQHandler                       0x08000357   Thumb Code     0  startup_stm32f446xx.o(.text)
    OTG_FS_IRQHandler                        0x08000357   Thumb Code     0  startup_stm32f446xx.o(.text)
    OTG_FS_WKUP_IRQHandler                   0x08000357   Thumb Code     0  startup_stm32f446xx.o(.text)
    OTG_HS_EP1_IN_IRQHandler                 0x08000357   Thumb Code     0  startup_stm32f446xx.o(.text)
    OTG_HS_EP1_OUT_IRQHandler                0x08000357   Thumb Code     0  startup_stm32f446xx.o(.text)
    OTG_HS_IRQHandler                        0x08000357   Thumb Code     0  startup_stm32f446xx.o(.text)
    OTG_HS_WKUP_IRQHandler                   0x08000357   Thumb Code     0  startup_stm32f446xx.o(.text)
    PVD_IRQHandler                           0x08000357   Thumb Code     0  startup_stm32f446xx.o(.text)
    QUADSPI_IRQHandler                       0x08000357   Thumb Code     0  startup_stm32f446xx.o(.text)
    RCC_IRQHandler                           0x08000357   Thumb Code     0  startup_stm32f446xx.o(.text)
    RTC_Alarm_IRQHandler                     0x08000357   Thumb Code     0  startup_stm32f446xx.o(.text)
    RTC_WKUP_IRQHandler                      0x08000357   Thumb Code     0  startup_stm32f446xx.o(.text)
    SAI1_IRQHandler                          0x08000357   Thumb Code     0  startup_stm32f446xx.o(.text)
    SAI2_IRQHandler                          0x08000357   Thumb Code     0  startup_stm32f446xx.o(.text)
    SDIO_IRQHandler                          0x08000357   Thumb Code     0  startup_stm32f446xx.o(.text)
    SPDIF_RX_IRQHandler                      0x08000357   Thumb Code     0  startup_stm32f446xx.o(.text)
    SPI1_IRQHandler                          0x08000357   Thumb Code     0  startup_stm32f446xx.o(.text)
    SPI2_IRQHandler                          0x08000357   Thumb Code     0  startup_stm32f446xx.o(.text)
    SPI3_IRQHandler                          0x08000357   Thumb Code     0  startup_stm32f446xx.o(.text)
    SPI4_IRQHandler                          0x08000357   Thumb Code     0  startup_stm32f446xx.o(.text)
    TAMP_STAMP_IRQHandler                    0x08000357   Thumb Code     0  startup_stm32f446xx.o(.text)
    TIM1_BRK_TIM9_IRQHandler                 0x08000357   Thumb Code     0  startup_stm32f446xx.o(.text)
    TIM1_CC_IRQHandler                       0x08000357   Thumb Code     0  startup_stm32f446xx.o(.text)
    TIM1_TRG_COM_TIM11_IRQHandler            0x08000357   Thumb Code     0  startup_stm32f446xx.o(.text)
    TIM1_UP_TIM10_IRQHandler                 0x08000357   Thumb Code     0  startup_stm32f446xx.o(.text)
    TIM2_IRQHandler                          0x08000357   Thumb Code     0  startup_stm32f446xx.o(.text)
    TIM3_IRQHandler                          0x08000357   Thumb Code     0  startup_stm32f446xx.o(.text)
    TIM4_IRQHandler                          0x08000357   Thumb Code     0  startup_stm32f446xx.o(.text)
    TIM5_IRQHandler                          0x08000357   Thumb Code     0  startup_stm32f446xx.o(.text)
    TIM6_DAC_IRQHandler                      0x08000357   Thumb Code     0  startup_stm32f446xx.o(.text)
    TIM8_BRK_TIM12_IRQHandler                0x08000357   Thumb Code     0  startup_stm32f446xx.o(.text)
    TIM8_CC_IRQHandler                       0x08000357   Thumb Code     0  startup_stm32f446xx.o(.text)
    TIM8_TRG_COM_TIM14_IRQHandler            0x08000357   Thumb Code     0  startup_stm32f446xx.o(.text)
    TIM8_UP_TIM13_IRQHandler                 0x08000357   Thumb Code     0  startup_stm32f446xx.o(.text)
    UART4_IRQHandler                         0x08000357   Thumb Code     0  startup_stm32f446xx.o(.text)
    UART5_IRQHandler                         0x08000357   Thumb Code     0  startup_stm32f446xx.o(.text)
    USART1_IRQHandler                        0x08000357   Thumb Code     0  startup_stm32f446xx.o(.text)
    USART2_IRQHandler                        0x08000357   Thumb Code     0  startup_stm32f446xx.o(.text)
    USART3_IRQHandler                        0x08000357   Thumb Code     0  startup_stm32f446xx.o(.text)
    USART6_IRQHandler                        0x08000357   Thumb Code     0  startup_stm32f446xx.o(.text)
    WWDG_IRQHandler                          0x08000357   Thumb Code     0  startup_stm32f446xx.o(.text)
    __user_initial_stackheap                 0x08000359   Thumb Code     0  startup_stm32f446xx.o(.text)
    __aeabi_ldivmod                          0x0800037d   Thumb Code     0  llsdiv.o(.text)
    _ll_sdiv                                 0x0800037d   Thumb Code   116  llsdiv.o(.text)
    sprintf                                  0x080003f1   Thumb Code    38  sprintf.o(.text)
    strlen                                   0x0800041d   Thumb Code    62  strlen.o(.text)
    __use_two_region_memory                  0x0800045b   Thumb Code     2  heapauxi.o(.text)
    __rt_heap_escrow$2region                 0x0800045d   Thumb Code     2  heapauxi.o(.text)
    __rt_heap_expand$2region                 0x0800045f   Thumb Code     2  heapauxi.o(.text)
    __aeabi_uldivmod                         0x08000461   Thumb Code     0  lludivv7m.o(.text)
    _ll_udiv                                 0x08000461   Thumb Code   240  lludivv7m.o(.text)
    __read_errno                             0x08000551   Thumb Code    10  _rserrno.o(.text)
    __set_errno                              0x0800055b   Thumb Code    12  _rserrno.o(.text)
    _printf_pre_padding                      0x08000567   Thumb Code    44  _printf_pad.o(.text)
    _printf_post_padding                     0x08000593   Thumb Code    34  _printf_pad.o(.text)
    _printf_truncate_signed                  0x080005b5   Thumb Code    18  _printf_truncate.o(.text)
    _printf_truncate_unsigned                0x080005c7   Thumb Code    18  _printf_truncate.o(.text)
    _printf_str                              0x080005d9   Thumb Code    82  _printf_str.o(.text)
    _printf_int_dec                          0x0800062d   Thumb Code   104  _printf_dec.o(.text)
    _printf_charcount                        0x080006a5   Thumb Code    40  _printf_charcount.o(.text)
    _printf_char_common                      0x080006d7   Thumb Code    32  _printf_char_common.o(.text)
    _sputc                                   0x080006fd   Thumb Code    10  _sputc.o(.text)
    _printf_wctomb                           0x08000709   Thumb Code   182  _printf_wctomb.o(.text)
    _printf_longlong_dec                     0x080007c5   Thumb Code   108  _printf_longlong_dec.o(.text)
    _printf_longlong_oct                     0x08000841   Thumb Code    68  _printf_oct_int_ll.o(.text)
    _printf_int_oct                          0x08000885   Thumb Code    24  _printf_oct_int_ll.o(.text)
    _printf_ll_oct                           0x0800089d   Thumb Code    12  _printf_oct_int_ll.o(.text)
    _printf_longlong_hex                     0x080008b1   Thumb Code    86  _printf_hex_int_ll_ptr.o(.text)
    _printf_int_hex                          0x08000907   Thumb Code    28  _printf_hex_int_ll_ptr.o(.text)
    _printf_ll_hex                           0x08000923   Thumb Code    12  _printf_hex_int_ll_ptr.o(.text)
    _printf_hex_ptr                          0x0800092f   Thumb Code    18  _printf_hex_int_ll_ptr.o(.text)
    __printf                                 0x08000945   Thumb Code   388  __printf_flags_ss_wp.o(.text)
    __aeabi_errno_addr                       0x08000acd   Thumb Code     8  rt_errno_addr_intlibspace.o(.text)
    __errno$intlibspace                      0x08000acd   Thumb Code     0  rt_errno_addr_intlibspace.o(.text)
    __rt_errno_addr$intlibspace              0x08000acd   Thumb Code     0  rt_errno_addr_intlibspace.o(.text)
    _ll_udiv10                               0x08000ad5   Thumb Code   138  lludiv10.o(.text)
    _printf_int_common                       0x08000b5f   Thumb Code   178  _printf_intcommon.o(.text)
    _printf_fp_dec_real                      0x08000dc1   Thumb Code   620  _printf_fp_dec.o(.text)
    _printf_fp_hex_real                      0x0800102d   Thumb Code   756  _printf_fp_hex.o(.text)
    _printf_cs_common                        0x08001329   Thumb Code    20  _printf_char.o(.text)
    _printf_char                             0x0800133d   Thumb Code    16  _printf_char.o(.text)
    _printf_string                           0x0800134d   Thumb Code     8  _printf_char.o(.text)
    _printf_lcs_common                       0x08001355   Thumb Code    20  _printf_wchar.o(.text)
    _printf_wchar                            0x08001369   Thumb Code    16  _printf_wchar.o(.text)
    _printf_wstring                          0x08001379   Thumb Code     8  _printf_wchar.o(.text)
    _c16rtomb                                0x08001381   Thumb Code    72  _c16rtomb.o(.text)
    _wcrtomb                                 0x08001381   Thumb Code     0  _c16rtomb.o(.text)
    __user_libspace                          0x080013c9   Thumb Code     8  libspace.o(.text)
    __user_perproc_libspace                  0x080013c9   Thumb Code     0  libspace.o(.text)
    __user_perthread_libspace                0x080013c9   Thumb Code     0  libspace.o(.text)
    __user_setup_stackheap                   0x080013d1   Thumb Code    74  sys_stackheap_outer.o(.text)
    __rt_ctype_table                         0x0800141d   Thumb Code    16  rt_ctype_table.o(.text)
    __rt_locale                              0x0800142d   Thumb Code     8  rt_locale_intlibspace.o(.text)
    _printf_fp_infnan                        0x08001435   Thumb Code   112  _printf_fp_infnan.o(.text)
    _btod_etento                             0x080014b5   Thumb Code   224  bigflt0.o(.text)
    exit                                     0x08001599   Thumb Code    18  exit.o(.text)
    strcmp                                   0x080015b1   Thumb Code   124  strcmpv7em.o(.text)
    _sys_exit                                0x0800162d   Thumb Code     8  sys_exit.o(.text)
    __I$use$semihosting                      0x08001639   Thumb Code     0  use_no_semi.o(.text)
    __use_no_semihosting_swi                 0x08001639   Thumb Code     2  use_no_semi.o(.text)
    __semihosting_library_function           0x0800163b   Thumb Code     0  indicate_semi.o(.text)
    BME280Config                             0x0800163d   Thumb Code   134  main.o(.text.BME280Config)
    BME280_compensate_P_int64                0x080016c5   Thumb Code   536  main.o(.text.BME280_compensate_P_int64)
    BME280_compensate_T_int32                0x080018dd   Thumb Code   104  main.o(.text.BME280_compensate_T_int32)
    BMPMeasure                               0x08001945   Thumb Code   104  main.o(.text.BMPMeasure)
    BMP_SetRefPressure                       0x080019b1   Thumb Code   272  main.o(.text.BMP_SetRefPressure)
    Enable_TIMER6                            0x08001ad9   Thumb Code    38  timer_config.o(.text.Enable_TIMER6)
    Enable_TIMER7                            0x08001b01   Thumb Code    38  timer_config.o(.text.Enable_TIMER7)
    GPIOA_CLOCK_ENABLE                       0x08001b29   Thumb Code    18  rcc_clock_config.o(.text.GPIOA_CLOCK_ENABLE)
    GPIOA_PA10_OUTPUT_MODE                   0x08001b3d   Thumb Code    16  gpio_config.o(.text.GPIOA_PA10_OUTPUT_MODE)
    GPIOA_PA10_Pull_Down                     0x08001b4d   Thumb Code    16  gpio_config.o(.text.GPIOA_PA10_Pull_Down)
    GPIOA_PA2_AF7_USART2                     0x08001b5d   Thumb Code    16  gpio_config.o(.text.GPIOA_PA2_AF7_USART2)
    GPIOA_PA2_AF_Mode                        0x08001b6d   Thumb Code    16  gpio_config.o(.text.GPIOA_PA2_AF_Mode)
    GPIOA_PA2_Output_Speed_HIGH              0x08001b7d   Thumb Code    16  gpio_config.o(.text.GPIOA_PA2_Output_Speed_HIGH)
    GPIOA_PA3_AF7_USART2                     0x08001b8d   Thumb Code    16  gpio_config.o(.text.GPIOA_PA3_AF7_USART2)
    GPIOA_PA3_AF_Mode                        0x08001b9d   Thumb Code    16  gpio_config.o(.text.GPIOA_PA3_AF_Mode)
    GPIOA_PA3_Output_Speed_HIGH              0x08001bad   Thumb Code    16  gpio_config.o(.text.GPIOA_PA3_Output_Speed_HIGH)
    GPIOA_PA5_OUTPUT_MODE                    0x08001bbd   Thumb Code    16  gpio_config.o(.text.GPIOA_PA5_OUTPUT_MODE)
    GPIOA_PA5_Pull_Down                      0x08001bcd   Thumb Code    16  gpio_config.o(.text.GPIOA_PA5_Pull_Down)
    GPIOA_PA6_OUTPUT_MODE                    0x08001bdd   Thumb Code    16  gpio_config.o(.text.GPIOA_PA6_OUTPUT_MODE)
    GPIOA_PA6_Pull_Down                      0x08001bed   Thumb Code    16  gpio_config.o(.text.GPIOA_PA6_Pull_Down)
    GPIOA_PA7_OUTPUT_MODE                    0x08001bfd   Thumb Code    16  gpio_config.o(.text.GPIOA_PA7_OUTPUT_MODE)
    GPIOA_PA7_Pull_Down                      0x08001c0d   Thumb Code    16  gpio_config.o(.text.GPIOA_PA7_Pull_Down)
    GPIOA_PA8_OUTPUT_MODE                    0x08001c1d   Thumb Code    16  gpio_config.o(.text.GPIOA_PA8_OUTPUT_MODE)
    GPIOA_PA8_Pull_Down                      0x08001c2d   Thumb Code    16  gpio_config.o(.text.GPIOA_PA8_Pull_Down)
    GPIOB_CLOCK_ENABLE                       0x08001c3d   Thumb Code    18  rcc_clock_config.o(.text.GPIOB_CLOCK_ENABLE)
    GPIOB_PB10_OUTPUT_MODE                   0x08001c51   Thumb Code    18  gpio_config.o(.text.GPIOB_PB10_OUTPUT_MODE)
    GPIOB_PB10_Pull_Down                     0x08001c65   Thumb Code    18  gpio_config.o(.text.GPIOB_PB10_Pull_Down)
    GPIOB_PB3_OUTPUT_MODE                    0x08001c79   Thumb Code    26  gpio_config.o(.text.GPIOB_PB3_OUTPUT_MODE)
    GPIOB_PB3_Pull_Down                      0x08001c95   Thumb Code    18  gpio_config.o(.text.GPIOB_PB3_Pull_Down)
    GPIOB_PB4_OUTPUT_MODE                    0x08001ca9   Thumb Code    26  gpio_config.o(.text.GPIOB_PB4_OUTPUT_MODE)
    GPIOB_PB4_Pull_Down                      0x08001cc5   Thumb Code    18  gpio_config.o(.text.GPIOB_PB4_Pull_Down)
    GPIOB_PB5_OUTPUT_MODE                    0x08001cd9   Thumb Code    26  gpio_config.o(.text.GPIOB_PB5_OUTPUT_MODE)
    GPIOB_PB5_Pull_Down                      0x08001cf5   Thumb Code    18  gpio_config.o(.text.GPIOB_PB5_Pull_Down)
    GPIOB_PB7_AF4_I2C1                       0x08001d09   Thumb Code    18  gpio_config.o(.text.GPIOB_PB7_AF4_I2C1)
    GPIOB_PB7_AF_Mode                        0x08001d1d   Thumb Code    18  gpio_config.o(.text.GPIOB_PB7_AF_Mode)
    GPIOB_PB7_OTYPE_Open_Drain               0x08001d31   Thumb Code    18  gpio_config.o(.text.GPIOB_PB7_OTYPE_Open_Drain)
    GPIOB_PB7_Output_Speed_HIGH              0x08001d45   Thumb Code    18  gpio_config.o(.text.GPIOB_PB7_Output_Speed_HIGH)
    GPIOB_PB7_Pull_Up                        0x08001d59   Thumb Code    18  gpio_config.o(.text.GPIOB_PB7_Pull_Up)
    GPIOB_PB8_AF4_I2C1                       0x08001d6d   Thumb Code    18  gpio_config.o(.text.GPIOB_PB8_AF4_I2C1)
    GPIOB_PB8_AF_Mode                        0x08001d81   Thumb Code    18  gpio_config.o(.text.GPIOB_PB8_AF_Mode)
    GPIOB_PB8_OTYPE_Open_Drain               0x08001d95   Thumb Code    18  gpio_config.o(.text.GPIOB_PB8_OTYPE_Open_Drain)
    GPIOB_PB8_Output_Speed_HIGH              0x08001da9   Thumb Code    18  gpio_config.o(.text.GPIOB_PB8_Output_Speed_HIGH)
    GPIOB_PB8_Pull_Up                        0x08001dbd   Thumb Code    18  gpio_config.o(.text.GPIOB_PB8_Pull_Up)
    GPIOB_PB9_OUTPUT_MODE                    0x08001dd1   Thumb Code    18  gpio_config.o(.text.GPIOB_PB9_OUTPUT_MODE)
    GPIOB_PB9_Pull_Down                      0x08001de5   Thumb Code    18  gpio_config.o(.text.GPIOB_PB9_Pull_Down)
    GPIOC_CLOCK_ENABLE                       0x08001df9   Thumb Code    18  rcc_clock_config.o(.text.GPIOC_CLOCK_ENABLE)
    GPIOC_PC0_OUTPUT_MODE                    0x08001e0d   Thumb Code    18  gpio_config.o(.text.GPIOC_PC0_OUTPUT_MODE)
    GPIOC_PC0_Pull_Down                      0x08001e21   Thumb Code    18  gpio_config.o(.text.GPIOC_PC0_Pull_Down)
    I2C1_CLOCK_ENABLE                        0x08001e35   Thumb Code    18  rcc_clock_config.o(.text.I2C1_CLOCK_ENABLE)
    I2C1_EV_IRQHandler                       0x08001e49   Thumb Code     2  main.o(.text.I2C1_EV_IRQHandler)
    I2C1_MASTER_CCR_Sm_THigh_FREQ_45         0x08001e4d   Thumb Code    18  i2c_master.o(.text.I2C1_MASTER_CCR_Sm_THigh_FREQ_45)
    I2C1_MASTER_CLK_FREQ_45MHZ               0x08001e61   Thumb Code    18  i2c_master.o(.text.I2C1_MASTER_CLK_FREQ_45MHZ)
    I2C1_MASTER_ENABLE                       0x08001e75   Thumb Code    18  i2c_master.o(.text.I2C1_MASTER_ENABLE)
    I2C1_MASTER_SLAVEADDRESS_TRANSMIT        0x08001e89   Thumb Code   110  i2c_master.o(.text.I2C1_MASTER_SLAVEADDRESS_TRANSMIT)
    I2C1_MASTER_SLAVEADDRESS_TRANSMIT_MULTIPLE_BYTE_READ 0x08001ef9   Thumb Code   292  i2c_master.o(.text.I2C1_MASTER_SLAVEADDRESS_TRANSMIT_MULTIPLE_BYTE_READ)
    I2C1_MASTER_SLAVEADDRESS_TRANSMIT_SINGLE_BYTE_READ 0x0800201d   Thumb Code   194  i2c_master.o(.text.I2C1_MASTER_SLAVEADDRESS_TRANSMIT_SINGLE_BYTE_READ)
    I2C1_MASTER_START                        0x080020e1   Thumb Code    46  i2c_master.o(.text.I2C1_MASTER_START)
    I2C1_MASTER_STOP                         0x08002111   Thumb Code    18  i2c_master.o(.text.I2C1_MASTER_STOP)
    I2C1_MASTER_Sm_TRISE_FREQ_45             0x08002125   Thumb Code    14  i2c_master.o(.text.I2C1_MASTER_Sm_TRISE_FREQ_45)
    I2C1_MASTER_TRANSMIT                     0x08002135   Thumb Code    68  i2c_master.o(.text.I2C1_MASTER_TRANSMIT)
    I2C1_Software_Reset                      0x08002179   Thumb Code    26  i2c_master.o(.text.I2C1_Software_Reset)
    LCD_8BIT_WRITE                           0x08002195   Thumb Code    62  lcd_driver.o(.text.LCD_8BIT_WRITE)
    LCD_CLEAR_DISPLAY                        0x080021d5   Thumb Code    10  lcd_driver.o(.text.LCD_CLEAR_DISPLAY)
    LCD_CURSOR_ON                            0x080021e1   Thumb Code    10  lcd_driver.o(.text.LCD_CURSOR_ON)
    LCD_ENABLE                               0x080021ed   Thumb Code    48  lcd_driver.o(.text.LCD_ENABLE)
    LCD_ENTRY_MODE_CURSOR_RIGHT              0x0800221d   Thumb Code    10  lcd_driver.o(.text.LCD_ENTRY_MODE_CURSOR_RIGHT)
    LCD_FUNCTION_SET_8BIT_INTERFACE          0x08002229   Thumb Code    10  lcd_driver.o(.text.LCD_FUNCTION_SET_8BIT_INTERFACE)
    LCD_GPIO_CONFIG                          0x08002235   Thumb Code    92  lcd_driver.o(.text.LCD_GPIO_CONFIG)
    LCD_INIT                                 0x08002291   Thumb Code    54  lcd_driver.o(.text.LCD_INIT)
    LCD_RETURN_HOME                          0x080022c9   Thumb Code    10  lcd_driver.o(.text.LCD_RETURN_HOME)
    LCD_SEND_CHAR                            0x080022d5   Thumb Code    20  lcd_driver.o(.text.LCD_SEND_CHAR)
    LCD_SEND_CMD                             0x080022e9   Thumb Code   338  lcd_driver.o(.text.LCD_SEND_CMD)
    LCD_SEND_FLOAT_NUM                       0x0800243d   Thumb Code    82  lcd_driver.o(.text.LCD_SEND_FLOAT_NUM)
    LCD_SEND_STRING                          0x08002491   Thumb Code    34  lcd_driver.o(.text.LCD_SEND_STRING)
    LCD_SHIFT_CURSOR_LEFT                    0x080024b5   Thumb Code    10  lcd_driver.o(.text.LCD_SHIFT_CURSOR_LEFT)
    READ_SENSOR_ID                           0x080024c1   Thumb Code   196  main.o(.text.READ_SENSOR_ID)
    SysClockConfig                           0x08002585   Thumb Code   212  rcc_clock_config.o(.text.SysClockConfig)
    SystemInit                               0x08002659   Thumb Code    18  system_stm32f4xx.o(.text.SystemInit)
    TIM6_CLOCK_ENABLE                        0x0800266d   Thumb Code    18  rcc_clock_config.o(.text.TIM6_CLOCK_ENABLE)
    TIM7_CLOCK_ENABLE                        0x08002681   Thumb Code    18  rcc_clock_config.o(.text.TIM7_CLOCK_ENABLE)
    TIM7_IRQHandler                          0x08002699   Thumb Code  1072  main.o(.text.TIM7_IRQHandler)
    TIMER6_ARR_MAX                           0x08002b01   Thumb Code    16  timer_config.o(.text.TIMER6_ARR_MAX)
    TIMER6_Delay_ms                          0x08002b11   Thumb Code    48  timer_config.o(.text.TIMER6_Delay_ms)
    TIMER6_Delay_s                           0x08002b41   Thumb Code    48  timer_config.o(.text.TIMER6_Delay_s)
    TIMER6_Delay_us                          0x08002b71   Thumb Code    46  timer_config.o(.text.TIMER6_Delay_us)
    TIMER6_PSC_90                            0x08002ba1   Thumb Code    14  timer_config.o(.text.TIMER6_PSC_90)
    TIMER7_ARR_5000                          0x08002bb1   Thumb Code    16  timer_config.o(.text.TIMER7_ARR_5000)
    Timer7_Interrupt_Enable                  0x08002bc1   Thumb Code    18  timer_config.o(.text.Timer7_Interrupt_Enable)
    Timer7_PSC_9000                          0x08002bd5   Thumb Code    16  timer_config.o(.text.Timer7_PSC_9000)
    UART2_SendChar                           0x08002be5   Thumb Code    46  usart_config.o(.text.UART2_SendChar)
    UART2_SendString                         0x08002c15   Thumb Code    34  usart_config.o(.text.UART2_SendString)
    USART2_Baud_Rate_115200                  0x08002c39   Thumb Code    26  usart_config.o(.text.USART2_Baud_Rate_115200)
    USART2_CLOCK_ENABLE                      0x08002c55   Thumb Code    18  rcc_clock_config.o(.text.USART2_CLOCK_ENABLE)
    USART2_Enable                            0x08002c69   Thumb Code    22  usart_config.o(.text.USART2_Enable)
    USART2_Enable_RE                         0x08002c81   Thumb Code    18  usart_config.o(.text.USART2_Enable_RE)
    USART2_Enable_TE                         0x08002c95   Thumb Code    18  usart_config.o(.text.USART2_Enable_TE)
    USART2_GPIO_CONFIG                       0x08002ca9   Thumb Code    28  usart_config.o(.text.USART2_GPIO_CONFIG)
    USART2_Word_Length_8                     0x08002cc5   Thumb Code    18  usart_config.o(.text.USART2_Word_Length_8)
    main                                     0x08002d09   Thumb Code   238  main.o(.text.main)
    readTrimmingParameters                   0x08002df9   Thumb Code   268  main.o(.text.readTrimmingParameters)
    _btod_d2e                                0x08002f05   Thumb Code    62  btod.o(CL$$btod_d2e)
    _d2e_denorm_low                          0x08002f43   Thumb Code    70  btod.o(CL$$btod_d2e_denorm_low)
    _d2e_norm_op1                            0x08002f89   Thumb Code    96  btod.o(CL$$btod_d2e_norm_op1)
    __btod_div_common                        0x08002fe9   Thumb Code   696  btod.o(CL$$btod_div_common)
    _e2e                                     0x08003321   Thumb Code   220  btod.o(CL$$btod_e2e)
    _btod_ediv                               0x080033fd   Thumb Code    42  btod.o(CL$$btod_ediv)
    _btod_emul                               0x08003427   Thumb Code    42  btod.o(CL$$btod_emul)
    __btod_mult_common                       0x08003451   Thumb Code   580  btod.o(CL$$btod_mult_common)
    __ARM_fpclassify                         0x08003695   Thumb Code    48  fpclassify.o(i.__ARM_fpclassify)
    __hardfp_pow                             0x080036c9   Thumb Code  3088  pow.o(i.__hardfp_pow)
    __kernel_poly                            0x08004329   Thumb Code   248  poly.o(i.__kernel_poly)
    __mathlib_dbl_divzero                    0x08004421   Thumb Code    28  dunder.o(i.__mathlib_dbl_divzero)
    __mathlib_dbl_infnan2                    0x08004451   Thumb Code    20  dunder.o(i.__mathlib_dbl_infnan2)
    __mathlib_dbl_invalid                    0x08004469   Thumb Code    24  dunder.o(i.__mathlib_dbl_invalid)
    __mathlib_dbl_overflow                   0x08004489   Thumb Code    24  dunder.o(i.__mathlib_dbl_overflow)
    __mathlib_dbl_underflow                  0x080044a9   Thumb Code    24  dunder.o(i.__mathlib_dbl_underflow)
    _is_digit                                0x080044c9   Thumb Code    14  __printf_wp.o(i._is_digit)
    fabs                                     0x080044d7   Thumb Code    24  fabs.o(i.fabs)
    sqrt                                     0x080044ef   Thumb Code   110  sqrt.o(i.sqrt)
    _get_lc_numeric                          0x0800455d   Thumb Code    44  lc_numeric_c.o(locale$$code)
    _get_lc_ctype                            0x08004589   Thumb Code    44  lc_ctype_c.o(locale$$code)
    __aeabi_dneg                             0x080045b5   Thumb Code     0  basic.o(x$fpl$basic)
    _dneg                                    0x080045b5   Thumb Code     6  basic.o(x$fpl$basic)
    __aeabi_fneg                             0x080045bb   Thumb Code     0  basic.o(x$fpl$basic)
    _fneg                                    0x080045bb   Thumb Code     6  basic.o(x$fpl$basic)
    _dabs                                    0x080045c1   Thumb Code     6  basic.o(x$fpl$basic)
    _fabs                                    0x080045c7   Thumb Code     6  basic.o(x$fpl$basic)
    __aeabi_dadd                             0x080045cd   Thumb Code     0  daddsub_clz.o(x$fpl$dadd)
    _dadd                                    0x080045cd   Thumb Code   332  daddsub_clz.o(x$fpl$dadd)
    __fpl_dcheck_NaN1                        0x0800471d   Thumb Code    10  dcheck1.o(x$fpl$dcheck1)
    __fpl_dcmp_Inf                           0x0800472d   Thumb Code    24  dcmpi.o(x$fpl$dcmpinf)
    __aeabi_ddiv                             0x08004745   Thumb Code     0  ddiv.o(x$fpl$ddiv)
    _ddiv                                    0x08004745   Thumb Code   560  ddiv.o(x$fpl$ddiv)
    __aeabi_cdcmpeq                          0x080049fd   Thumb Code     0  deqf.o(x$fpl$deqf)
    _dcmpeq                                  0x080049fd   Thumb Code   120  deqf.o(x$fpl$deqf)
    __aeabi_i2d                              0x08004a75   Thumb Code     0  dflt_clz.o(x$fpl$dflt)
    _dflt                                    0x08004a75   Thumb Code    46  dflt_clz.o(x$fpl$dflt)
    __aeabi_ui2d                             0x08004aa3   Thumb Code     0  dflt_clz.o(x$fpl$dfltu)
    _dfltu                                   0x08004aa3   Thumb Code    38  dflt_clz.o(x$fpl$dfltu)
    __aeabi_cdcmpge                          0x08004ac9   Thumb Code     0  dgeqf.o(x$fpl$dgeqf)
    _dcmpge                                  0x08004ac9   Thumb Code   120  dgeqf.o(x$fpl$dgeqf)
    __aeabi_cdcmple                          0x08004b41   Thumb Code     0  dleqf.o(x$fpl$dleqf)
    _dcmple                                  0x08004b41   Thumb Code   120  dleqf.o(x$fpl$dleqf)
    __fpl_dcmple_InfNaN                      0x08004ba3   Thumb Code     0  dleqf.o(x$fpl$dleqf)
    __aeabi_dmul                             0x08004bb9   Thumb Code     0  dmul.o(x$fpl$dmul)
    _dmul                                    0x08004bb9   Thumb Code   332  dmul.o(x$fpl$dmul)
    __fpl_dnaninf                            0x08004d0d   Thumb Code   156  dnaninf.o(x$fpl$dnaninf)
    __fpl_dretinf                            0x08004da9   Thumb Code    12  dretinf.o(x$fpl$dretinf)
    __aeabi_cdrcmple                         0x08004db5   Thumb Code     0  drleqf.o(x$fpl$drleqf)
    _drcmple                                 0x08004db5   Thumb Code   108  drleqf.o(x$fpl$drleqf)
    __aeabi_drsub                            0x08004e21   Thumb Code     0  daddsub_clz.o(x$fpl$drsb)
    _drsb                                    0x08004e21   Thumb Code    22  daddsub_clz.o(x$fpl$drsb)
    _dsqrt                                   0x08004e39   Thumb Code   404  dsqrt_umaal.o(x$fpl$dsqrt)
    __aeabi_dsub                             0x08004fd1   Thumb Code     0  daddsub_clz.o(x$fpl$dsub)
    _dsub                                    0x08004fd1   Thumb Code   472  daddsub_clz.o(x$fpl$dsub)
    __aeabi_dcmpeq                           0x080051ad   Thumb Code     0  dcmp.o(x$fpl$fcmp)
    _deq                                     0x080051ad   Thumb Code    14  dcmp.o(x$fpl$fcmp)
    _dneq                                    0x080051bb   Thumb Code    14  dcmp.o(x$fpl$fcmp)
    __aeabi_dcmpgt                           0x080051c9   Thumb Code     0  dcmp.o(x$fpl$fcmp)
    _dgr                                     0x080051c9   Thumb Code    14  dcmp.o(x$fpl$fcmp)
    __aeabi_dcmpge                           0x080051d7   Thumb Code     0  dcmp.o(x$fpl$fcmp)
    _dgeq                                    0x080051d7   Thumb Code    14  dcmp.o(x$fpl$fcmp)
    __aeabi_dcmple                           0x080051e5   Thumb Code     0  dcmp.o(x$fpl$fcmp)
    _dleq                                    0x080051e5   Thumb Code    14  dcmp.o(x$fpl$fcmp)
    __aeabi_dcmplt                           0x080051f3   Thumb Code     0  dcmp.o(x$fpl$fcmp)
    _dls                                     0x080051f3   Thumb Code    14  dcmp.o(x$fpl$fcmp)
    _fp_init                                 0x08005201   Thumb Code    26  fpinit.o(x$fpl$fpinit)
    __fplib_config_fpu_vfp                   0x08005219   Thumb Code     0  fpinit.o(x$fpl$fpinit)
    __fplib_config_pureend_doubles           0x08005219   Thumb Code     0  fpinit.o(x$fpl$fpinit)
    _printf_fp_dec                           0x0800521b   Thumb Code     4  printf1.o(x$fpl$printf1)
    _printf_fp_hex                           0x0800521f   Thumb Code     4  printf2.o(x$fpl$printf2)
    __fpl_return_NaN                         0x08005223   Thumb Code   100  retnan.o(x$fpl$retnan)
    __ARM_scalbn                             0x08005287   Thumb Code    92  scalbn.o(x$fpl$scalbn)
    __fpl_cmpreturn                          0x080052e3   Thumb Code    48  trapv.o(x$fpl$trapveneer)
    __I$use$fp                               0x08005312   Number         0  usenofp.o(x$fpl$usenofp)
    __mathlib_zero                           0x080053e8   Data           8  qnan.o(.constdata)
    Region$$Table$$Base                      0x08005594   Number         0  anon$$obj.o(Region$$Table)
    Region$$Table$$Limit                     0x080055b4   Number         0  anon$$obj.o(Region$$Table)
    __ctype                                  0x080055dd   Data           0  lc_ctype_c.o(locale$$data)
    tempButton                               0x20000000   Data           1  main.o(.data.tempButton)
    __libspace_start                         0x20000008   Data          96  libspace.o(.bss)
    RXBuf                                    0x20000068   Data          50  main.o(.bss.RXBuf)
    __temporary_stack_top$libspace           0x20000068   Data           0  libspace.o(.bss)
    altButton                                0x2000009a   Data           1  main.o(.bss.altButton)
    calib                                    0x2000009b   Data          40  main.o(.bss.calib)
    calibratedAlt                            0x200000c8   Data           8  main.o(.bss.calibratedAlt)
    calibratedPress                          0x200000d0   Data           8  main.o(.bss.calibratedPress)
    calibratedTemp                           0x200000d8   Data           8  main.o(.bss.calibratedTemp)
    dig_P1                                   0x200000e0   Data           2  main.o(.bss.dig_P1)
    dig_P2                                   0x200000e2   Data           2  main.o(.bss.dig_P2)
    dig_P3                                   0x200000e4   Data           2  main.o(.bss.dig_P3)
    dig_P4                                   0x200000e6   Data           2  main.o(.bss.dig_P4)
    dig_P5                                   0x200000e8   Data           2  main.o(.bss.dig_P5)
    dig_P6                                   0x200000ea   Data           2  main.o(.bss.dig_P6)
    dig_P7                                   0x200000ec   Data           2  main.o(.bss.dig_P7)
    dig_P8                                   0x200000ee   Data           2  main.o(.bss.dig_P8)
    dig_P9                                   0x200000f0   Data           2  main.o(.bss.dig_P9)
    dig_T1                                   0x200000f2   Data           2  main.o(.bss.dig_T1)
    dig_T2                                   0x200000f4   Data           2  main.o(.bss.dig_T2)
    dig_T3                                   0x200000f6   Data           2  main.o(.bss.dig_T3)
    p_reference                              0x200000f8   Data           8  main.o(.bss.p_reference)
    press                                    0x20000100   Data           4  main.o(.bss.press)
    pressButton                              0x20000104   Data           1  main.o(.bss.pressButton)
    t_fine                                   0x20000108   Data           4  main.o(.bss.t_fine)
    temp                                     0x2000010c   Data           4  main.o(.bss.temp)
    title                                    0x20000110   Data           1  main.o(.bss.title)
    trimming                                 0x20000111   Data           1  main.o(.bss.trimming)



==============================================================================

Memory Map of the image

  Image Entry point : 0x0800033d

  Load Region LR_1 (Base: 0x08000000, Size: 0x000056e4, Max: 0xffffffff, ABSOLUTE)

    Execution Region ER_RO (Exec base: 0x08000000, Load base: 0x08000000, Size: 0x000056e0, Max: 0xffffffff, ABSOLUTE)

    Exec Addr    Load Addr    Size         Type   Attr      Idx    E Section Name        Object

    0x08000000   0x08000000   0x000001c4   Data   RO          419    RESET               startup_stm32f446xx.o
    0x080001c4   0x080001c4   0x00000008   Code   RO          450  * !!!main             c_w.l(__main.o)
    0x080001cc   0x080001cc   0x0000005c   Code   RO          888    !!!scatter          c_w.l(__scatter.o)
    0x08000228   0x08000228   0x0000001a   Code   RO          892    !!handler_copy      c_w.l(__scatter_copy.o)
    0x08000242   0x08000242   0x00000002   PAD
    0x08000244   0x08000244   0x00000002   Code   RO          889    !!handler_null      c_w.l(__scatter.o)
    0x08000246   0x08000246   0x00000002   PAD
    0x08000248   0x08000248   0x0000001c   Code   RO          894    !!handler_zi        c_w.l(__scatter_zi.o)
    0x08000264   0x08000264   0x00000000   Code   RO          569    .ARM.Collect$$_printf_percent$$00000000  c_w.l(_printf_percent.o)
    0x08000264   0x08000264   0x00000006   Code   RO          558    .ARM.Collect$$_printf_percent$$00000001  c_w.l(_printf_n.o)
    0x0800026a   0x0800026a   0x00000006   Code   RO          560    .ARM.Collect$$_printf_percent$$00000002  c_w.l(_printf_p.o)
    0x08000270   0x08000270   0x00000006   Code   RO          565    .ARM.Collect$$_printf_percent$$00000003  c_w.l(_printf_f.o)
    0x08000276   0x08000276   0x00000006   Code   RO          566    .ARM.Collect$$_printf_percent$$00000004  c_w.l(_printf_e.o)
    0x0800027c   0x0800027c   0x00000006   Code   RO          567    .ARM.Collect$$_printf_percent$$00000005  c_w.l(_printf_g.o)
    0x08000282   0x08000282   0x00000006   Code   RO          568    .ARM.Collect$$_printf_percent$$00000006  c_w.l(_printf_a.o)
    0x08000288   0x08000288   0x0000000a   Code   RO          573    .ARM.Collect$$_printf_percent$$00000007  c_w.l(_printf_ll.o)
    0x08000292   0x08000292   0x00000006   Code   RO          562    .ARM.Collect$$_printf_percent$$00000008  c_w.l(_printf_i.o)
    0x08000298   0x08000298   0x00000006   Code   RO          563    .ARM.Collect$$_printf_percent$$00000009  c_w.l(_printf_d.o)
    0x0800029e   0x0800029e   0x00000006   Code   RO          564    .ARM.Collect$$_printf_percent$$0000000A  c_w.l(_printf_u.o)
    0x080002a4   0x080002a4   0x00000006   Code   RO          561    .ARM.Collect$$_printf_percent$$0000000B  c_w.l(_printf_o.o)
    0x080002aa   0x080002aa   0x00000006   Code   RO          559    .ARM.Collect$$_printf_percent$$0000000C  c_w.l(_printf_x.o)
    0x080002b0   0x080002b0   0x00000006   Code   RO          570    .ARM.Collect$$_printf_percent$$0000000D  c_w.l(_printf_lli.o)
    0x080002b6   0x080002b6   0x00000006   Code   RO          571    .ARM.Collect$$_printf_percent$$0000000E  c_w.l(_printf_lld.o)
    0x080002bc   0x080002bc   0x00000006   Code   RO          572    .ARM.Collect$$_printf_percent$$0000000F  c_w.l(_printf_llu.o)
    0x080002c2   0x080002c2   0x00000006   Code   RO          577    .ARM.Collect$$_printf_percent$$00000010  c_w.l(_printf_llo.o)
    0x080002c8   0x080002c8   0x00000006   Code   RO          578    .ARM.Collect$$_printf_percent$$00000011  c_w.l(_printf_llx.o)
    0x080002ce   0x080002ce   0x0000000a   Code   RO          574    .ARM.Collect$$_printf_percent$$00000012  c_w.l(_printf_l.o)
    0x080002d8   0x080002d8   0x00000006   Code   RO          556    .ARM.Collect$$_printf_percent$$00000013  c_w.l(_printf_c.o)
    0x080002de   0x080002de   0x00000006   Code   RO          557    .ARM.Collect$$_printf_percent$$00000014  c_w.l(_printf_s.o)
    0x080002e4   0x080002e4   0x00000006   Code   RO          575    .ARM.Collect$$_printf_percent$$00000015  c_w.l(_printf_lc.o)
    0x080002ea   0x080002ea   0x00000006   Code   RO          576    .ARM.Collect$$_printf_percent$$00000016  c_w.l(_printf_ls.o)
    0x080002f0   0x080002f0   0x00000004   Code   RO          674    .ARM.Collect$$_printf_percent$$00000017  c_w.l(_printf_percent_end.o)
    0x080002f4   0x080002f4   0x00000002   Code   RO          738    .ARM.Collect$$libinit$$00000000  c_w.l(libinit.o)
    0x080002f6   0x080002f6   0x00000004   Code   RO          758    .ARM.Collect$$libinit$$00000001  c_w.l(libinit2.o)
    0x080002fa   0x080002fa   0x00000000   Code   RO          761    .ARM.Collect$$libinit$$00000004  c_w.l(libinit2.o)
    0x080002fa   0x080002fa   0x00000000   Code   RO          763    .ARM.Collect$$libinit$$00000006  c_w.l(libinit2.o)
    0x080002fa   0x080002fa   0x00000000   Code   RO          766    .ARM.Collect$$libinit$$0000000C  c_w.l(libinit2.o)
    0x080002fa   0x080002fa   0x00000000   Code   RO          768    .ARM.Collect$$libinit$$0000000E  c_w.l(libinit2.o)
    0x080002fa   0x080002fa   0x00000000   Code   RO          770    .ARM.Collect$$libinit$$00000010  c_w.l(libinit2.o)
    0x080002fa   0x080002fa   0x00000006   Code   RO          771    .ARM.Collect$$libinit$$00000011  c_w.l(libinit2.o)
    0x08000300   0x08000300   0x00000000   Code   RO          773    .ARM.Collect$$libinit$$00000013  c_w.l(libinit2.o)
    0x08000300   0x08000300   0x0000000c   Code   RO          774    .ARM.Collect$$libinit$$00000014  c_w.l(libinit2.o)
    0x0800030c   0x0800030c   0x00000000   Code   RO          775    .ARM.Collect$$libinit$$00000015  c_w.l(libinit2.o)
    0x0800030c   0x0800030c   0x00000000   Code   RO          777    .ARM.Collect$$libinit$$00000017  c_w.l(libinit2.o)
    0x0800030c   0x0800030c   0x0000000a   Code   RO          778    .ARM.Collect$$libinit$$00000018  c_w.l(libinit2.o)
    0x08000316   0x08000316   0x00000000   Code   RO          779    .ARM.Collect$$libinit$$00000019  c_w.l(libinit2.o)
    0x08000316   0x08000316   0x00000000   Code   RO          781    .ARM.Collect$$libinit$$0000001B  c_w.l(libinit2.o)
    0x08000316   0x08000316   0x00000000   Code   RO          783    .ARM.Collect$$libinit$$0000001D  c_w.l(libinit2.o)
    0x08000316   0x08000316   0x00000000   Code   RO          785    .ARM.Collect$$libinit$$0000001F  c_w.l(libinit2.o)
    0x08000316   0x08000316   0x00000000   Code   RO          787    .ARM.Collect$$libinit$$00000021  c_w.l(libinit2.o)
    0x08000316   0x08000316   0x00000000   Code   RO          789    .ARM.Collect$$libinit$$00000023  c_w.l(libinit2.o)
    0x08000316   0x08000316   0x00000000   Code   RO          791    .ARM.Collect$$libinit$$00000025  c_w.l(libinit2.o)
    0x08000316   0x08000316   0x00000000   Code   RO          793    .ARM.Collect$$libinit$$00000027  c_w.l(libinit2.o)
    0x08000316   0x08000316   0x00000000   Code   RO          797    .ARM.Collect$$libinit$$0000002E  c_w.l(libinit2.o)
    0x08000316   0x08000316   0x00000000   Code   RO          799    .ARM.Collect$$libinit$$00000030  c_w.l(libinit2.o)
    0x08000316   0x08000316   0x00000000   Code   RO          801    .ARM.Collect$$libinit$$00000032  c_w.l(libinit2.o)
    0x08000316   0x08000316   0x00000000   Code   RO          803    .ARM.Collect$$libinit$$00000034  c_w.l(libinit2.o)
    0x08000316   0x08000316   0x00000002   Code   RO          804    .ARM.Collect$$libinit$$00000035  c_w.l(libinit2.o)
    0x08000318   0x08000318   0x00000002   Code   RO          843    .ARM.Collect$$libshutdown$$00000000  c_w.l(libshutdown.o)
    0x0800031a   0x0800031a   0x00000000   Code   RO          871    .ARM.Collect$$libshutdown$$00000002  c_w.l(libshutdown2.o)
    0x0800031a   0x0800031a   0x00000000   Code   RO          873    .ARM.Collect$$libshutdown$$00000004  c_w.l(libshutdown2.o)
    0x0800031a   0x0800031a   0x00000000   Code   RO          876    .ARM.Collect$$libshutdown$$00000007  c_w.l(libshutdown2.o)
    0x0800031a   0x0800031a   0x00000000   Code   RO          879    .ARM.Collect$$libshutdown$$0000000A  c_w.l(libshutdown2.o)
    0x0800031a   0x0800031a   0x00000000   Code   RO          881    .ARM.Collect$$libshutdown$$0000000C  c_w.l(libshutdown2.o)
    0x0800031a   0x0800031a   0x00000000   Code   RO          884    .ARM.Collect$$libshutdown$$0000000F  c_w.l(libshutdown2.o)
    0x0800031a   0x0800031a   0x00000002   Code   RO          885    .ARM.Collect$$libshutdown$$00000010  c_w.l(libshutdown2.o)
    0x0800031c   0x0800031c   0x00000000   Code   RO          479    .ARM.Collect$$rtentry$$00000000  c_w.l(__rtentry.o)
    0x0800031c   0x0800031c   0x00000000   Code   RO          636    .ARM.Collect$$rtentry$$00000002  c_w.l(__rtentry2.o)
    0x0800031c   0x0800031c   0x00000006   Code   RO          648    .ARM.Collect$$rtentry$$00000004  c_w.l(__rtentry4.o)
    0x08000322   0x08000322   0x00000000   Code   RO          638    .ARM.Collect$$rtentry$$00000009  c_w.l(__rtentry2.o)
    0x08000322   0x08000322   0x00000004   Code   RO          639    .ARM.Collect$$rtentry$$0000000A  c_w.l(__rtentry2.o)
    0x08000326   0x08000326   0x00000000   Code   RO          641    .ARM.Collect$$rtentry$$0000000C  c_w.l(__rtentry2.o)
    0x08000326   0x08000326   0x00000008   Code   RO          642    .ARM.Collect$$rtentry$$0000000D  c_w.l(__rtentry2.o)
    0x0800032e   0x0800032e   0x00000002   Code   RO          743    .ARM.Collect$$rtexit$$00000000  c_w.l(rtexit.o)
    0x08000330   0x08000330   0x00000000   Code   RO          812    .ARM.Collect$$rtexit$$00000002  c_w.l(rtexit2.o)
    0x08000330   0x08000330   0x00000004   Code   RO          813    .ARM.Collect$$rtexit$$00000003  c_w.l(rtexit2.o)
    0x08000334   0x08000334   0x00000006   Code   RO          814    .ARM.Collect$$rtexit$$00000004  c_w.l(rtexit2.o)
    0x0800033a   0x0800033a   0x00000002   PAD
    0x0800033c   0x0800033c   0x00000040   Code   RO          420  * .text               startup_stm32f446xx.o
    0x0800037c   0x0800037c   0x00000074   Code   RO          442    .text               c_w.l(llsdiv.o)
    0x080003f0   0x080003f0   0x0000002c   Code   RO          444    .text               c_w.l(sprintf.o)
    0x0800041c   0x0800041c   0x0000003e   Code   RO          446    .text               c_w.l(strlen.o)
    0x0800045a   0x0800045a   0x00000006   Code   RO          448    .text               c_w.l(heapauxi.o)
    0x08000460   0x08000460   0x000000f0   Code   RO          484    .text               c_w.l(lludivv7m.o)
    0x08000550   0x08000550   0x00000016   Code   RO          486    .text               c_w.l(_rserrno.o)
    0x08000566   0x08000566   0x0000004e   Code   RO          490    .text               c_w.l(_printf_pad.o)
    0x080005b4   0x080005b4   0x00000024   Code   RO          492    .text               c_w.l(_printf_truncate.o)
    0x080005d8   0x080005d8   0x00000052   Code   RO          494    .text               c_w.l(_printf_str.o)
    0x0800062a   0x0800062a   0x00000002   PAD
    0x0800062c   0x0800062c   0x00000078   Code   RO          496    .text               c_w.l(_printf_dec.o)
    0x080006a4   0x080006a4   0x00000028   Code   RO          498    .text               c_w.l(_printf_charcount.o)
    0x080006cc   0x080006cc   0x00000030   Code   RO          500    .text               c_w.l(_printf_char_common.o)
    0x080006fc   0x080006fc   0x0000000a   Code   RO          502    .text               c_w.l(_sputc.o)
    0x08000706   0x08000706   0x00000002   PAD
    0x08000708   0x08000708   0x000000bc   Code   RO          504    .text               c_w.l(_printf_wctomb.o)
    0x080007c4   0x080007c4   0x0000007c   Code   RO          507    .text               c_w.l(_printf_longlong_dec.o)
    0x08000840   0x08000840   0x00000070   Code   RO          513    .text               c_w.l(_printf_oct_int_ll.o)
    0x080008b0   0x080008b0   0x00000094   Code   RO          533    .text               c_w.l(_printf_hex_int_ll_ptr.o)
    0x08000944   0x08000944   0x00000188   Code   RO          553    .text               c_w.l(__printf_flags_ss_wp.o)
    0x08000acc   0x08000acc   0x00000008   Code   RO          655    .text               c_w.l(rt_errno_addr_intlibspace.o)
    0x08000ad4   0x08000ad4   0x0000008a   Code   RO          657    .text               c_w.l(lludiv10.o)
    0x08000b5e   0x08000b5e   0x000000b2   Code   RO          659    .text               c_w.l(_printf_intcommon.o)
    0x08000c10   0x08000c10   0x0000041c   Code   RO          661    .text               c_w.l(_printf_fp_dec.o)
    0x0800102c   0x0800102c   0x000002fc   Code   RO          665    .text               c_w.l(_printf_fp_hex.o)
    0x08001328   0x08001328   0x0000002c   Code   RO          670    .text               c_w.l(_printf_char.o)
    0x08001354   0x08001354   0x0000002c   Code   RO          672    .text               c_w.l(_printf_wchar.o)
    0x08001380   0x08001380   0x00000048   Code   RO          675    .text               c_w.l(_c16rtomb.o)
    0x080013c8   0x080013c8   0x00000008   Code   RO          683    .text               c_w.l(libspace.o)
    0x080013d0   0x080013d0   0x0000004a   Code   RO          686    .text               c_w.l(sys_stackheap_outer.o)
    0x0800141a   0x0800141a   0x00000002   PAD
    0x0800141c   0x0800141c   0x00000010   Code   RO          688    .text               c_w.l(rt_ctype_table.o)
    0x0800142c   0x0800142c   0x00000008   Code   RO          693    .text               c_w.l(rt_locale_intlibspace.o)
    0x08001434   0x08001434   0x00000080   Code   RO          695    .text               c_w.l(_printf_fp_infnan.o)
    0x080014b4   0x080014b4   0x000000e4   Code   RO          697    .text               c_w.l(bigflt0.o)
    0x08001598   0x08001598   0x00000012   Code   RO          727    .text               c_w.l(exit.o)
    0x080015aa   0x080015aa   0x00000006   PAD
    0x080015b0   0x080015b0   0x0000007c   Code   RO          756    .text               c_w.l(strcmpv7em.o)
    0x0800162c   0x0800162c   0x0000000c   Code   RO          807    .text               c_w.l(sys_exit.o)
    0x08001638   0x08001638   0x00000002   Code   RO          832    .text               c_w.l(use_no_semi.o)
    0x0800163a   0x0800163a   0x00000000   Code   RO          834    .text               c_w.l(indicate_semi.o)
    0x0800163a   0x0800163a   0x00000002   PAD
    0x0800163c   0x0800163c   0x00000086   Code   RO           10    .text.BME280Config  main.o
    0x080016c2   0x080016c2   0x00000002   PAD
    0x080016c4   0x080016c4   0x00000218   Code   RO           20    .text.BME280_compensate_P_int64  main.o
    0x080018dc   0x080018dc   0x00000068   Code   RO           18    .text.BME280_compensate_T_int32  main.o
    0x08001944   0x08001944   0x00000068   Code   RO           16    .text.BMPMeasure    main.o
    0x080019ac   0x080019ac   0x00000004   PAD
    0x080019b0   0x080019b0   0x00000128   Code   RO           12    .text.BMP_SetRefPressure  main.o
    0x08001ad8   0x08001ad8   0x00000026   Code   RO          308    .text.Enable_TIMER6  timer_config.o
    0x08001afe   0x08001afe   0x00000002   PAD
    0x08001b00   0x08001b00   0x00000026   Code   RO          310    .text.Enable_TIMER7  timer_config.o
    0x08001b26   0x08001b26   0x00000002   PAD
    0x08001b28   0x08001b28   0x00000012   Code   RO          263    .text.GPIOA_CLOCK_ENABLE  rcc_clock_config.o
    0x08001b3a   0x08001b3a   0x00000002   PAD
    0x08001b3c   0x08001b3c   0x00000010   Code   RO           94    .text.GPIOA_PA10_OUTPUT_MODE  gpio_config.o
    0x08001b4c   0x08001b4c   0x00000010   Code   RO          180    .text.GPIOA_PA10_Pull_Down  gpio_config.o
    0x08001b5c   0x08001b5c   0x00000010   Code   RO          140    .text.GPIOA_PA2_AF7_USART2  gpio_config.o
    0x08001b6c   0x08001b6c   0x00000010   Code   RO           68    .text.GPIOA_PA2_AF_Mode  gpio_config.o
    0x08001b7c   0x08001b7c   0x00000010   Code   RO          196    .text.GPIOA_PA2_Output_Speed_HIGH  gpio_config.o
    0x08001b8c   0x08001b8c   0x00000010   Code   RO          142    .text.GPIOA_PA3_AF7_USART2  gpio_config.o
    0x08001b9c   0x08001b9c   0x00000010   Code   RO           70    .text.GPIOA_PA3_AF_Mode  gpio_config.o
    0x08001bac   0x08001bac   0x00000010   Code   RO          198    .text.GPIOA_PA3_Output_Speed_HIGH  gpio_config.o
    0x08001bbc   0x08001bbc   0x00000010   Code   RO           84    .text.GPIOA_PA5_OUTPUT_MODE  gpio_config.o
    0x08001bcc   0x08001bcc   0x00000010   Code   RO          172    .text.GPIOA_PA5_Pull_Down  gpio_config.o
    0x08001bdc   0x08001bdc   0x00000010   Code   RO           86    .text.GPIOA_PA6_OUTPUT_MODE  gpio_config.o
    0x08001bec   0x08001bec   0x00000010   Code   RO          174    .text.GPIOA_PA6_Pull_Down  gpio_config.o
    0x08001bfc   0x08001bfc   0x00000010   Code   RO           88    .text.GPIOA_PA7_OUTPUT_MODE  gpio_config.o
    0x08001c0c   0x08001c0c   0x00000010   Code   RO          176    .text.GPIOA_PA7_Pull_Down  gpio_config.o
    0x08001c1c   0x08001c1c   0x00000010   Code   RO           90    .text.GPIOA_PA8_OUTPUT_MODE  gpio_config.o
    0x08001c2c   0x08001c2c   0x00000010   Code   RO          178    .text.GPIOA_PA8_Pull_Down  gpio_config.o
    0x08001c3c   0x08001c3c   0x00000012   Code   RO          265    .text.GPIOB_CLOCK_ENABLE  rcc_clock_config.o
    0x08001c4e   0x08001c4e   0x00000002   PAD
    0x08001c50   0x08001c50   0x00000012   Code   RO          108    .text.GPIOB_PB10_OUTPUT_MODE  gpio_config.o
    0x08001c62   0x08001c62   0x00000002   PAD
    0x08001c64   0x08001c64   0x00000012   Code   RO          190    .text.GPIOB_PB10_Pull_Down  gpio_config.o
    0x08001c76   0x08001c76   0x00000002   PAD
    0x08001c78   0x08001c78   0x0000001a   Code   RO           96    .text.GPIOB_PB3_OUTPUT_MODE  gpio_config.o
    0x08001c92   0x08001c92   0x00000002   PAD
    0x08001c94   0x08001c94   0x00000012   Code   RO          182    .text.GPIOB_PB3_Pull_Down  gpio_config.o
    0x08001ca6   0x08001ca6   0x00000002   PAD
    0x08001ca8   0x08001ca8   0x0000001a   Code   RO           98    .text.GPIOB_PB4_OUTPUT_MODE  gpio_config.o
    0x08001cc2   0x08001cc2   0x00000002   PAD
    0x08001cc4   0x08001cc4   0x00000012   Code   RO          184    .text.GPIOB_PB4_Pull_Down  gpio_config.o
    0x08001cd6   0x08001cd6   0x00000002   PAD
    0x08001cd8   0x08001cd8   0x0000001a   Code   RO          100    .text.GPIOB_PB5_OUTPUT_MODE  gpio_config.o
    0x08001cf2   0x08001cf2   0x00000002   PAD
    0x08001cf4   0x08001cf4   0x00000012   Code   RO          186    .text.GPIOB_PB5_Pull_Down  gpio_config.o
    0x08001d06   0x08001d06   0x00000002   PAD
    0x08001d08   0x08001d08   0x00000012   Code   RO          146    .text.GPIOB_PB7_AF4_I2C1  gpio_config.o
    0x08001d1a   0x08001d1a   0x00000002   PAD
    0x08001d1c   0x08001d1c   0x00000012   Code   RO           74    .text.GPIOB_PB7_AF_Mode  gpio_config.o
    0x08001d2e   0x08001d2e   0x00000002   PAD
    0x08001d30   0x08001d30   0x00000012   Code   RO          152    .text.GPIOB_PB7_OTYPE_Open_Drain  gpio_config.o
    0x08001d42   0x08001d42   0x00000002   PAD
    0x08001d44   0x08001d44   0x00000012   Code   RO          202    .text.GPIOB_PB7_Output_Speed_HIGH  gpio_config.o
    0x08001d56   0x08001d56   0x00000002   PAD
    0x08001d58   0x08001d58   0x00000012   Code   RO          158    .text.GPIOB_PB7_Pull_Up  gpio_config.o
    0x08001d6a   0x08001d6a   0x00000002   PAD
    0x08001d6c   0x08001d6c   0x00000012   Code   RO          148    .text.GPIOB_PB8_AF4_I2C1  gpio_config.o
    0x08001d7e   0x08001d7e   0x00000002   PAD
    0x08001d80   0x08001d80   0x00000012   Code   RO           76    .text.GPIOB_PB8_AF_Mode  gpio_config.o
    0x08001d92   0x08001d92   0x00000002   PAD
    0x08001d94   0x08001d94   0x00000012   Code   RO          154    .text.GPIOB_PB8_OTYPE_Open_Drain  gpio_config.o
    0x08001da6   0x08001da6   0x00000002   PAD
    0x08001da8   0x08001da8   0x00000012   Code   RO          204    .text.GPIOB_PB8_Output_Speed_HIGH  gpio_config.o
    0x08001dba   0x08001dba   0x00000002   PAD
    0x08001dbc   0x08001dbc   0x00000012   Code   RO          160    .text.GPIOB_PB8_Pull_Up  gpio_config.o
    0x08001dce   0x08001dce   0x00000002   PAD
    0x08001dd0   0x08001dd0   0x00000012   Code   RO          106    .text.GPIOB_PB9_OUTPUT_MODE  gpio_config.o
    0x08001de2   0x08001de2   0x00000002   PAD
    0x08001de4   0x08001de4   0x00000012   Code   RO          188    .text.GPIOB_PB9_Pull_Down  gpio_config.o
    0x08001df6   0x08001df6   0x00000002   PAD
    0x08001df8   0x08001df8   0x00000012   Code   RO          267    .text.GPIOC_CLOCK_ENABLE  rcc_clock_config.o
    0x08001e0a   0x08001e0a   0x00000002   PAD
    0x08001e0c   0x08001e0c   0x00000012   Code   RO          110    .text.GPIOC_PC0_OUTPUT_MODE  gpio_config.o
    0x08001e1e   0x08001e1e   0x00000002   PAD
    0x08001e20   0x08001e20   0x00000012   Code   RO          192    .text.GPIOC_PC0_Pull_Down  gpio_config.o
    0x08001e32   0x08001e32   0x00000002   PAD
    0x08001e34   0x08001e34   0x00000012   Code   RO          285    .text.I2C1_CLOCK_ENABLE  rcc_clock_config.o
    0x08001e46   0x08001e46   0x00000002   PAD
    0x08001e48   0x08001e48   0x00000002   Code   RO           22    .text.I2C1_EV_IRQHandler  main.o
    0x08001e4a   0x08001e4a   0x00000002   PAD
    0x08001e4c   0x08001e4c   0x00000012   Code   RO          219    .text.I2C1_MASTER_CCR_Sm_THigh_FREQ_45  i2c_master.o
    0x08001e5e   0x08001e5e   0x00000002   PAD
    0x08001e60   0x08001e60   0x00000012   Code   RO          217    .text.I2C1_MASTER_CLK_FREQ_45MHZ  i2c_master.o
    0x08001e72   0x08001e72   0x00000002   PAD
    0x08001e74   0x08001e74   0x00000012   Code   RO          231    .text.I2C1_MASTER_ENABLE  i2c_master.o
    0x08001e86   0x08001e86   0x00000002   PAD
    0x08001e88   0x08001e88   0x0000006e   Code   RO          241    .text.I2C1_MASTER_SLAVEADDRESS_TRANSMIT  i2c_master.o
    0x08001ef6   0x08001ef6   0x00000002   PAD
    0x08001ef8   0x08001ef8   0x00000124   Code   RO          245    .text.I2C1_MASTER_SLAVEADDRESS_TRANSMIT_MULTIPLE_BYTE_READ  i2c_master.o
    0x0800201c   0x0800201c   0x000000c2   Code   RO          243    .text.I2C1_MASTER_SLAVEADDRESS_TRANSMIT_SINGLE_BYTE_READ  i2c_master.o
    0x080020de   0x080020de   0x00000002   PAD
    0x080020e0   0x080020e0   0x0000002e   Code   RO          239    .text.I2C1_MASTER_START  i2c_master.o
    0x0800210e   0x0800210e   0x00000002   PAD
    0x08002110   0x08002110   0x00000012   Code   RO          247    .text.I2C1_MASTER_STOP  i2c_master.o
    0x08002122   0x08002122   0x00000002   PAD
    0x08002124   0x08002124   0x0000000e   Code   RO          223    .text.I2C1_MASTER_Sm_TRISE_FREQ_45  i2c_master.o
    0x08002132   0x08002132   0x00000002   PAD
    0x08002134   0x08002134   0x00000044   Code   RO          249    .text.I2C1_MASTER_TRANSMIT  i2c_master.o
    0x08002178   0x08002178   0x0000001a   Code   RO          215    .text.I2C1_Software_Reset  i2c_master.o
    0x08002192   0x08002192   0x00000002   PAD
    0x08002194   0x08002194   0x0000003e   Code   RO          392    .text.LCD_8BIT_WRITE  lcd_driver.o
    0x080021d2   0x080021d2   0x00000002   PAD
    0x080021d4   0x080021d4   0x0000000a   Code   RO          384    .text.LCD_CLEAR_DISPLAY  lcd_driver.o
    0x080021de   0x080021de   0x00000002   PAD
    0x080021e0   0x080021e0   0x0000000a   Code   RO          370    .text.LCD_CURSOR_ON  lcd_driver.o
    0x080021ea   0x080021ea   0x00000002   PAD
    0x080021ec   0x080021ec   0x00000030   Code   RO          394    .text.LCD_ENABLE    lcd_driver.o
    0x0800221c   0x0800221c   0x0000000a   Code   RO          372    .text.LCD_ENTRY_MODE_CURSOR_RIGHT  lcd_driver.o
    0x08002226   0x08002226   0x00000002   PAD
    0x08002228   0x08002228   0x0000000a   Code   RO          388    .text.LCD_FUNCTION_SET_8BIT_INTERFACE  lcd_driver.o
    0x08002232   0x08002232   0x00000002   PAD
    0x08002234   0x08002234   0x0000005c   Code   RO          360    .text.LCD_GPIO_CONFIG  lcd_driver.o
    0x08002290   0x08002290   0x00000036   Code   RO          362    .text.LCD_INIT      lcd_driver.o
    0x080022c6   0x080022c6   0x00000002   PAD
    0x080022c8   0x080022c8   0x0000000a   Code   RO          386    .text.LCD_RETURN_HOME  lcd_driver.o
    0x080022d2   0x080022d2   0x00000002   PAD
    0x080022d4   0x080022d4   0x00000014   Code   RO          398    .text.LCD_SEND_CHAR  lcd_driver.o
    0x080022e8   0x080022e8   0x00000152   Code   RO          364    .text.LCD_SEND_CMD  lcd_driver.o
    0x0800243a   0x0800243a   0x00000002   PAD
    0x0800243c   0x0800243c   0x00000052   Code   RO          404    .text.LCD_SEND_FLOAT_NUM  lcd_driver.o
    0x0800248e   0x0800248e   0x00000002   PAD
    0x08002490   0x08002490   0x00000022   Code   RO          400    .text.LCD_SEND_STRING  lcd_driver.o
    0x080024b2   0x080024b2   0x00000002   PAD
    0x080024b4   0x080024b4   0x0000000a   Code   RO          382    .text.LCD_SHIFT_CURSOR_LEFT  lcd_driver.o
    0x080024be   0x080024be   0x00000002   PAD
    0x080024c0   0x080024c0   0x000000c4   Code   RO            6    .text.READ_SENSOR_ID  main.o
    0x08002584   0x08002584   0x000000d4   Code   RO          261    .text.SysClockConfig  rcc_clock_config.o
    0x08002658   0x08002658   0x00000012   Code   RO          427    .text.SystemInit    system_stm32f4xx.o
    0x0800266a   0x0800266a   0x00000002   PAD
    0x0800266c   0x0800266c   0x00000012   Code   RO          281    .text.TIM6_CLOCK_ENABLE  rcc_clock_config.o
    0x0800267e   0x0800267e   0x00000002   PAD
    0x08002680   0x08002680   0x00000012   Code   RO          283    .text.TIM7_CLOCK_ENABLE  rcc_clock_config.o
    0x08002692   0x08002692   0x00000006   PAD
    0x08002698   0x08002698   0x00000468   Code   RO           14    .text.TIM7_IRQHandler  main.o
    0x08002b00   0x08002b00   0x00000010   Code   RO          300    .text.TIMER6_ARR_MAX  timer_config.o
    0x08002b10   0x08002b10   0x00000030   Code   RO          316    .text.TIMER6_Delay_ms  timer_config.o
    0x08002b40   0x08002b40   0x00000030   Code   RO          318    .text.TIMER6_Delay_s  timer_config.o
    0x08002b70   0x08002b70   0x0000002e   Code   RO          314    .text.TIMER6_Delay_us  timer_config.o
    0x08002b9e   0x08002b9e   0x00000002   PAD
    0x08002ba0   0x08002ba0   0x0000000e   Code   RO          294    .text.TIMER6_PSC_90  timer_config.o
    0x08002bae   0x08002bae   0x00000002   PAD
    0x08002bb0   0x08002bb0   0x00000010   Code   RO          306    .text.TIMER7_ARR_5000  timer_config.o
    0x08002bc0   0x08002bc0   0x00000012   Code   RO          312    .text.Timer7_Interrupt_Enable  timer_config.o
    0x08002bd2   0x08002bd2   0x00000002   PAD
    0x08002bd4   0x08002bd4   0x00000010   Code   RO          298    .text.Timer7_PSC_9000  timer_config.o
    0x08002be4   0x08002be4   0x0000002e   Code   RO          339    .text.UART2_SendChar  usart_config.o
    0x08002c12   0x08002c12   0x00000002   PAD
    0x08002c14   0x08002c14   0x00000022   Code   RO          341    .text.UART2_SendString  usart_config.o
    0x08002c36   0x08002c36   0x00000002   PAD
    0x08002c38   0x08002c38   0x0000001a   Code   RO          333    .text.USART2_Baud_Rate_115200  usart_config.o
    0x08002c52   0x08002c52   0x00000002   PAD
    0x08002c54   0x08002c54   0x00000012   Code   RO          279    .text.USART2_CLOCK_ENABLE  rcc_clock_config.o
    0x08002c66   0x08002c66   0x00000002   PAD
    0x08002c68   0x08002c68   0x00000016   Code   RO          329    .text.USART2_Enable  usart_config.o
    0x08002c7e   0x08002c7e   0x00000002   PAD
    0x08002c80   0x08002c80   0x00000012   Code   RO          337    .text.USART2_Enable_RE  usart_config.o
    0x08002c92   0x08002c92   0x00000002   PAD
    0x08002c94   0x08002c94   0x00000012   Code   RO          335    .text.USART2_Enable_TE  usart_config.o
    0x08002ca6   0x08002ca6   0x00000002   PAD
    0x08002ca8   0x08002ca8   0x0000001c   Code   RO          327    .text.USART2_GPIO_CONFIG  usart_config.o
    0x08002cc4   0x08002cc4   0x00000012   Code   RO          331    .text.USART2_Word_Length_8  usart_config.o
    0x08002cd6   0x08002cd6   0x00000002   PAD
    0x08002cd8   0x08002cd8   0x00000030   Code   RO            4    .text.__NVIC_EnableIRQ  main.o
    0x08002d08   0x08002d08   0x000000ee   Code   RO            2    .text.main          main.o
    0x08002df6   0x08002df6   0x00000002   PAD
    0x08002df8   0x08002df8   0x0000010c   Code   RO            8    .text.readTrimmingParameters  main.o
    0x08002f04   0x08002f04   0x0000003e   Code   RO          700    CL$$btod_d2e        c_w.l(btod.o)
    0x08002f42   0x08002f42   0x00000046   Code   RO          702    CL$$btod_d2e_denorm_low  c_w.l(btod.o)
    0x08002f88   0x08002f88   0x00000060   Code   RO          701    CL$$btod_d2e_norm_op1  c_w.l(btod.o)
    0x08002fe8   0x08002fe8   0x00000338   Code   RO          710    CL$$btod_div_common  c_w.l(btod.o)
    0x08003320   0x08003320   0x000000dc   Code   RO          707    CL$$btod_e2e        c_w.l(btod.o)
    0x080033fc   0x080033fc   0x0000002a   Code   RO          704    CL$$btod_ediv       c_w.l(btod.o)
    0x08003426   0x08003426   0x0000002a   Code   RO          703    CL$$btod_emul       c_w.l(btod.o)
    0x08003450   0x08003450   0x00000244   Code   RO          709    CL$$btod_mult_common  c_w.l(btod.o)
    0x08003694   0x08003694   0x00000030   Code   RO          624    i.__ARM_fpclassify  m_wm.l(fpclassify.o)
    0x080036c4   0x080036c4   0x00000004   PAD
    0x080036c8   0x080036c8   0x00000c60   Code   RO          472    i.__hardfp_pow      m_wm.l(pow.o)
    0x08004328   0x08004328   0x000000f8   Code   RO          626    i.__kernel_poly     m_wm.l(poly.o)
    0x08004420   0x08004420   0x00000030   Code   RO          604    i.__mathlib_dbl_divzero  m_wm.l(dunder.o)
    0x08004450   0x08004450   0x00000014   Code   RO          606    i.__mathlib_dbl_infnan2  m_wm.l(dunder.o)
    0x08004464   0x08004464   0x00000004   PAD
    0x08004468   0x08004468   0x00000020   Code   RO          607    i.__mathlib_dbl_invalid  m_wm.l(dunder.o)
    0x08004488   0x08004488   0x00000020   Code   RO          608    i.__mathlib_dbl_overflow  m_wm.l(dunder.o)
    0x080044a8   0x080044a8   0x00000020   Code   RO          610    i.__mathlib_dbl_underflow  m_wm.l(dunder.o)
    0x080044c8   0x080044c8   0x0000000e   Code   RO          546    i._is_digit         c_w.l(__printf_wp.o)
    0x080044d6   0x080044d6   0x00000018   Code   RO          620    i.fabs              m_wm.l(fabs.o)
    0x080044ee   0x080044ee   0x0000006e   Code   RO          631    i.sqrt              m_wm.l(sqrt.o)
    0x0800455c   0x0800455c   0x0000002c   Code   RO          725    locale$$code        c_w.l(lc_numeric_c.o)
    0x08004588   0x08004588   0x0000002c   Code   RO          750    locale$$code        c_w.l(lc_ctype_c.o)
    0x080045b4   0x080045b4   0x00000018   Code   RO          579    x$fpl$basic         fz_wm.l(basic.o)
    0x080045cc   0x080045cc   0x00000150   Code   RO          452    x$fpl$dadd          fz_wm.l(daddsub_clz.o)
    0x0800471c   0x0800471c   0x00000010   Code   RO          677    x$fpl$dcheck1       fz_wm.l(dcheck1.o)
    0x0800472c   0x0800472c   0x00000018   Code   RO          679    x$fpl$dcmpinf       fz_wm.l(dcmpi.o)
    0x08004744   0x08004744   0x000002b8   Code   RO          461    x$fpl$ddiv          fz_wm.l(ddiv.o)
    0x080049fc   0x080049fc   0x00000078   Code   RO          581    x$fpl$deqf          fz_wm.l(deqf.o)
    0x08004a74   0x08004a74   0x0000002e   Code   RO          465    x$fpl$dflt          fz_wm.l(dflt_clz.o)
    0x08004aa2   0x08004aa2   0x00000026   Code   RO          464    x$fpl$dfltu         fz_wm.l(dflt_clz.o)
    0x08004ac8   0x08004ac8   0x00000078   Code   RO          583    x$fpl$dgeqf         fz_wm.l(dgeqf.o)
    0x08004b40   0x08004b40   0x00000078   Code   RO          585    x$fpl$dleqf         fz_wm.l(dleqf.o)
    0x08004bb8   0x08004bb8   0x00000154   Code   RO          470    x$fpl$dmul          fz_wm.l(dmul.o)
    0x08004d0c   0x08004d0c   0x0000009c   Code   RO          587    x$fpl$dnaninf       fz_wm.l(dnaninf.o)
    0x08004da8   0x08004da8   0x0000000c   Code   RO          589    x$fpl$dretinf       fz_wm.l(dretinf.o)
    0x08004db4   0x08004db4   0x0000006c   Code   RO          591    x$fpl$drleqf        fz_wm.l(drleqf.o)
    0x08004e20   0x08004e20   0x00000016   Code   RO          453    x$fpl$drsb          fz_wm.l(daddsub_clz.o)
    0x08004e36   0x08004e36   0x00000002   PAD
    0x08004e38   0x08004e38   0x00000198   Code   RO          681    x$fpl$dsqrt         fz_wm.l(dsqrt_umaal.o)
    0x08004fd0   0x08004fd0   0x000001dc   Code   RO          454    x$fpl$dsub          fz_wm.l(daddsub_clz.o)
    0x080051ac   0x080051ac   0x00000054   Code   RO          458    x$fpl$fcmp          fz_wm.l(dcmp.o)
    0x08005200   0x08005200   0x0000001a   Code   RO          826    x$fpl$fpinit        fz_wm.l(fpinit.o)
    0x0800521a   0x0800521a   0x00000004   Code   RO          593    x$fpl$printf1       fz_wm.l(printf1.o)
    0x0800521e   0x0800521e   0x00000004   Code   RO          595    x$fpl$printf2       fz_wm.l(printf2.o)
    0x08005222   0x08005222   0x00000064   Code   RO          741    x$fpl$retnan        fz_wm.l(retnan.o)
    0x08005286   0x08005286   0x0000005c   Code   RO          601    x$fpl$scalbn        fz_wm.l(scalbn.o)
    0x080052e2   0x080052e2   0x00000030   Code   RO          805    x$fpl$trapveneer    fz_wm.l(trapv.o)
    0x08005312   0x08005312   0x00000000   Code   RO          603    x$fpl$usenofp       fz_wm.l(usenofp.o)
    0x08005312   0x08005312   0x00000006   PAD
    0x08005318   0x08005318   0x00000088   Data   RO          475    .constdata          m_wm.l(pow.o)
    0x080053a0   0x080053a0   0x00000008   Data   RO          505    .constdata          c_w.l(_printf_wctomb.o)
    0x080053a8   0x080053a8   0x00000028   Data   RO          534    .constdata          c_w.l(_printf_hex_int_ll_ptr.o)
    0x080053d0   0x080053d0   0x00000011   Data   RO          554    .constdata          c_w.l(__printf_flags_ss_wp.o)
    0x080053e1   0x080053e1   0x00000007   PAD
    0x080053e8   0x080053e8   0x00000008   Data   RO          628    .constdata          m_wm.l(qnan.o)
    0x080053f0   0x080053f0   0x00000026   Data   RO          666    .constdata          c_w.l(_printf_fp_hex.o)
    0x08005416   0x08005416   0x00000002   PAD
    0x08005418   0x08005418   0x00000094   Data   RO          698    .constdata          c_w.l(bigflt0.o)
    0x080054ac   0x080054ac   0x000000cc   Data   RO           35    .rodata.str1.1      main.o
    0x08005578   0x08005578   0x00000018   Data   RO          253    .rodata.str1.1      i2c_master.o
    0x08005590   0x08005590   0x00000003   Data   RO          410    .rodata.str1.1      lcd_driver.o
    0x08005593   0x08005593   0x00000001   PAD
    0x08005594   0x08005594   0x00000020   Data   RO          887    Region$$Table       anon$$obj.o
    0x080055b4   0x080055b4   0x0000001c   Data   RO          724    locale$$data        c_w.l(lc_numeric_c.o)
    0x080055d0   0x080055d0   0x00000110   Data   RO          749    locale$$data        c_w.l(lc_ctype_c.o)


    Execution Region ER_RW (Exec base: 0x20000000, Load base: 0x080056e0, Size: 0x00000004, Max: 0xffffffff, ABSOLUTE)

    Exec Addr    Load Addr    Size         Type   Attr      Idx    E Section Name        Object

    0x20000000   0x080056e0   0x00000001   Data   RW           24    .data.tempButton    main.o


    Execution Region ER_ZI (Exec base: 0x20000008, Load base: 0x080056e4, Size: 0x00000710, Max: 0xffffffff, ABSOLUTE)

    Exec Addr    Load Addr    Size         Type   Attr      Idx    E Section Name        Object

    0x20000008        -       0x00000060   Zero   RW          684    .bss                c_w.l(libspace.o)
    0x20000068        -       0x00000032   Zero   RW           36    .bss.RXBuf          main.o
    0x2000009a        -       0x00000001   Zero   RW           29    .bss.altButton      main.o
    0x2000009b        -       0x00000028   Zero   RW           37    .bss.calib          main.o
    0x200000c3   0x080056e4   0x00000005   PAD
    0x200000c8        -       0x00000008   Zero   RW           34    .bss.calibratedAlt  main.o
    0x200000d0        -       0x00000008   Zero   RW           33    .bss.calibratedPress  main.o
    0x200000d8        -       0x00000008   Zero   RW           31    .bss.calibratedTemp  main.o
    0x200000e0        -       0x00000002   Zero   RW           41    .bss.dig_P1         main.o
    0x200000e2        -       0x00000002   Zero   RW           42    .bss.dig_P2         main.o
    0x200000e4        -       0x00000002   Zero   RW           43    .bss.dig_P3         main.o
    0x200000e6        -       0x00000002   Zero   RW           44    .bss.dig_P4         main.o
    0x200000e8        -       0x00000002   Zero   RW           45    .bss.dig_P5         main.o
    0x200000ea        -       0x00000002   Zero   RW           46    .bss.dig_P6         main.o
    0x200000ec        -       0x00000002   Zero   RW           47    .bss.dig_P7         main.o
    0x200000ee        -       0x00000002   Zero   RW           48    .bss.dig_P8         main.o
    0x200000f0        -       0x00000002   Zero   RW           49    .bss.dig_P9         main.o
    0x200000f2        -       0x00000002   Zero   RW           38    .bss.dig_T1         main.o
    0x200000f4        -       0x00000002   Zero   RW           39    .bss.dig_T2         main.o
    0x200000f6        -       0x00000002   Zero   RW           40    .bss.dig_T3         main.o
    0x200000f8        -       0x00000008   Zero   RW           26    .bss.p_reference    main.o
    0x20000100        -       0x00000004   Zero   RW           32    .bss.press          main.o
    0x20000104        -       0x00000001   Zero   RW           28    .bss.pressButton    main.o
    0x20000105   0x080056e4   0x00000003   PAD
    0x20000108        -       0x00000004   Zero   RW           50    .bss.t_fine         main.o
    0x2000010c        -       0x00000004   Zero   RW           30    .bss.temp           main.o
    0x20000110        -       0x00000001   Zero   RW           27    .bss.title          main.o
    0x20000111        -       0x00000001   Zero   RW           25    .bss.trimming       main.o
    0x20000112   0x080056e4   0x00000006   PAD
    0x20000118        -       0x00000200   Zero   RW          418    HEAP                startup_stm32f446xx.o
    0x20000318        -       0x00000400   Zero   RW          417    STACK               startup_stm32f446xx.o


==============================================================================

Image component sizes


      Code (inc. data)   RO Data    RW Data    ZI Data      Debug   Object Name

       676          0          0          0          0       7050   gpio_config.o
       822          0         24          0          0       3710   i2c_master.o
       790          0          3          0          0       4233   lcd_driver.o
      3054         80        204          1        162       8368   main.o
       338          0          0          0          0       2873   rcc_clock_config.o
        64         26        452          0       1536        916   startup_stm32f446xx.o
        18          0          0          0          0       2874   system_stm32f4xx.o
       298          0          0          0          0       2480   timer_config.o
       210          0          0          0          0       2354   usart_config.o

    ----------------------------------------------------------------------
      6408        106        716          4       1712      34858   Object Totals
         0          0         32          0          0          0   (incl. Generated)
       138          0          1          3         14          0   (incl. Padding)

    ----------------------------------------------------------------------

      Code (inc. data)   RO Data    RW Data    ZI Data      Debug   Library Member Name

         8          0          0          0          0         68   __main.o
       392          4         17          0          0         92   __printf_flags_ss_wp.o
        14          0          0          0          0         68   __printf_wp.o
         0          0          0          0          0          0   __rtentry.o
        12          0          0          0          0          0   __rtentry2.o
         6          0          0          0          0          0   __rtentry4.o
        94          8          0          0          0          0   __scatter.o
        26          0          0          0          0          0   __scatter_copy.o
        28          0          0          0          0          0   __scatter_zi.o
        72          0          0          0          0         96   _c16rtomb.o
         6          0          0          0          0          0   _printf_a.o
         6          0          0          0          0          0   _printf_c.o
        44          0          0          0          0        108   _printf_char.o
        48          6          0          0          0         96   _printf_char_common.o
        40          0          0          0          0         68   _printf_charcount.o
         6          0          0          0          0          0   _printf_d.o
       120         16          0          0          0         92   _printf_dec.o
         6          0          0          0          0          0   _printf_e.o
         6          0          0          0          0          0   _printf_f.o
      1052          0          0          0          0        148   _printf_fp_dec.o
       764          8         38          0          0        100   _printf_fp_hex.o
       128         16          0          0          0         84   _printf_fp_infnan.o
         6          0          0          0          0          0   _printf_g.o
       148          4         40          0          0        160   _printf_hex_int_ll_ptr.o
         6          0          0          0          0          0   _printf_i.o
       178          0          0          0          0         88   _printf_intcommon.o
        10          0          0          0          0          0   _printf_l.o
         6          0          0          0          0          0   _printf_lc.o
        10          0          0          0          0          0   _printf_ll.o
         6          0          0          0          0          0   _printf_lld.o
         6          0          0          0          0          0   _printf_lli.o
         6          0          0          0          0          0   _printf_llo.o
         6          0          0          0          0          0   _printf_llu.o
         6          0          0          0          0          0   _printf_llx.o
       124         16          0          0          0         92   _printf_longlong_dec.o
         6          0          0          0          0          0   _printf_ls.o
         6          0          0          0          0          0   _printf_n.o
         6          0          0          0          0          0   _printf_o.o
       112          8          0          0          0        124   _printf_oct_int_ll.o
         6          0          0          0          0          0   _printf_p.o
        78          0          0          0          0        108   _printf_pad.o
         0          0          0          0          0          0   _printf_percent.o
         4          0          0          0          0          0   _printf_percent_end.o
         6          0          0          0          0          0   _printf_s.o
        82          0          0          0          0         80   _printf_str.o
        36          0          0          0          0         84   _printf_truncate.o
         6          0          0          0          0          0   _printf_u.o
        44          0          0          0          0        108   _printf_wchar.o
       188          6          8          0          0         92   _printf_wctomb.o
         6          0          0          0          0          0   _printf_x.o
        22          0          0          0          0        100   _rserrno.o
        10          0          0          0          0         68   _sputc.o
       228          4        148          0          0         96   bigflt0.o
      1936        128          0          0          0        668   btod.o
        18          0          0          0          0         80   exit.o
         6          0          0          0          0        152   heapauxi.o
         0          0          0          0          0          0   indicate_semi.o
        44         10        272          0          0         76   lc_ctype_c.o
        44         10         28          0          0         76   lc_numeric_c.o
         2          0          0          0          0          0   libinit.o
        34          0          0          0          0          0   libinit2.o
         2          0          0          0          0          0   libshutdown.o
         2          0          0          0          0          0   libshutdown2.o
         8          4          0          0         96         68   libspace.o
       116          0          0          0          0         84   llsdiv.o
       138          0          0          0          0         80   lludiv10.o
       240          0          0          0          0        100   lludivv7m.o
        16          4          0          0          0         76   rt_ctype_table.o
         8          4          0          0          0         68   rt_errno_addr_intlibspace.o
         8          4          0          0          0         68   rt_locale_intlibspace.o
         2          0          0          0          0          0   rtexit.o
        10          0          0          0          0          0   rtexit2.o
        44          6          0          0          0         84   sprintf.o
       124          0          0          0          0         88   strcmpv7em.o
        62          0          0          0          0         76   strlen.o
        12          4          0          0          0         68   sys_exit.o
        74          0          0          0          0         80   sys_stackheap_outer.o
         2          0          0          0          0         68   use_no_semi.o
        24          0          0          0          0        164   basic.o
       834         16          0          0          0        516   daddsub_clz.o
        16          4          0          0          0        116   dcheck1.o
        84          0          0          0          0        244   dcmp.o
        24          0          0          0          0        116   dcmpi.o
       696        140          0          0          0        264   ddiv.o
       120          4          0          0          0        140   deqf.o
        84          0          0          0          0        232   dflt_clz.o
       120          4          0          0          0        140   dgeqf.o
       120          4          0          0          0        140   dleqf.o
       340         12          0          0          0        152   dmul.o
       156          4          0          0          0        140   dnaninf.o
        12          0          0          0          0        116   dretinf.o
       108          0          0          0          0        128   drleqf.o
       408         56          0          0          0        168   dsqrt_umaal.o
        26          0          0          0          0        116   fpinit.o
         4          0          0          0          0        116   printf1.o
         4          0          0          0          0        116   printf2.o
       100          0          0          0          0        116   retnan.o
        92          0          0          0          0        116   scalbn.o
        48          0          0          0          0        116   trapv.o
         0          0          0          0          0          0   usenofp.o
       164         44          0          0          0        620   dunder.o
        24          0          0          0          0        124   fabs.o
        48          0          0          0          0        124   fpclassify.o
       248          0          0          0          0        152   poly.o
      3168        296        136          0          0        352   pow.o
         0          0          8          0          0          0   qnan.o
       110          0          0          0          0        148   sqrt.o

    ----------------------------------------------------------------------
     14412        854        704          0         96       9272   Library Totals
        36          0          9          0          0          0   (incl. Padding)

    ----------------------------------------------------------------------

      Code (inc. data)   RO Data    RW Data    ZI Data      Debug   Library Name

      7194        270        551          0         96       4280   c_w.l
      3420        244          0          0          0       3472   fz_wm.l
      3762        340        144          0          0       1520   m_wm.l

    ----------------------------------------------------------------------
     14412        854        704          0         96       9272   Library Totals

    ----------------------------------------------------------------------

==============================================================================


      Code (inc. data)   RO Data    RW Data    ZI Data      Debug   

     20820        960       1420          4       1808      38570   Grand Totals
     20820        960       1420          4       1808      38570   ELF Image Totals
     20820        960       1420          4          0          0   ROM Totals

==============================================================================

    Total RO  Size (Code + RO Data)                22240 (  21.72kB)
    Total RW  Size (RW Data + ZI Data)              1812 (   1.77kB)
    Total ROM Size (Code + RO Data + RW Data)      22244 (  21.72kB)

==============================================================================

